Archive member included to satisfy reference by file (symbol)

c:/program files (x86)/atmel/studio/7.0/toolchain/arm/arm-gnu-toolchain/bin/../lib/gcc/arm-none-eabi/6.2.1/thumb/v6-m\libgcc.a(_udivsi3.o)
                              src/ASF/common2/services/delay/sam0/systick_counter.o (__aeabi_uidiv)
c:/program files (x86)/atmel/studio/7.0/toolchain/arm/arm-gnu-toolchain/bin/../lib/gcc/arm-none-eabi/6.2.1/thumb/v6-m\libgcc.a(_divsi3.o)
                              src/main.o (__aeabi_idiv)
c:/program files (x86)/atmel/studio/7.0/toolchain/arm/arm-gnu-toolchain/bin/../lib/gcc/arm-none-eabi/6.2.1/thumb/v6-m\libgcc.a(_dvmd_tls.o)
                              c:/program files (x86)/atmel/studio/7.0/toolchain/arm/arm-gnu-toolchain/bin/../lib/gcc/arm-none-eabi/6.2.1/thumb/v6-m\libgcc.a(_udivsi3.o) (__aeabi_idiv0)
c:/program files (x86)/atmel/studio/7.0/toolchain/arm/arm-gnu-toolchain/bin/../lib/gcc/arm-none-eabi/6.2.1/thumb/v6-m\libgcc.a(_arm_cmpdf2.o)
                              src/main.o (__aeabi_dcmpgt)
c:/program files (x86)/atmel/studio/7.0/toolchain/arm/arm-gnu-toolchain/bin/../lib/gcc/arm-none-eabi/6.2.1/thumb/v6-m\libgcc.a(_arm_cmpsf2.o)
                              src/main.o (__aeabi_fcmpeq)
c:/program files (x86)/atmel/studio/7.0/toolchain/arm/arm-gnu-toolchain/bin/../lib/gcc/arm-none-eabi/6.2.1/thumb/v6-m\libgcc.a(_muldi3.o)
                              src/ASF/sam0/drivers/sercom/sercom.o (__aeabi_lmul)
c:/program files (x86)/atmel/studio/7.0/toolchain/arm/arm-gnu-toolchain/bin/../lib/gcc/arm-none-eabi/6.2.1/thumb/v6-m\libgcc.a(divsf3.o)
                              src/main.o (__aeabi_fdiv)
c:/program files (x86)/atmel/studio/7.0/toolchain/arm/arm-gnu-toolchain/bin/../lib/gcc/arm-none-eabi/6.2.1/thumb/v6-m\libgcc.a(eqsf2.o)
                              c:/program files (x86)/atmel/studio/7.0/toolchain/arm/arm-gnu-toolchain/bin/../lib/gcc/arm-none-eabi/6.2.1/thumb/v6-m\libgcc.a(_arm_cmpsf2.o) (__eqsf2)
c:/program files (x86)/atmel/studio/7.0/toolchain/arm/arm-gnu-toolchain/bin/../lib/gcc/arm-none-eabi/6.2.1/thumb/v6-m\libgcc.a(gesf2.o)
                              c:/program files (x86)/atmel/studio/7.0/toolchain/arm/arm-gnu-toolchain/bin/../lib/gcc/arm-none-eabi/6.2.1/thumb/v6-m\libgcc.a(_arm_cmpsf2.o) (__gesf2)
c:/program files (x86)/atmel/studio/7.0/toolchain/arm/arm-gnu-toolchain/bin/../lib/gcc/arm-none-eabi/6.2.1/thumb/v6-m\libgcc.a(lesf2.o)
                              c:/program files (x86)/atmel/studio/7.0/toolchain/arm/arm-gnu-toolchain/bin/../lib/gcc/arm-none-eabi/6.2.1/thumb/v6-m\libgcc.a(_arm_cmpsf2.o) (__lesf2)
c:/program files (x86)/atmel/studio/7.0/toolchain/arm/arm-gnu-toolchain/bin/../lib/gcc/arm-none-eabi/6.2.1/thumb/v6-m\libgcc.a(floatsisf.o)
                              src/main.o (__aeabi_i2f)
c:/program files (x86)/atmel/studio/7.0/toolchain/arm/arm-gnu-toolchain/bin/../lib/gcc/arm-none-eabi/6.2.1/thumb/v6-m\libgcc.a(eqdf2.o)
                              c:/program files (x86)/atmel/studio/7.0/toolchain/arm/arm-gnu-toolchain/bin/../lib/gcc/arm-none-eabi/6.2.1/thumb/v6-m\libgcc.a(_arm_cmpdf2.o) (__eqdf2)
c:/program files (x86)/atmel/studio/7.0/toolchain/arm/arm-gnu-toolchain/bin/../lib/gcc/arm-none-eabi/6.2.1/thumb/v6-m\libgcc.a(gedf2.o)
                              c:/program files (x86)/atmel/studio/7.0/toolchain/arm/arm-gnu-toolchain/bin/../lib/gcc/arm-none-eabi/6.2.1/thumb/v6-m\libgcc.a(_arm_cmpdf2.o) (__gedf2)
c:/program files (x86)/atmel/studio/7.0/toolchain/arm/arm-gnu-toolchain/bin/../lib/gcc/arm-none-eabi/6.2.1/thumb/v6-m\libgcc.a(ledf2.o)
                              c:/program files (x86)/atmel/studio/7.0/toolchain/arm/arm-gnu-toolchain/bin/../lib/gcc/arm-none-eabi/6.2.1/thumb/v6-m\libgcc.a(_arm_cmpdf2.o) (__ledf2)
c:/program files (x86)/atmel/studio/7.0/toolchain/arm/arm-gnu-toolchain/bin/../lib/gcc/arm-none-eabi/6.2.1/thumb/v6-m\libgcc.a(extendsfdf2.o)
                              src/main.o (__aeabi_f2d)
c:/program files (x86)/atmel/studio/7.0/toolchain/arm/arm-gnu-toolchain/bin/../lib/gcc/arm-none-eabi/6.2.1/thumb/v6-m\libgcc.a(_clzsi2.o)
                              c:/program files (x86)/atmel/studio/7.0/toolchain/arm/arm-gnu-toolchain/bin/../lib/gcc/arm-none-eabi/6.2.1/thumb/v6-m\libgcc.a(divsf3.o) (__clzsi2)
c:/program files (x86)/atmel/studio/7.0/toolchain/arm/arm-gnu-toolchain/bin/../lib/gcc/arm-none-eabi/6.2.1/../../../../arm-none-eabi/lib/thumb/v6-m\libc_nano.a(lib_a-exit.o)
                              c:/program files (x86)/atmel/studio/7.0/toolchain/arm/arm-gnu-toolchain/bin/../lib/gcc/arm-none-eabi/6.2.1/../../../../arm-none-eabi/lib/thumb/v6-m/crt0.o (exit)
c:/program files (x86)/atmel/studio/7.0/toolchain/arm/arm-gnu-toolchain/bin/../lib/gcc/arm-none-eabi/6.2.1/../../../../arm-none-eabi/lib/thumb/v6-m\libc_nano.a(lib_a-impure.o)
[...]
Memory Configuration

Name             Origin             Length             Attributes
rom              0x00000000         0x00040000         xr
ram              0x20000000         0x00008000         xrw
*default*        0x00000000         0xffffffff

Linker script and memory map

LOAD c:/program files (x86)/atmel/studio/7.0/toolchain/arm/arm-gnu-toolchain/bin/../lib/gcc/arm-none-eabi/6.2.1/thumb/v6-m/crti.o
LOAD c:/program files (x86)/atmel/studio/7.0/toolchain/arm/arm-gnu-toolchain/bin/../lib/gcc/arm-none-eabi/6.2.1/thumb/v6-m/crtbegin.o
LOAD c:/program files (x86)/atmel/studio/7.0/toolchain/arm/arm-gnu-toolchain/bin/../lib/gcc/arm-none-eabi/6.2.1/../../../../arm-none-eabi/lib/thumb/v6-m/crt0.o
LOAD src/ASF/common2/services/delay/sam0/systick_counter.o
LOAD src/ASF/sam0/drivers/events/events_hooks.o
LOAD src/ASF/sam0/drivers/events/events_sam_d_r_h/events.o
LOAD src/ASF/sam0/drivers/extint/extint_callback.o
LOAD src/ASF/sam0/drivers/extint/extint_sam_d_r_h/extint.o
LOAD src/ASF/sam0/drivers/sercom/sercom.o
LOAD src/ASF/sam0/drivers/tc/tc_sam_d_r_h/tc.o
LOAD src/ASF/sam0/utils/stdio/read.o
LOAD src/ASF/sam0/utils/stdio/write.o
LOAD src/ASF/sam0/drivers/sercom/usart/usart.o
LOAD src/ASF/sam0/drivers/sercom/usart/usart_interrupt.o
LOAD src/ASF/sam0/drivers/sercom/sercom_interrupt.o
LOAD src/ASF/common/utils/interrupt/interrupt_sam_nvic.o
LOAD src/ASF/sam0/boards/samr21_xplained_pro/board_init.o
LOAD src/ASF/sam0/drivers/port/port.o
LOAD src/ASF/sam0/drivers/system/clock/clock_samd21_r21_da_ha1/clock.o
LOAD src/ASF/sam0/drivers/system/clock/clock_samd21_r21_da_ha1/gclk.o
LOAD src/ASF/sam0/drivers/system/interrupt/system_interrupt.o
LOAD src/ASF/sam0/drivers/system/pinmux/pinmux.o
LOAD src/ASF/sam0/drivers/system/system.o
LOAD src/ASF/sam0/utils/cmsis/samr21/source/gcc/startup_samr21.o
LOAD src/ASF/sam0/utils/cmsis/samr21/source/system_samr21.o
LOAD src/ASF/sam0/utils/syscalls/gcc/syscalls.o
LOAD src/main.o
START GROUP
LOAD ../src/ASF/thirdparty/CMSIS/Lib/GCC\libarm_cortexM0l_math.a
LOAD c:/program files (x86)/atmel/studio/7.0/toolchain/arm/arm-gnu-toolchain/bin/../lib/gcc/arm-none-eabi/6.2.1/../../../../arm-none-eabi/lib/thumb/v6-m\libm.a
END GROUP
START GROUP
LOAD c:/program files (x86)/atmel/studio/7.0/toolchain/arm/arm-gnu-toolchain/bin/../lib/gcc/arm-none-eabi/6.2.1/thumb/v6-m\libgcc.a
LOAD c:/program files (x86)/atmel/studio/7.0/toolchain/arm/arm-gnu-toolchain/bin/../lib/gcc/arm-none-eabi/6.2.1/../../../../arm-none-eabi/lib/thumb/v6-m\libc_nano.a
END GROUP
START GROUP
LOAD c:/program files (x86)/atmel/studio/7.0/toolchain/arm/arm-gnu-toolchain/bin/../lib/gcc/arm-none-eabi/6.2.1/thumb/v6-m\libgcc.a
LOAD c:/program files (x86)/atmel/studio/7.0/toolchain/arm/arm-gnu-toolchain/bin/../lib/gcc/arm-none-eabi/6.2.1/../../../../arm-none-eabi/lib/thumb/v6-m\libc_nano.a
END GROUP
LOAD c:/program files (x86)/atmel/studio/7.0/toolchain/arm/arm-gnu-toolchain/bin/../lib/gcc/arm-none-eabi/6.2.1/thumb/v6-m/crtend.o
LOAD c:/program files (x86)/atmel/studio/7.0/toolchain/arm/arm-gnu-toolchain/bin/../lib/gcc/arm-none-eabi/6.2.1/thumb/v6-m/crtn.o
                0x00002000                STACK_SIZE = DEFINED (STACK_SIZE)?STACK_SIZE:DEFINED (__stack_size__)?__stack_size__:0x2000

.text           0x00000000     0x3b60
                0x00000000                . = ALIGN (0x4)
                0x00000000                _sfixed = .
 *(.vectors .vectors.*)
 .vectors       0x00000000       0xb4 src/ASF/sam0/utils/cmsis/samr21/source/gcc/startup_samr21.o
                0x00000000                exception_table
 *(.text .text.* .gnu.linkonce.t.*)
 .text          0x000000b4       0x60 c:/program files (x86)/atmel/studio/7.0/toolchain/arm/arm-gnu-toolchain/bin/../lib/gcc/arm-none-eabi/6.2.1/thumb/v6-m/crtbegin.o
 .text.delay_init
                0x00000114       0x40 src/ASF/common2/services/delay/sam0/systick_counter.o
                0x00000114                delay_init
 .text.delay_cycles_ms
                0x00000154       0x2c src/ASF/common2/services/delay/sam0/systick_counter.o
                0x00000154                delay_cycles_ms
 .text.EVSYS_Handler
                0x00000180       0x3c src/ASF/sam0/drivers/events/events_hooks.o
                0x00000180                EVSYS_Handler
 .text._system_events_init
                0x000001bc       0x24 src/ASF/sam0/drivers/events/events_sam_d_r_h/events.o
                0x000001bc                _system_events_init
 .text.EIC_Handler
                0x000001e0       0x54 src/ASF/sam0/drivers/extint/extint_callback.o
                0x000001e0                EIC_Handler
 .text._extint_enable
                0x00000234       0x18 src/ASF/sam0/drivers/extint/extint_sam_d_r_h/extint.o
 .text._system_extint_init
                0x0000024c       0x6c src/ASF/sam0/drivers/extint/extint_sam_d_r_h/extint.o
                0x0000024c                _system_extint_init
 .text.long_division
                0x000002b8       0xba src/ASF/sam0/drivers/sercom/sercom.o
 .text._sercom_get_sync_baud_val
                0x00000372       0x28 src/ASF/sam0/drivers/sercom/sercom.o
                0x00000372                _sercom_get_sync_baud_val
 *fill*         0x0000039a        0x2 
 .text._sercom_get_async_baud_val
                0x0000039c       0x94 src/ASF/sam0/drivers/sercom/sercom.o
                0x0000039c                _sercom_get_async_baud_val
 .text.sercom_set_gclk_generator
                0x00000430       0x4c src/ASF/sam0/drivers/sercom/sercom.o
                0x00000430                sercom_set_gclk_generator
 .text._sercom_get_default_pad
                0x0000047c      0x178 src/ASF/sam0/drivers/sercom/sercom.o
                0x0000047c                _sercom_get_default_pad
 .text._sercom_get_sercom_inst_index
                0x000005f4       0x38 src/ASF/sam0/drivers/sercom/sercom.o
                0x000005f4                _sercom_get_sercom_inst_index
 .text._tc_get_inst_index
                0x0000062c       0x38 src/ASF/sam0/drivers/tc/tc_sam_d_r_h/tc.o
                0x0000062c                _tc_get_inst_index
 .text.tc_init  0x00000664      0x224 src/ASF/sam0/drivers/tc/tc_sam_d_r_h/tc.o
                0x00000664                tc_init
 .text.tc_get_count_value
                0x00000888       0x2c src/ASF/sam0/drivers/tc/tc_sam_d_r_h/tc.o
                0x00000888                tc_get_count_value
 .text._read    0x000008b4       0x44 src/ASF/sam0/utils/stdio/read.o
                0x000008b4                _read
 .text._write   0x000008f8       0x50 src/ASF/sam0/utils/stdio/write.o
                0x000008f8                _write
 .text.usart_init
                0x00000948      0x344 src/ASF/sam0/drivers/sercom/usart/usart.o
                0x00000948                usart_init
 .text.usart_write_wait
                0x00000c8c       0x2c src/ASF/sam0/drivers/sercom/usart/usart.o
                0x00000c8c                usart_write_wait
 .text.usart_read_wait
                0x00000cb8       0x70 src/ASF/sam0/drivers/sercom/usart/usart.o
                0x00000cb8                usart_read_wait
 .text._usart_interrupt_handler
                0x00000d28      0x194 src/ASF/sam0/drivers/sercom/usart/usart_interrupt.o
                0x00000d28                _usart_interrupt_handler
 .text._sercom_default_handler
                0x00000ebc        0x2 src/ASF/sam0/drivers/sercom/sercom_interrupt.o
 *fill*         0x00000ebe        0x2 
 .text._sercom_set_handler
                0x00000ec0       0x3c src/ASF/sam0/drivers/sercom/sercom_interrupt.o
                0x00000ec0                _sercom_set_handler
 .text._sercom_get_interrupt_vector
                0x00000efc       0x30 src/ASF/sam0/drivers/sercom/sercom_interrupt.o
                0x00000efc                _sercom_get_interrupt_vector
 .text.SERCOM0_Handler
                0x00000f2c       0x10 src/ASF/sam0/drivers/sercom/sercom_interrupt.o
                0x00000f2c                SERCOM0_Handler
 .text.SERCOM1_Handler
                0x00000f3c       0x10 src/ASF/sam0/drivers/sercom/sercom_interrupt.o
                0x00000f3c                SERCOM1_Handler
 .text.SERCOM2_Handler
                0x00000f4c       0x10 src/ASF/sam0/drivers/sercom/sercom_interrupt.o
                0x00000f4c                SERCOM2_Handler
 .text.SERCOM3_Handler
                0x00000f5c       0x10 src/ASF/sam0/drivers/sercom/sercom_interrupt.o
                0x00000f5c                SERCOM3_Handler
 .text.SERCOM4_Handler
                0x00000f6c       0x10 src/ASF/sam0/drivers/sercom/sercom_interrupt.o
                0x00000f6c                SERCOM4_Handler
 .text.SERCOM5_Handler
                0x00000f7c       0x10 src/ASF/sam0/drivers/sercom/sercom_interrupt.o
                0x00000f7c                SERCOM5_Handler
 .text.cpu_irq_enter_critical
                0x00000f8c       0x40 src/ASF/common/utils/interrupt/interrupt_sam_nvic.o
                0x00000f8c                cpu_irq_enter_critical
 .text.cpu_irq_leave_critical
                0x00000fcc       0x30 src/ASF/common/utils/interrupt/interrupt_sam_nvic.o
                0x00000fcc                cpu_irq_leave_critical
 .text.system_board_init
                0x00000ffc       0x38 src/ASF/sam0/boards/samr21_xplained_pro/board_init.o
                0x00000ffc                board_init
                0x00000ffc                system_board_init
 .text.port_pin_set_config
                0x00001034       0x24 src/ASF/sam0/drivers/port/port.o
                0x00001034                port_pin_set_config
 .text.system_clock_source_get_hz
                0x00001058       0x90 src/ASF/sam0/drivers/system/clock/clock_samd21_r21_da_ha1/clock.o
                0x00001058                system_clock_source_get_hz
 .text.system_clock_source_osc8m_set_config
                0x000010e8       0x3c src/ASF/sam0/drivers/system/clock/clock_samd21_r21_da_ha1/clock.o
                0x000010e8                system_clock_source_osc8m_set_config
 .text.system_clock_source_enable
                0x00001124       0xa8 src/ASF/sam0/drivers/system/clock/clock_samd21_r21_da_ha1/clock.o
                0x00001124                system_clock_source_enable
 .text.system_clock_init
                0x000011cc       0xbc src/ASF/sam0/drivers/system/clock/clock_samd21_r21_da_ha1/clock.o
                0x000011cc                system_clock_init
 .text.system_gclk_init
                0x00001288       0x24 src/ASF/sam0/drivers/system/clock/clock_samd21_r21_da_ha1/gclk.o
                0x00001288                system_gclk_init
 .text.system_gclk_gen_set_config
                0x000012ac       0xb8 src/ASF/sam0/drivers/system/clock/clock_samd21_r21_da_ha1/gclk.o
                0x000012ac                system_gclk_gen_set_config
 .text.system_gclk_gen_enable
                0x00001364       0x44 src/ASF/sam0/drivers/system/clock/clock_samd21_r21_da_ha1/gclk.o
                0x00001364                system_gclk_gen_enable
 .text.system_gclk_gen_get_hz
                0x000013a8       0x8c src/ASF/sam0/drivers/system/clock/clock_samd21_r21_da_ha1/gclk.o
                0x000013a8                system_gclk_gen_get_hz
 .text.system_gclk_chan_enable
                0x00001434       0x30 src/ASF/sam0/drivers/system/clock/clock_samd21_r21_da_ha1/gclk.o
                0x00001434                system_gclk_chan_enable
 .text.system_gclk_chan_disable
                0x00001464       0x5c src/ASF/sam0/drivers/system/clock/clock_samd21_r21_da_ha1/gclk.o
                0x00001464                system_gclk_chan_disable
 .text.system_gclk_chan_set_config
                0x000014c0       0x1c src/ASF/sam0/drivers/system/clock/clock_samd21_r21_da_ha1/gclk.o
                0x000014c0                system_gclk_chan_set_config
 .text.system_gclk_chan_get_hz
                0x000014dc       0x34 src/ASF/sam0/drivers/system/clock/clock_samd21_r21_da_ha1/gclk.o
                0x000014dc                system_gclk_chan_get_hz
 .text._system_pinmux_config
                0x00001510       0xa8 src/ASF/sam0/drivers/system/pinmux/pinmux.o
 .text.system_pinmux_pin_set_config
                0x000015b8       0x30 src/ASF/sam0/drivers/system/pinmux/pinmux.o
                0x000015b8                system_pinmux_pin_set_config
 .text._system_dummy_init
                0x000015e8        0x2 src/ASF/sam0/drivers/system/system.o
                0x000015e8                _system_dummy_init
                0x000015e8                _system_divas_init
 *fill*         0x000015ea        0x2 
 .text.system_init
                0x000015ec       0x2c src/ASF/sam0/drivers/system/system.o
                0x000015ec                system_init
 .text.Dummy_Handler
                0x00001618        0x2 src/ASF/sam0/utils/cmsis/samr21/source/gcc/startup_samr21.o
                0x00001618                DMAC_Handler
                0x00001618                HardFault_Handler
                0x00001618                AC_Handler
                0x00001618                SysTick_Handler
                0x00001618                PendSV_Handler
                0x00001618                NMI_Handler
                0x00001618                ADC_Handler
                0x00001618                TCC1_Handler
                0x00001618                TCC0_Handler
                0x00001618                RTC_Handler
                0x00001618                WDT_Handler
                0x00001618                TC4_Handler
                0x00001618                USB_Handler
                0x00001618                TC3_Handler
                0x00001618                Dummy_Handler
                0x00001618                PM_Handler
                0x00001618                SVC_Handler
                0x00001618                TCC2_Handler
                0x00001618                NVMCTRL_Handler
                0x00001618                PTC_Handler
                0x00001618                TC5_Handler
                0x00001618                SYSCTRL_Handler
 *fill*         0x0000161a        0x2 
 .text.Reset_Handler
                0x0000161c       0xe4 src/ASF/sam0/utils/cmsis/samr21/source/gcc/startup_samr21.o
                0x0000161c                Reset_Handler
 .text._sbrk    0x00001700       0x24 src/ASF/sam0/utils/syscalls/gcc/syscalls.o
                0x00001700                _sbrk
 .text._close   0x00001724        0x6 src/ASF/sam0/utils/syscalls/gcc/syscalls.o
                0x00001724                _close
 .text._fstat   0x0000172a        0xa src/ASF/sam0/utils/syscalls/gcc/syscalls.o
                0x0000172a                _fstat
 .text._isatty  0x00001734        0x4 src/ASF/sam0/utils/syscalls/gcc/syscalls.o
                0x00001734                _isatty
 .text._lseek   0x00001738        0x4 src/ASF/sam0/utils/syscalls/gcc/syscalls.o
                0x00001738                _lseek
 .text.usart_serial_getchar
                0x0000173c       0x2c src/main.o
 .text.usart_serial_putchar
                0x00001768       0x18 src/main.o
 .text.get_label
                0x00001780       0xd4 src/main.o
                0x00001780                get_label
 .text.get_max  0x00001854       0x28 src/main.o
                0x00001854                get_max
 .text.get_min  0x0000187c       0x28 src/main.o
                0x0000187c                get_min
 .text.transferhz
                0x000018a4       0x94 src/main.o
                0x000018a4                transferhz
 .text.get_color_string
                0x00001938       0x50 src/main.o
                0x00001938                get_color_string
 .text.get_color
                0x00001988       0xb0 src/main.o
                0x00001988                get_color
 .text.basic_pin_setting
                0x00001a38       0x68 src/main.o
                0x00001a38                basic_pin_setting
 .text.configure_usart
                0x00001aa0      0x108 src/main.o
                0x00001aa0                configure_usart
 .text.configure_tc
                0x00001ba8       0x68 src/main.o
                0x00001ba8                configure_tc
 .text.main     0x00001c10      0x16c src/main.o
                0x00001c10                main
 .text          0x00001d7c      0x114 c:/program files (x86)/atmel/studio/7.0/toolchain/arm/arm-gnu-toolchain/bin/../lib/gcc/arm-none-eabi/6.2.1/thumb/v6-m\libgcc.a(_udivsi3.o)
                0x00001d7c                __aeabi_uidiv
                0x00001d7c                __udivsi3
                0x00001e88                __aeabi_uidivmod
 .text          0x00001e90      0x1d4 c:/program files (x86)/atmel/studio/7.0/toolchain/arm/arm-gnu-toolchain/bin/../lib/gcc/arm-none-eabi/6.2.1/thumb/v6-m\libgcc.a(_divsi3.o)
                0x00001e90                __divsi3
                0x00001e90                __aeabi_idiv
                0x0000205c                __aeabi_idivmod
 .text          0x00002064        0x4 c:/program files (x86)/atmel/studio/7.0/toolchain/arm/arm-gnu-toolchain/bin/../lib/gcc/arm-none-eabi/6.2.1/thumb/v6-m\libgcc.a(_dvmd_tls.o)
                0x00002064                __aeabi_idiv0
                0x00002064                __aeabi_ldiv0
 .text          0x00002068       0x7c c:/program files (x86)/atmel/studio/7.0/toolchain/arm/arm-gnu-toolchain/bin/../lib/gcc/arm-none-eabi/6.2.1/thumb/v6-m\libgcc.a(_arm_cmpdf2.o)
                0x00002068                __aeabi_cdrcmple
                0x00002078                __aeabi_cdcmple
                0x00002078                __aeabi_cdcmpeq
                0x00002088                __aeabi_dcmpeq
                0x00002094                __aeabi_dcmplt
                0x000020a8                __aeabi_dcmple
                0x000020bc                __aeabi_dcmpgt
                0x000020d0                __aeabi_dcmpge
 .text          0x000020e4       0x74 c:/program files (x86)/atmel/studio/7.0/toolchain/arm/arm-gnu-toolchain/bin/../lib/gcc/arm-none-eabi/6.2.1/thumb/v6-m\libgcc.a(_arm_cmpsf2.o)
                0x000020e4                __aeabi_cfrcmple
                0x000020ec                __aeabi_cfcmpeq
                0x000020ec                __aeabi_cfcmple
                0x000020fc                __aeabi_fcmpeq
                0x00002108                __aeabi_fcmplt
                0x0000211c                __aeabi_fcmple
                0x00002130                __aeabi_fcmpgt
                0x00002144                __aeabi_fcmpge
 .text          0x00002158       0x54 c:/program files (x86)/atmel/studio/7.0/toolchain/arm/arm-gnu-toolchain/bin/../lib/gcc/arm-none-eabi/6.2.1/thumb/v6-m\libgcc.a(_muldi3.o)
                0x00002158                __muldi3
                0x00002158                __aeabi_lmul
 .text          0x000021ac      0x290 c:/program files (x86)/atmel/studio/7.0/toolchain/arm/arm-gnu-toolchain/bin/../lib/gcc/arm-none-eabi/6.2.1/thumb/v6-m\libgcc.a(divsf3.o)
                0x000021ac                __aeabi_fdiv
 .text          0x0000243c       0x4c c:/program files (x86)/atmel/studio/7.0/toolchain/arm/arm-gnu-toolchain/bin/../lib/gcc/arm-none-eabi/6.2.1/thumb/v6-m\libgcc.a(eqsf2.o)
                0x0000243c                __eqsf2
                0x0000243c                __nesf2
 .text          0x00002488       0x80 c:/program files (x86)/atmel/studio/7.0/toolchain/arm/arm-gnu-toolchain/bin/../lib/gcc/arm-none-eabi/6.2.1/thumb/v6-m\libgcc.a(gesf2.o)
                0x00002488                __gesf2
                0x00002488                __gtsf2
 .text          0x00002508       0x84 c:/program files (x86)/atmel/studio/7.0/toolchain/arm/arm-gnu-toolchain/bin/../lib/gcc/arm-none-eabi/6.2.1/thumb/v6-m\libgcc.a(lesf2.o)
                0x00002508                __ltsf2
                0x00002508                __lesf2
 .text          0x0000258c       0xa0 c:/program files (x86)/atmel/studio/7.0/toolchain/arm/arm-gnu-toolchain/bin/../lib/gcc/arm-none-eabi/6.2.1/thumb/v6-m\libgcc.a(floatsisf.o)
                0x0000258c                __aeabi_i2f
 .text          0x0000262c       0x74 c:/program files (x86)/atmel/studio/7.0/toolchain/arm/arm-gnu-toolchain/bin/../lib/gcc/arm-none-eabi/6.2.1/thumb/v6-m\libgcc.a(eqdf2.o)
                0x0000262c                __nedf2
                0x0000262c                __eqdf2
 .text          0x000026a0       0xc8 c:/program files (x86)/atmel/studio/7.0/toolchain/arm/arm-gnu-toolchain/bin/../lib/gcc/arm-none-eabi/6.2.1/thumb/v6-m\libgcc.a(gedf2.o)
                0x000026a0                __gedf2
                0x000026a0                __gtdf2
 .text          0x00002768       0xc4 c:/program files (x86)/atmel/studio/7.0/toolchain/arm/arm-gnu-toolchain/bin/../lib/gcc/arm-none-eabi/6.2.1/thumb/v6-m\libgcc.a(ledf2.o)
                0x00002768                __ledf2
                0x00002768                __ltdf2
 .text          0x0000282c       0xa4 c:/program files (x86)/atmel/studio/7.0/toolchain/arm/arm-gnu-toolchain/bin/../lib/gcc/arm-none-eabi/6.2.1/thumb/v6-m\libgcc.a(extendsfdf2.o)
                0x0000282c                __aeabi_f2d
 .text          0x000028d0       0x3c c:/program files (x86)/atmel/studio/7.0/toolchain/arm/arm-gnu-toolchain/bin/../lib/gcc/arm-none-eabi/6.2.1/thumb/v6-m\libgcc.a(_clzsi2.o)
                0x000028d0                __clzsi2
 .text.__libc_init_array
                0x0000290c       0x48 c:/program files (x86)/atmel/studio/7.0/toolchain/arm/arm-gnu-toolchain/bin/../lib/gcc/arm-none-eabi/6.2.1/../../../../arm-none-eabi/lib/thumb/v6-m\libc_nano.a(lib_a-init.o)
                0x0000290c                __libc_init_array
 .text.memset   0x00002954       0x10 c:/program files (x86)/atmel/studio/7.0/toolchain/arm/arm-gnu-toolchain/bin/../lib/gcc/arm-none-eabi/6.2.1/../../../../arm-none-eabi/lib/thumb/v6-m\libc_nano.a(lib_a-memset.o)
                0x00002954                memset
 .text.printf   0x00002964       0x34 c:/program files (x86)/atmel/studio/7.0/toolchain/arm/arm-gnu-toolchain/bin/../lib/gcc/arm-none-eabi/6.2.1/../../../../arm-none-eabi/lib/thumb/v6-m\libc_nano.a(lib_a-printf.o)
                0x00002964                iprintf
                0x00002964                printf
 .text.setbuf   0x00002998       0x12 c:/program files (x86)/atmel/studio/7.0/toolchain/arm/arm-gnu-toolchain/bin/../lib/gcc/arm-none-eabi/6.2.1/../../../../arm-none-eabi/lib/thumb/v6-m\libc_nano.a(lib_a-setbuf.o)
                0x00002998                setbuf
 *fill*         0x000029aa        0x2 
 .text.setvbuf  0x000029ac      0x158 c:/program files (x86)/atmel/studio/7.0/toolchain/arm/arm-gnu-toolchain/bin/../lib/gcc/arm-none-eabi/6.2.1/../../../../arm-none-eabi/lib/thumb/v6-m\libc_nano.a(lib_a-setvbuf.o)
                0x000029ac                setvbuf
 .text.__sflush_r
                0x00002b04      0x114 c:/program files (x86)/atmel/studio/7.0/toolchain/arm/arm-gnu-toolchain/bin/../lib/gcc/arm-none-eabi/6.2.1/../../../../arm-none-eabi/lib/thumb/v6-m\libc_nano.a(lib_a-fflush.o)
                0x00002b04                __sflush_r
 .text._fflush_r
                0x00002c18       0x58 c:/program files (x86)/atmel/studio/7.0/toolchain/arm/arm-gnu-toolchain/bin/../lib/gcc/arm-none-eabi/6.2.1/../../../../arm-none-eabi/lib/thumb/v6-m\libc_nano.a(lib_a-fflush.o)
                0x00002c18                _fflush_r
 .text._cleanup_r
                0x00002c70       0x10 c:/program files (x86)/atmel/studio/7.0/toolchain/arm/arm-gnu-toolchain/bin/../lib/gcc/arm-none-eabi/6.2.1/../../../../arm-none-eabi/lib/thumb/v6-m\libc_nano.a(lib_a-findfp.o)
                0x00002c70                _cleanup_r
 .text.std.isra.0
                0x00002c80       0x48 c:/program files (x86)/atmel/studio/7.0/toolchain/arm/arm-gnu-toolchain/bin/../lib/gcc/arm-none-eabi/6.2.1/../../../../arm-none-eabi/lib/thumb/v6-m\libc_nano.a(lib_a-findfp.o)
 .text.__sfmoreglue
                0x00002cc8       0x2c c:/program files (x86)/atmel/studio/7.0/toolchain/arm/arm-gnu-toolchain/bin/../lib/gcc/arm-none-eabi/6.2.1/../../../../arm-none-eabi/lib/thumb/v6-m\libc_nano.a(lib_a-findfp.o)
                0x00002cc8                __sfmoreglue
 .text.__sinit  0x00002cf4       0x68 c:/program files (x86)/atmel/studio/7.0/toolchain/arm/arm-gnu-toolchain/bin/../lib/gcc/arm-none-eabi/6.2.1/../../../../arm-none-eabi/lib/thumb/v6-m\libc_nano.a(lib_a-findfp.o)
                0x00002cf4                __sinit
 .text.__sfp    0x00002d5c       0x80 c:/program files (x86)/atmel/studio/7.0/toolchain/arm/arm-gnu-toolchain/bin/../lib/gcc/arm-none-eabi/6.2.1/../../../../arm-none-eabi/lib/thumb/v6-m\libc_nano.a(lib_a-findfp.o)
                0x00002d5c                __sfp
 .text._fwalk_reent
                0x00002ddc       0x42 c:/program files (x86)/atmel/studio/7.0/toolchain/arm/arm-gnu-toolchain/bin/../lib/gcc/arm-none-eabi/6.2.1/../../../../arm-none-eabi/lib/thumb/v6-m\libc_nano.a(lib_a-fwalk.o)
                0x00002ddc                _fwalk_reent
 *fill*         0x00002e1e        0x2 
 .text.__swhatbuf_r
                0x00002e20       0x50 c:/program files (x86)/atmel/studio/7.0/toolchain/arm/arm-gnu-toolchain/bin/../lib/gcc/arm-none-eabi/6.2.1/../../../../arm-none-eabi/lib/thumb/v6-m\libc_nano.a(lib_a-makebuf.o)
                0x00002e20                __swhatbuf_r
 .text.__smakebuf_r
                0x00002e70       0x7c c:/program files (x86)/atmel/studio/7.0/toolchain/arm/arm-gnu-toolchain/bin/../lib/gcc/arm-none-eabi/6.2.1/../../../../arm-none-eabi/lib/thumb/v6-m\libc_nano.a(lib_a-makebuf.o)
                0x00002e70                __smakebuf_r
 .text.malloc   0x00002eec       0x14 c:/program files (x86)/atmel/studio/7.0/toolchain/arm/arm-gnu-toolchain/bin/../lib/gcc/arm-none-eabi/6.2.1/../../../../arm-none-eabi/lib/thumb/v6-m\libc_nano.a(lib_a-malloc.o)
                0x00002eec                malloc
 .text._free_r  0x00002f00       0x94 c:/program files (x86)/atmel/studio/7.0/toolchain/arm/arm-gnu-toolchain/bin/../lib/gcc/arm-none-eabi/6.2.1/../../../../arm-none-eabi/lib/thumb/v6-m\libc_nano.a(lib_a-nano-freer.o)
                0x00002f00                _free_r
 .text._malloc_r
                0x00002f94       0xbc c:/program files (x86)/atmel/studio/7.0/toolchain/arm/arm-gnu-toolchain/bin/../lib/gcc/arm-none-eabi/6.2.1/../../../../arm-none-eabi/lib/thumb/v6-m\libc_nano.a(lib_a-nano-mallocr.o)
                0x00002f94                _malloc_r
 .text.__sfputc_r
                0x00003050       0x2a c:/program files (x86)/atmel/studio/7.0/toolchain/arm/arm-gnu-toolchain/bin/../lib/gcc/arm-none-eabi/6.2.1/../../../../arm-none-eabi/lib/thumb/v6-m\libc_nano.a(lib_a-nano-vfprintf.o)
 .text.__sfputs_r
                0x0000307a       0x24 c:/program files (x86)/atmel/studio/7.0/toolchain/arm/arm-gnu-toolchain/bin/../lib/gcc/arm-none-eabi/6.2.1/../../../../arm-none-eabi/lib/thumb/v6-m\libc_nano.a(lib_a-nano-vfprintf.o)
                0x0000307a                __sfputs_r
 *fill*         0x0000309e        0x2 
 .text._vfprintf_r
                0x000030a0      0x238 c:/program files (x86)/atmel/studio/7.0/toolchain/arm/arm-gnu-toolchain/bin/../lib/gcc/arm-none-eabi/6.2.1/../../../../arm-none-eabi/lib/thumb/v6-m\libc_nano.a(lib_a-nano-vfprintf.o)
                0x000030a0                _vfprintf_r
                0x000030a0                _vfiprintf_r
 .text._printf_common
                0x000032d8       0xda c:/program files (x86)/atmel/studio/7.0/toolchain/arm/arm-gnu-toolchain/bin/../lib/gcc/arm-none-eabi/6.2.1/../../../../arm-none-eabi/lib/thumb/v6-m\libc_nano.a(lib_a-nano-vfprintf_i.o)
                0x000032d8                _printf_common
 *fill*         0x000033b2        0x2 
 .text._printf_i
                0x000033b4      0x234 c:/program files (x86)/atmel/studio/7.0/toolchain/arm/arm-gnu-toolchain/bin/../lib/gcc/arm-none-eabi/6.2.1/../../../../arm-none-eabi/lib/thumb/v6-m\libc_nano.a(lib_a-nano-vfprintf_i.o)
                0x000033b4                _printf_i
 .text._sbrk_r  0x000035e8       0x24 c:/program files (x86)/atmel/studio/7.0/toolchain/arm/arm-gnu-toolchain/bin/../lib/gcc/arm-none-eabi/6.2.1/../../../../arm-none-eabi/lib/thumb/v6-m\libc_nano.a(lib_a-sbrkr.o)
                0x000035e8                _sbrk_r
 .text.__sread  0x0000360c       0x28 c:/program files (x86)/atmel/studio/7.0/toolchain/arm/arm-gnu-toolchain/bin/../lib/gcc/arm-none-eabi/6.2.1/../../../../arm-none-eabi/lib/thumb/v6-m\libc_nano.a(lib_a-stdio.o)
                0x0000360c                __sread
 .text.__swrite
                0x00003634       0x38 c:/program files (x86)/atmel/studio/7.0/toolchain/arm/arm-gnu-toolchain/bin/../lib/gcc/arm-none-eabi/6.2.1/../../../../arm-none-eabi/lib/thumb/v6-m\libc_nano.a(lib_a-stdio.o)
                0x00003634                __swrite
 .text.__sseek  0x0000366c       0x2c c:/program files (x86)/atmel/studio/7.0/toolchain/arm/arm-gnu-toolchain/bin/../lib/gcc/arm-none-eabi/6.2.1/../../../../arm-none-eabi/lib/thumb/v6-m\libc_nano.a(lib_a-stdio.o)
                0x0000366c                __sseek
 .text.__sclose
                0x00003698        0xc c:/program files (x86)/atmel/studio/7.0/toolchain/arm/arm-gnu-toolchain/bin/../lib/gcc/arm-none-eabi/6.2.1/../../../../arm-none-eabi/lib/thumb/v6-m\libc_nano.a(lib_a-stdio.o)
                0x00003698                __sclose
 .text.__swbuf_r
                0x000036a4       0xac c:/program files (x86)/atmel/studio/7.0/toolchain/arm/arm-gnu-toolchain/bin/../lib/gcc/arm-none-eabi/6.2.1/../../../../arm-none-eabi/lib/thumb/v6-m\libc_nano.a(lib_a-wbuf.o)
                0x000036a4                __swbuf_r
 .text._write_r
                0x00003750       0x28 c:/program files (x86)/atmel/studio/7.0/toolchain/arm/arm-gnu-toolchain/bin/../lib/gcc/arm-none-eabi/6.2.1/../../../../arm-none-eabi/lib/thumb/v6-m\libc_nano.a(lib_a-writer.o)
                0x00003750                _write_r
 .text.__swsetup_r
                0x00003778       0xec c:/program files (x86)/atmel/studio/7.0/toolchain/arm/arm-gnu-toolchain/bin/../lib/gcc/arm-none-eabi/6.2.1/../../../../arm-none-eabi/lib/thumb/v6-m\libc_nano.a(lib_a-wsetup.o)
                0x00003778                __swsetup_r
 .text._close_r
                0x00003864       0x24 c:/program files (x86)/atmel/studio/7.0/toolchain/arm/arm-gnu-toolchain/bin/../lib/gcc/arm-none-eabi/6.2.1/../../../../arm-none-eabi/lib/thumb/v6-m\libc_nano.a(lib_a-closer.o)
                0x00003864                _close_r
 .text._fstat_r
                0x00003888       0x24 c:/program files (x86)/atmel/studio/7.0/toolchain/arm/arm-gnu-toolchain/bin/../lib/gcc/arm-none-eabi/6.2.1/../../../../arm-none-eabi/lib/thumb/v6-m\libc_nano.a(lib_a-fstatr.o)
                0x00003888                _fstat_r
 .text._isatty_r
                0x000038ac       0x24 c:/program files (x86)/atmel/studio/7.0/toolchain/arm/arm-gnu-toolchain/bin/../lib/gcc/arm-none-eabi/6.2.1/../../../../arm-none-eabi/lib/thumb/v6-m\libc_nano.a(lib_a-isattyr.o)
                0x000038ac                _isatty_r
 .text._lseek_r
                0x000038d0       0x28 c:/program files (x86)/atmel/studio/7.0/toolchain/arm/arm-gnu-toolchain/bin/../lib/gcc/arm-none-eabi/6.2.1/../../../../arm-none-eabi/lib/thumb/v6-m\libc_nano.a(lib_a-lseekr.o)
                0x000038d0                _lseek_r
 .text.memchr   0x000038f8       0x16 c:/program files (x86)/atmel/studio/7.0/toolchain/arm/arm-gnu-toolchain/bin/../lib/gcc/arm-none-eabi/6.2.1/../../../../arm-none-eabi/lib/thumb/v6-m\libc_nano.a(lib_a-memchr-stub.o)
                0x000038f8                memchr
 .text.__malloc_lock
                0x0000390e        0x2 c:/program files (x86)/atmel/studio/7.0/toolchain/arm/arm-gnu-toolchain/bin/../lib/gcc/arm-none-eabi/6.2.1/../../../../arm-none-eabi/lib/thumb/v6-m\libc_nano.a(lib_a-mlock.o)
                0x0000390e                __malloc_lock
 .text.__malloc_unlock
                0x00003910        0x2 c:/program files (x86)/atmel/studio/7.0/toolchain/arm/arm-gnu-toolchain/bin/../lib/gcc/arm-none-eabi/6.2.1/../../../../arm-none-eabi/lib/thumb/v6-m\libc_nano.a(lib_a-mlock.o)
                0x00003910                __malloc_unlock
 *fill*         0x00003912        0x2 
 .text._read_r  0x00003914       0x28 c:/program files (x86)/atmel/studio/7.0/toolchain/arm/arm-gnu-toolchain/bin/../lib/gcc/arm-none-eabi/6.2.1/../../../../arm-none-eabi/lib/thumb/v6-m\libc_nano.a(lib_a-readr.o)
                0x00003914                _read_r
 *(.glue_7t)
 .glue_7t       0x0000393c        0x0 linker stubs
 *(.glue_7)
 .glue_7        0x0000393c        0x0 linker stubs
 *(.rodata .rodata* .gnu.linkonce.r.*)
 .rodata        0x0000393c       0x18 src/ASF/sam0/drivers/sercom/sercom.o
 .rodata        0x00003954        0xc src/ASF/sam0/drivers/tc/tc_sam_d_r_h/tc.o
 .rodata.system_clock_source_get_hz
                0x00003960       0x24 src/ASF/sam0/drivers/system/clock/clock_samd21_r21_da_ha1/clock.o
 .rodata.system_clock_source_enable
                0x00003984       0x24 src/ASF/sam0/drivers/system/clock/clock_samd21_r21_da_ha1/clock.o
 .rodata.get_color_string
                0x000039a8       0x1c src/main.o
 .rodata.get_color_string.str1.4
                0x000039c4       0x35 src/main.o
 *fill*         0x000039f9        0x3 
 .rodata.main.str1.4
                0x000039fc       0x2c src/main.o
                                 0x29 (size before relaxing)
 .rodata        0x00003a28       0x80 c:/program files (x86)/atmel/studio/7.0/toolchain/arm/arm-gnu-toolchain/bin/../lib/gcc/arm-none-eabi/6.2.1/thumb/v6-m\libgcc.a(divsf3.o)
 .rodata._global_impure_ptr
                0x00003aa8        0x4 c:/program files (x86)/atmel/studio/7.0/toolchain/arm/arm-gnu-toolchain/bin/../lib/gcc/arm-none-eabi/6.2.1/../../../../arm-none-eabi/lib/thumb/v6-m\libc_nano.a(lib_a-impure.o)
                0x00003aa8                _global_impure_ptr
 .rodata.__sf_fake_stderr
                0x00003aac       0x20 c:/program files (x86)/atmel/studio/7.0/toolchain/arm/arm-gnu-toolchain/bin/../lib/gcc/arm-none-eabi/6.2.1/../../../../arm-none-eabi/lib/thumb/v6-m\libc_nano.a(lib_a-findfp.o)
                0x00003aac                __sf_fake_stderr
 .rodata.__sf_fake_stdin
                0x00003acc       0x20 c:/program files (x86)/atmel/studio/7.0/toolchain/arm/arm-gnu-toolchain/bin/../lib/gcc/arm-none-eabi/6.2.1/../../../../arm-none-eabi/lib/thumb/v6-m\libc_nano.a(lib_a-findfp.o)
                0x00003acc                __sf_fake_stdin
 .rodata.__sf_fake_stdout
                0x00003aec       0x20 c:/program files (x86)/atmel/studio/7.0/toolchain/arm/arm-gnu-toolchain/bin/../lib/gcc/arm-none-eabi/6.2.1/../../../../arm-none-eabi/lib/thumb/v6-m\libc_nano.a(lib_a-findfp.o)
                0x00003aec                __sf_fake_stdout
 .rodata._vfprintf_r.str1.1
                0x00003b0c       0x11 c:/program files (x86)/atmel/studio/7.0/toolchain/arm/arm-gnu-toolchain/bin/../lib/gcc/arm-none-eabi/6.2.1/../../../../arm-none-eabi/lib/thumb/v6-m\libc_nano.a(lib_a-nano-vfprintf.o)
 .rodata._printf_i.str1.1
                0x00003b1d       0x22 c:/program files (x86)/atmel/studio/7.0/toolchain/arm/arm-gnu-toolchain/bin/../lib/gcc/arm-none-eabi/6.2.1/../../../../arm-none-eabi/lib/thumb/v6-m\libc_nano.a(lib_a-nano-vfprintf_i.o)
 *(.ARM.extab* .gnu.linkonce.armextab.*)
                0x00003b40                . = ALIGN (0x4)
 *fill*         0x00003b3f        0x1 
 *(.init)
 .init          0x00003b40        0x4 c:/program files (x86)/atmel/studio/7.0/toolchain/arm/arm-gnu-toolchain/bin/../lib/gcc/arm-none-eabi/6.2.1/thumb/v6-m/crti.o
                0x00003b40                _init
 .init          0x00003b44        0x8 c:/program files (x86)/atmel/studio/7.0/toolchain/arm/arm-gnu-toolchain/bin/../lib/gcc/arm-none-eabi/6.2.1/thumb/v6-m/crtn.o
                0x00003b4c                . = ALIGN (0x4)
                0x00003b4c                __preinit_array_start = .
 *(.preinit_array)
                0x00003b4c                __preinit_array_end = .
                0x00003b4c                . = ALIGN (0x4)
                0x00003b4c                __init_array_start = .
 *(SORT(.init_array.*))
 *(.init_array)
 .init_array    0x00003b4c        0x4 c:/program files (x86)/atmel/studio/7.0/toolchain/arm/arm-gnu-toolchain/bin/../lib/gcc/arm-none-eabi/6.2.1/thumb/v6-m/crtbegin.o
                0x00003b50                __init_array_end = .
                0x00003b50                . = ALIGN (0x4)
 *crtbegin.o(.ctors)
 *(EXCLUDE_FILE(*crtend.o) .ctors)
 *(SORT(.ctors.*))
 *crtend.o(.ctors)
                0x00003b50                . = ALIGN (0x4)
 *(.fini)
 .fini          0x00003b50        0x4 c:/program files (x86)/atmel/studio/7.0/toolchain/arm/arm-gnu-toolchain/bin/../lib/gcc/arm-none-eabi/6.2.1/thumb/v6-m/crti.o
                0x00003b50                _fini
 .fini          0x00003b54        0x8 c:/program files (x86)/atmel/studio/7.0/toolchain/arm/arm-gnu-toolchain/bin/../lib/gcc/arm-none-eabi/6.2.1/thumb/v6-m/crtn.o
                0x00003b5c                . = ALIGN (0x4)
                0x00003b5c                __fini_array_start = .
 *(.fini_array)
 .fini_array    0x00003b5c        0x4 c:/program files (x86)/atmel/studio/7.0/toolchain/arm/arm-gnu-toolchain/bin/../lib/gcc/arm-none-eabi/6.2.1/thumb/v6-m/crtbegin.o
 *(SORT(.fini_array.*))
                0x00003b60                __fini_array_end = .
 *crtbegin.o(.dtors)
 *(EXCLUDE_FILE(*crtend.o) .dtors)
 *(SORT(.dtors.*))
 *crtend.o(.dtors)
                0x00003b60                . = ALIGN (0x4)
                0x00003b60                _efixed = .
                [!provide]                PROVIDE (__exidx_start, .)

.vfp11_veneer   0x00003b60        0x0
 .vfp11_veneer  0x00003b60        0x0 linker stubs

.v4_bx          0x00003b60        0x0
 .v4_bx         0x00003b60        0x0 linker stubs

.iplt           0x00003b60        0x0
 .iplt          0x00003b60        0x0 c:/program files (x86)/atmel/studio/7.0/toolchain/arm/arm-gnu-toolchain/bin/../lib/gcc/arm-none-eabi/6.2.1/thumb/v6-m/crtbegin.o

.eh_frame       0x00003b60        0x0
 .eh_frame      0x00003b60        0x0 c:/program files (x86)/atmel/studio/7.0/toolchain/arm/arm-gnu-toolchain/bin/../lib/gcc/arm-none-eabi/6.2.1/thumb/v6-m/crtbegin.o

.rel.dyn        0x00003b60        0x0
 .rel.iplt      0x00003b60        0x0 c:/program files (x86)/atmel/studio/7.0/toolchain/arm/arm-gnu-toolchain/bin/../lib/gcc/arm-none-eabi/6.2.1/thumb/v6-m/crtbegin.o

.jcr            0x00003b60        0x0
 .jcr           0x00003b60        0x0 c:/program files (x86)/atmel/studio/7.0/toolchain/arm/arm-gnu-toolchain/bin/../lib/gcc/arm-none-eabi/6.2.1/thumb/v6-m/crtbegin.o

.igot.plt       0x00003b60        0x0
 .igot.plt      0x00003b60        0x0 c:/program files (x86)/atmel/studio/7.0/toolchain/arm/arm-gnu-toolchain/bin/../lib/gcc/arm-none-eabi/6.2.1/thumb/v6-m/crtbegin.o

.ARM.exidx
 *(.ARM.exidx* .gnu.linkonce.armexidx.*)
                [!provide]                PROVIDE (__exidx_end, .)
                0x00003b60                . = ALIGN (0x4)
                0x00003b60                _etext = .

.relocate       0x20000000       0x84 load address 0x00003b60
                0x20000000                . = ALIGN (0x4)
                0x20000000                _srelocate = .
 *(.ramfunc .ramfunc.*)
 *(.data .data.*)
 .data.cycles_per_ms
                0x20000000        0x4 src/ASF/common2/services/delay/sam0/systick_counter.o
 .data.cycles_per_us
                0x20000004        0x4 src/ASF/common2/services/delay/sam0/systick_counter.o
 .data._events_inst
                0x20000008       0x14 src/ASF/sam0/drivers/events/events_sam_d_r_h/events.o
                0x20000008                _events_inst
 .data.g_interrupt_enabled
                0x2000001c        0x1 src/ASF/common/utils/interrupt/interrupt_sam_nvic.o
                0x2000001c                g_interrupt_enabled
 *fill*         0x2000001d        0x3 
 .data._impure_ptr
                0x20000020        0x4 c:/program files (x86)/atmel/studio/7.0/toolchain/arm/arm-gnu-toolchain/bin/../lib/gcc/arm-none-eabi/6.2.1/../../../../arm-none-eabi/lib/thumb/v6-m\libc_nano.a(lib_a-impure.o)
                0x20000020                _impure_ptr
 .data.impure_data
                0x20000024       0x60 c:/program files (x86)/atmel/studio/7.0/toolchain/arm/arm-gnu-toolchain/bin/../lib/gcc/arm-none-eabi/6.2.1/../../../../arm-none-eabi/lib/thumb/v6-m\libc_nano.a(lib_a-impure.o)
                0x20000084                . = ALIGN (0x4)
                0x20000084                _erelocate = .

.bss            0x20000084      0x140 load address 0x00003be4
                0x20000084                . = ALIGN (0x4)
                0x20000084                _sbss = .
                0x20000084                _szero = .
 *(.bss .bss.*)
 .bss           0x20000084       0x1c c:/program files (x86)/atmel/studio/7.0/toolchain/arm/arm-gnu-toolchain/bin/../lib/gcc/arm-none-eabi/6.2.1/thumb/v6-m/crtbegin.o
 .bss._sercom_config
                0x200000a0        0x2 src/ASF/sam0/drivers/sercom/sercom.o
 .bss._handler_table_initialized
                0x200000a2        0x1 src/ASF/sam0/drivers/sercom/sercom_interrupt.o
 *fill*         0x200000a3        0x1 
 .bss._sercom_interrupt_handlers
                0x200000a4       0x18 src/ASF/sam0/drivers/sercom/sercom_interrupt.o
 .bss.cpu_irq_critical_section_counter
                0x200000bc        0x4 src/ASF/common/utils/interrupt/interrupt_sam_nvic.o
 .bss.cpu_irq_prev_interrupt_state
                0x200000c0        0x1 src/ASF/common/utils/interrupt/interrupt_sam_nvic.o
 *fill*         0x200000c1        0x3 
 .bss._system_clock_inst
                0x200000c4       0x18 src/ASF/sam0/drivers/system/clock/clock_samd21_r21_da_ha1/clock.o
 .bss.heap.5276
                0x200000dc        0x4 src/ASF/sam0/utils/syscalls/gcc/syscalls.o
 .bss.__malloc_free_list
                0x200000e0        0x4 c:/program files (x86)/atmel/studio/7.0/toolchain/arm/arm-gnu-toolchain/bin/../lib/gcc/arm-none-eabi/6.2.1/../../../../arm-none-eabi/lib/thumb/v6-m\libc_nano.a(lib_a-nano-mallocr.o)
                0x200000e0                __malloc_free_list
 .bss.__malloc_sbrk_start
                0x200000e4        0x4 c:/program files (x86)/atmel/studio/7.0/toolchain/arm/arm-gnu-toolchain/bin/../lib/gcc/arm-none-eabi/6.2.1/../../../../arm-none-eabi/lib/thumb/v6-m\libc_nano.a(lib_a-nano-mallocr.o)
                0x200000e4                __malloc_sbrk_start
 *(COMMON)
 COMMON         0x200000e8        0x1 src/ASF/sam0/drivers/extint/extint_callback.o
                0x200000e8                _current_channel
 *fill*         0x200000e9        0x3 
 COMMON         0x200000ec       0x40 src/ASF/sam0/drivers/extint/extint_sam_d_r_h/extint.o
                0x200000ec                _extint_dev
 COMMON         0x2000012c        0x4 src/ASF/sam0/utils/stdio/read.o
                0x2000012c                ptr_get
 COMMON         0x20000130        0x8 src/ASF/sam0/utils/stdio/write.o
                0x20000130                ptr_put
                0x20000134                stdio_base
 COMMON         0x20000138       0x18 src/ASF/sam0/drivers/sercom/sercom_interrupt.o
                0x20000138                _sercom_instances
 COMMON         0x20000150       0x70 src/main.o
                0x20000150                usart_instance
                0x20000184                config_tc
                0x200001b8                tc_instance
 COMMON         0x200001c0        0x4 c:/program files (x86)/atmel/studio/7.0/toolchain/arm/arm-gnu-toolchain/bin/../lib/gcc/arm-none-eabi/6.2.1/../../../../arm-none-eabi/lib/thumb/v6-m\libc_nano.a(lib_a-reent.o)
                0x200001c0                errno
                0x200001c4                . = ALIGN (0x4)
                0x200001c4                _ebss = .
                0x200001c4                _ezero = .

.stack          0x200001c4     0x2004 load address 0x00003d24
                0x200001c8                . = ALIGN (0x8)
 *fill*         0x200001c4        0x4 
                0x200001c8                _sstack = .
                0x200021c8                . = (. + STACK_SIZE)
 *fill*         0x200001c8     0x2000 
                0x200021c8                . = ALIGN (0x8)
                0x200021c8                _estack = .
                0x200021c8                . = ALIGN (0x4)
                0x200021c8                _end = .
OUTPUT(Color_tset.elf elf32-littlearm)

.ARM.attributes
                0x00000000       0x28
 .ARM.attributes
                0x00000000       0x1e c:/program files (x86)/atmel/studio/7.0/toolchain/arm/arm-gnu-toolchain/bin/../lib/gcc/arm-none-eabi/6.2.1/thumb/v6-m/crti.o
 .ARM.attributes
                0x0000001e       0x2c c:/program files (x86)/atmel/studio/7.0/toolchain/arm/arm-gnu-toolchain/bin/../lib/gcc/arm-none-eabi/6.2.1/thumb/v6-m/crtbegin.o
 .ARM.attributes
                0x0000004a       0x32 src/ASF/common2/services/delay/sam0/systick_counter.o
 .ARM.attributes
                0x0000007c       0x32 src/ASF/sam0/drivers/events/events_hooks.o
 .ARM.attributes
                0x000000ae       0x32 src/ASF/sam0/drivers/events/events_sam_d_r_h/events.o
 .ARM.attributes
                0x000000e0       0x32 src/ASF/sam0/drivers/extint/extint_callback.o
 .ARM.attributes
                0x00000112       0x32 src/ASF/sam0/drivers/extint/extint_sam_d_r_h/extint.o
 .ARM.attributes
                0x00000144       0x32 src/ASF/sam0/drivers/sercom/sercom.o
 .ARM.attributes
                0x00000176       0x32 src/ASF/sam0/drivers/tc/tc_sam_d_r_h/tc.o
 .ARM.attributes
                0x000001a8       0x32 src/ASF/sam0/utils/stdio/read.o
 .ARM.attributes
                0x000001da       0x32 src/ASF/sam0/utils/stdio/write.o
 .ARM.attributes
                0x0000020c       0x32 src/ASF/sam0/drivers/sercom/usart/usart.o
 .ARM.attributes
                0x0000023e       0x32 src/ASF/sam0/drivers/sercom/usart/usart_interrupt.o
 .ARM.attributes
                0x00000270       0x32 src/ASF/sam0/drivers/sercom/sercom_interrupt.o
 .ARM.attributes
                0x000002a2       0x32 src/ASF/common/utils/interrupt/interrupt_sam_nvic.o
 .ARM.attributes
                0x000002d4       0x32 src/ASF/sam0/boards/samr21_xplained_pro/board_init.o
 .ARM.attributes
                0x00000306       0x32 src/ASF/sam0/drivers/port/port.o
 .ARM.attributes
                0x00000338       0x32 src/ASF/sam0/drivers/system/clock/clock_samd21_r21_da_ha1/clock.o
 .ARM.attributes
                0x0000036a       0x32 src/ASF/sam0/drivers/system/clock/clock_samd21_r21_da_ha1/gclk.o
 .ARM.attributes
                0x0000039c       0x32 src/ASF/sam0/drivers/system/pinmux/pinmux.o
 .ARM.attributes
                0x000003ce       0x32 src/ASF/sam0/drivers/system/system.o
 .ARM.attributes
                0x00000400       0x32 src/ASF/sam0/utils/cmsis/samr21/source/gcc/startup_samr21.o
 .ARM.attributes
                0x00000432       0x32 src/ASF/sam0/utils/syscalls/gcc/syscalls.o
 .ARM.attributes
                0x00000464       0x32 src/main.o
 .ARM.attributes
                0x00000496       0x1e c:/program files (x86)/atmel/studio/7.0/toolchain/arm/arm-gnu-toolchain/bin/../lib/gcc/arm-none-eabi/6.2.1/thumb/v6-m\libgcc.a(_udivsi3.o)
 .ARM.attributes
                0x000004b4       0x1e c:/program files (x86)/atmel/studio/7.0/toolchain/arm/arm-gnu-toolchain/bin/../lib/gcc/arm-none-eabi/6.2.1/thumb/v6-m\libgcc.a(_divsi3.o)
 .ARM.attributes
                0x000004d2       0x1e c:/program files (x86)/atmel/studio/7.0/toolchain/arm/arm-gnu-toolchain/bin/../lib/gcc/arm-none-eabi/6.2.1/thumb/v6-m\libgcc.a(_dvmd_tls.o)
 .ARM.attributes
                0x000004f0       0x1e c:/program files (x86)/atmel/studio/7.0/toolchain/arm/arm-gnu-toolchain/bin/../lib/gcc/arm-none-eabi/6.2.1/thumb/v6-m\libgcc.a(_arm_cmpdf2.o)
 .ARM.attributes
                0x0000050e       0x1e c:/program files (x86)/atmel/studio/7.0/toolchain/arm/arm-gnu-toolchain/bin/../lib/gcc/arm-none-eabi/6.2.1/thumb/v6-m\libgcc.a(_arm_cmpsf2.o)
 .ARM.attributes
                0x0000052c       0x2c c:/program files (x86)/atmel/studio/7.0/toolchain/arm/arm-gnu-toolchain/bin/../lib/gcc/arm-none-eabi/6.2.1/thumb/v6-m\libgcc.a(_muldi3.o)
 .ARM.attributes
                0x00000558       0x2c c:/program files (x86)/atmel/studio/7.0/toolchain/arm/arm-gnu-toolchain/bin/../lib/gcc/arm-none-eabi/6.2.1/thumb/v6-m\libgcc.a(divsf3.o)
 .ARM.attributes
                0x00000584       0x2c c:/program files (x86)/atmel/studio/7.0/toolchain/arm/arm-gnu-toolchain/bin/../lib/gcc/arm-none-eabi/6.2.1/thumb/v6-m\libgcc.a(eqsf2.o)
 .ARM.attributes
                0x000005b0       0x2c c:/program files (x86)/atmel/studio/7.0/toolchain/arm/arm-gnu-toolchain/bin/../lib/gcc/arm-none-eabi/6.2.1/thumb/v6-m\libgcc.a(gesf2.o)
 .ARM.attributes
                0x000005dc       0x2c c:/program files (x86)/atmel/studio/7.0/toolchain/arm/arm-gnu-toolchain/bin/../lib/gcc/arm-none-eabi/6.2.1/thumb/v6-m\libgcc.a(lesf2.o)
 .ARM.attributes
                0x00000608       0x2c c:/program files (x86)/atmel/studio/7.0/toolchain/arm/arm-gnu-toolchain/bin/../lib/gcc/arm-none-eabi/6.2.1/thumb/v6-m\libgcc.a(floatsisf.o)
 .ARM.attributes
                0x00000634       0x2c c:/program files (x86)/atmel/studio/7.0/toolchain/arm/arm-gnu-toolchain/bin/../lib/gcc/arm-none-eabi/6.2.1/thumb/v6-m\libgcc.a(eqdf2.o)
 .ARM.attributes
                0x00000660       0x2c c:/program files (x86)/atmel/studio/7.0/toolchain/arm/arm-gnu-toolchain/bin/../lib/gcc/arm-none-eabi/6.2.1/thumb/v6-m\libgcc.a(gedf2.o)
 .ARM.attributes
                0x0000068c       0x2c c:/program files (x86)/atmel/studio/7.0/toolchain/arm/arm-gnu-toolchain/bin/../lib/gcc/arm-none-eabi/6.2.1/thumb/v6-m\libgcc.a(ledf2.o)
 .ARM.attributes
                0x000006b8       0x2c c:/program files (x86)/atmel/studio/7.0/toolchain/arm/arm-gnu-toolchain/bin/../lib/gcc/arm-none-eabi/6.2.1/thumb/v6-m\libgcc.a(extendsfdf2.o)
 .ARM.attributes
                0x000006e4       0x1e c:/program files (x86)/atmel/studio/7.0/toolchain/arm/arm-gnu-toolchain/bin/../lib/gcc/arm-none-eabi/6.2.1/thumb/v6-m\libgcc.a(_clzsi2.o)
 .ARM.attributes
                0x00000702       0x2c c:/program files (x86)/atmel/studio/7.0/toolchain/arm/arm-gnu-toolchain/bin/../lib/gcc/arm-none-eabi/6.2.1/../../../../arm-none-eabi/lib/thumb/v6-m\libc_nano.a(lib_a-impure.o)
 .ARM.attributes
                0x0000072e       0x2c c:/program files (x86)/atmel/studio/7.0/toolchain/arm/arm-gnu-toolchain/bin/../lib/gcc/arm-none-eabi/6.2.1/../../../../arm-none-eabi/lib/thumb/v6-m\libc_nano.a(lib_a-init.o)
 .ARM.attributes
                0x0000075a       0x2c c:/program files (x86)/atmel/studio/7.0/toolchain/arm/arm-gnu-toolchain/bin/../lib/gcc/arm-none-eabi/6.2.1/../../../../arm-none-eabi/lib/thumb/v6-m\libc_nano.a(lib_a-memset.o)
 .ARM.attributes
                0x00000786       0x2c c:/program files (x86)/atmel/studio/7.0/toolchain/arm/arm-gnu-toolchain/bin/../lib/gcc/arm-none-eabi/6.2.1/../../../../arm-none-eabi/lib/thumb/v6-m\libc_nano.a(lib_a-printf.o)
 .ARM.attributes
                0x000007b2       0x2c c:/program files (x86)/atmel/studio/7.0/toolchain/arm/arm-gnu-toolchain/bin/../lib/gcc/arm-none-eabi/6.2.1/../../../../arm-none-eabi/lib/thumb/v6-m\libc_nano.a(lib_a-setbuf.o)
 .ARM.attributes
                0x000007de       0x2c c:/program files (x86)/atmel/studio/7.0/toolchain/arm/arm-gnu-toolchain/bin/../lib/gcc/arm-none-eabi/6.2.1/../../../../arm-none-eabi/lib/thumb/v6-m\libc_nano.a(lib_a-setvbuf.o)
 .ARM.attributes
                0x0000080a       0x2c c:/program files (x86)/atmel/studio/7.0/toolchain/arm/arm-gnu-toolchain/bin/../lib/gcc/arm-none-eabi/6.2.1/../../../../arm-none-eabi/lib/thumb/v6-m\libc_nano.a(lib_a-fflush.o)
 .ARM.attributes
                0x00000836       0x2c c:/program files (x86)/atmel/studio/7.0/toolchain/arm/arm-gnu-toolchain/bin/../lib/gcc/arm-none-eabi/6.2.1/../../../../arm-none-eabi/lib/thumb/v6-m\libc_nano.a(lib_a-findfp.o)
 .ARM.attributes
                0x00000862       0x2c c:/program files (x86)/atmel/studio/7.0/toolchain/arm/arm-gnu-toolchain/bin/../lib/gcc/arm-none-eabi/6.2.1/../../../../arm-none-eabi/lib/thumb/v6-m\libc_nano.a(lib_a-fwalk.o)
 .ARM.attributes
                0x0000088e       0x2c c:/program files (x86)/atmel/studio/7.0/toolchain/arm/arm-gnu-toolchain/bin/../lib/gcc/arm-none-eabi/6.2.1/../../../../arm-none-eabi/lib/thumb/v6-m\libc_nano.a(lib_a-makebuf.o)
 .ARM.attributes
                0x000008ba       0x2c c:/program files (x86)/atmel/studio/7.0/toolchain/arm/arm-gnu-toolchain/bin/../lib/gcc/arm-none-eabi/6.2.1/../../../../arm-none-eabi/lib/thumb/v6-m\libc_nano.a(lib_a-malloc.o)
 .ARM.attributes
                0x000008e6       0x2c c:/program files (x86)/atmel/studio/7.0/toolchain/arm/arm-gnu-toolchain/bin/../lib/gcc/arm-none-eabi/6.2.1/../../../../arm-none-eabi/lib/thumb/v6-m\libc_nano.a(lib_a-nano-freer.o)
 .ARM.attributes
                0x00000912       0x2c c:/program files (x86)/atmel/studio/7.0/toolchain/arm/arm-gnu-toolchain/bin/../lib/gcc/arm-none-eabi/6.2.1/../../../../arm-none-eabi/lib/thumb/v6-m\libc_nano.a(lib_a-nano-mallocr.o)
 .ARM.attributes
                0x0000093e       0x2c c:/program files (x86)/atmel/studio/7.0/toolchain/arm/arm-gnu-toolchain/bin/../lib/gcc/arm-none-eabi/6.2.1/../../../../arm-none-eabi/lib/thumb/v6-m\libc_nano.a(lib_a-nano-vfprintf.o)
 .ARM.attributes
                0x0000096a       0x2c c:/program files (x86)/atmel/studio/7.0/toolchain/arm/arm-gnu-toolchain/bin/../lib/gcc/arm-none-eabi/6.2.1/../../../../arm-none-eabi/lib/thumb/v6-m\libc_nano.a(lib_a-nano-vfprintf_i.o)
 .ARM.attributes
                0x00000996       0x2c c:/program files (x86)/atmel/studio/7.0/toolchain/arm/arm-gnu-toolchain/bin/../lib/gcc/arm-none-eabi/6.2.1/../../../../arm-none-eabi/lib/thumb/v6-m\libc_nano.a(lib_a-sbrkr.o)
 .ARM.attributes
                0x000009c2       0x2c c:/program files (x86)/atmel/studio/7.0/toolchain/arm/arm-gnu-toolchain/bin/../lib/gcc/arm-none-eabi/6.2.1/../../../../arm-none-eabi/lib/thumb/v6-m\libc_nano.a(lib_a-stdio.o)
 .ARM.attributes
                0x000009ee       0x2c c:/program files (x86)/atmel/studio/7.0/toolchain/arm/arm-gnu-toolchain/bin/../lib/gcc/arm-none-eabi/6.2.1/../../../../arm-none-eabi/lib/thumb/v6-m\libc_nano.a(lib_a-wbuf.o)
 .ARM.attributes
                0x00000a1a       0x2c c:/program files (x86)/atmel/studio/7.0/toolchain/arm/arm-gnu-toolchain/bin/../lib/gcc/arm-none-eabi/6.2.1/../../../../arm-none-eabi/lib/thumb/v6-m\libc_nano.a(lib_a-writer.o)
 .ARM.attributes
                0x00000a46       0x2c c:/program files (x86)/atmel/studio/7.0/toolchain/arm/arm-gnu-toolchain/bin/../lib/gcc/arm-none-eabi/6.2.1/../../../../arm-none-eabi/lib/thumb/v6-m\libc_nano.a(lib_a-wsetup.o)
 .ARM.attributes
                0x00000a72       0x2c c:/program files (x86)/atmel/studio/7.0/toolchain/arm/arm-gnu-toolchain/bin/../lib/gcc/arm-none-eabi/6.2.1/../../../../arm-none-eabi/lib/thumb/v6-m\libc_nano.a(lib_a-closer.o)
 .ARM.attributes
                0x00000a9e       0x2c c:/program files (x86)/atmel/studio/7.0/toolchain/arm/arm-gnu-toolchain/bin/../lib/gcc/arm-none-eabi/6.2.1/../../../../arm-none-eabi/lib/thumb/v6-m\libc_nano.a(lib_a-fstatr.o)
 .ARM.attributes
                0x00000aca       0x2c c:/program files (x86)/atmel/studio/7.0/toolchain/arm/arm-gnu-toolchain/bin/../lib/gcc/arm-none-eabi/6.2.1/../../../../arm-none-eabi/lib/thumb/v6-m\libc_nano.a(lib_a-isattyr.o)
 .ARM.attributes
                0x00000af6       0x2c c:/program files (x86)/atmel/studio/7.0/toolchain/arm/arm-gnu-toolchain/bin/../lib/gcc/arm-none-eabi/6.2.1/../../../../arm-none-eabi/lib/thumb/v6-m\libc_nano.a(lib_a-lseekr.o)
 .ARM.attributes
                0x00000b22       0x2c c:/program files (x86)/atmel/studio/7.0/toolchain/arm/arm-gnu-toolchain/bin/../lib/gcc/arm-none-eabi/6.2.1/../../../../arm-none-eabi/lib/thumb/v6-m\libc_nano.a(lib_a-memchr-stub.o)
 .ARM.attributes
                0x00000b4e       0x2c c:/program files (x86)/atmel/studio/7.0/toolchain/arm/arm-gnu-toolchain/bin/../lib/gcc/arm-none-eabi/6.2.1/../../../../arm-none-eabi/lib/thumb/v6-m\libc_nano.a(lib_a-mlock.o)
 .ARM.attributes
                0x00000b7a       0x2c c:/program files (x86)/atmel/studio/7.0/toolchain/arm/arm-gnu-toolchain/bin/../lib/gcc/arm-none-eabi/6.2.1/../../../../arm-none-eabi/lib/thumb/v6-m\libc_nano.a(lib_a-readr.o)
 .ARM.attributes
                0x00000ba6       0x2c c:/program files (x86)/atmel/studio/7.0/toolchain/arm/arm-gnu-toolchain/bin/../lib/gcc/arm-none-eabi/6.2.1/../../../../arm-none-eabi/lib/thumb/v6-m\libc_nano.a(lib_a-reent.o)
 .ARM.attributes
                0x00000bd2       0x1e c:/program files (x86)/atmel/studio/7.0/toolchain/arm/arm-gnu-toolchain/bin/../lib/gcc/arm-none-eabi/6.2.1/thumb/v6-m/crtn.o

.comment        0x00000000       0x59
 .comment       0x00000000       0x59 src/ASF/common2/services/delay/sam0/systick_counter.o
                                 0x5a (size before relaxing)
 .comment       0x00000059       0x5a src/ASF/sam0/drivers/events/events_hooks.o
 .comment       0x00000059       0x5a src/ASF/sam0/drivers/events/events_sam_d_r_h/events.o
 .comment       0x00000059       0x5a src/ASF/sam0/drivers/extint/extint_callback.o
 .comment       0x00000059       0x5a src/ASF/sam0/drivers/extint/extint_sam_d_r_h/extint.o
 .comment       0x00000059       0x5a src/ASF/sam0/drivers/sercom/sercom.o
 .comment       0x00000059       0x5a src/ASF/sam0/drivers/tc/tc_sam_d_r_h/tc.o
 .comment       0x00000059       0x5a src/ASF/sam0/utils/stdio/read.o
 .comment       0x00000059       0x5a src/ASF/sam0/utils/stdio/write.o
 .comment       0x00000059       0x5a src/ASF/sam0/drivers/sercom/usart/usart.o
 .comment       0x00000059       0x5a src/ASF/sam0/drivers/sercom/usart/usart_interrupt.o
 .comment       0x00000059       0x5a src/ASF/sam0/drivers/sercom/sercom_interrupt.o
 .comment       0x00000059       0x5a src/ASF/common/utils/interrupt/interrupt_sam_nvic.o
 .comment       0x00000059       0x5a src/ASF/sam0/boards/samr21_xplained_pro/board_init.o
 .comment       0x00000059       0x5a src/ASF/sam0/drivers/port/port.o
 .comment       0x00000059       0x5a src/ASF/sam0/drivers/system/clock/clock_samd21_r21_da_ha1/clock.o
 .comment       0x00000059       0x5a src/ASF/sam0/drivers/system/clock/clock_samd21_r21_da_ha1/gclk.o
 .comment       0x00000059       0x5a src/ASF/sam0/drivers/system/pinmux/pinmux.o
 .comment       0x00000059       0x5a src/ASF/sam0/drivers/system/system.o
 .comment       0x00000059       0x5a src/ASF/sam0/utils/cmsis/samr21/source/gcc/startup_samr21.o
 .comment       0x00000059       0x5a src/ASF/sam0/utils/syscalls/gcc/syscalls.o
 .comment       0x00000059       0x5a src/main.o

.debug_info     0x00000000    0x2ef85
 .debug_info    0x00000000      0xb81 src/ASF/common2/services/delay/sam0/systick_counter.o
 .debug_info    0x00000b81     0x1bf8 src/ASF/sam0/drivers/events/events_hooks.o
 .debug_info    0x00002779     0x26c1 src/ASF/sam0/drivers/events/events_sam_d_r_h/events.o
 .debug_info    0x00004e3a     0x199b src/ASF/sam0/drivers/extint/extint_callback.o
 .debug_info    0x000067d5     0x2a41 src/ASF/sam0/drivers/extint/extint_sam_d_r_h/extint.o
 .debug_info    0x00009216     0x2dc0 src/ASF/sam0/drivers/sercom/sercom.o
 .debug_info    0x0000bfd6     0x2dd7 src/ASF/sam0/drivers/tc/tc_sam_d_r_h/tc.o
 .debug_info    0x0000edad      0xac3 src/ASF/sam0/utils/stdio/read.o
 .debug_info    0x0000f870      0xac0 src/ASF/sam0/utils/stdio/write.o
 .debug_info    0x00010330     0x4a0b src/ASF/sam0/drivers/sercom/usart/usart.o
 .debug_info    0x00014d3b     0x303f src/ASF/sam0/drivers/sercom/usart/usart_interrupt.o
 .debug_info    0x00017d7a     0x2bae src/ASF/sam0/drivers/sercom/sercom_interrupt.o
 .debug_info    0x0001a928      0xafb src/ASF/common/utils/interrupt/interrupt_sam_nvic.o
 .debug_info    0x0001b423     0x12a0 src/ASF/sam0/boards/samr21_xplained_pro/board_init.o
 .debug_info    0x0001c6c3     0x12aa src/ASF/sam0/drivers/port/port.o
 .debug_info    0x0001d96d     0x3747 src/ASF/sam0/drivers/system/clock/clock_samd21_r21_da_ha1/clock.o
 .debug_info    0x000210b4     0x1e1c src/ASF/sam0/drivers/system/clock/clock_samd21_r21_da_ha1/gclk.o
 .debug_info    0x00022ed0     0x1368 src/ASF/sam0/drivers/system/pinmux/pinmux.o
 .debug_info    0x00024238      0xa67 src/ASF/sam0/drivers/system/system.o
 .debug_info    0x00024c9f     0x3a35 src/ASF/sam0/utils/cmsis/samr21/source/gcc/startup_samr21.o
 .debug_info    0x000286d4      0xd8c src/ASF/sam0/utils/syscalls/gcc/syscalls.o
 .debug_info    0x00029460     0x5b25 src/main.o

.debug_abbrev   0x00000000     0x4835
 .debug_abbrev  0x00000000      0x24b src/ASF/common2/services/delay/sam0/systick_counter.o
 .debug_abbrev  0x0000024b      0x327 src/ASF/sam0/drivers/events/events_hooks.o
 .debug_abbrev  0x00000572      0x473 src/ASF/sam0/drivers/events/events_sam_d_r_h/events.o
 .debug_abbrev  0x000009e5      0x333 src/ASF/sam0/drivers/extint/extint_callback.o
 .debug_abbrev  0x00000d18      0x4a7 src/ASF/sam0/drivers/extint/extint_sam_d_r_h/extint.o
 .debug_abbrev  0x000011bf      0x378 src/ASF/sam0/drivers/sercom/sercom.o
 .debug_abbrev  0x00001537      0x426 src/ASF/sam0/drivers/tc/tc_sam_d_r_h/tc.o
 .debug_abbrev  0x0000195d      0x218 src/ASF/sam0/utils/stdio/read.o
 .debug_abbrev  0x00001b75      0x203 src/ASF/sam0/utils/stdio/write.o
 .debug_abbrev  0x00001d78      0x477 src/ASF/sam0/drivers/sercom/usart/usart.o
 .debug_abbrev  0x000021ef      0x416 src/ASF/sam0/drivers/sercom/usart/usart_interrupt.o
 .debug_abbrev  0x00002605      0x2d8 src/ASF/sam0/drivers/sercom/sercom_interrupt.o
 .debug_abbrev  0x000028dd      0x22c src/ASF/common/utils/interrupt/interrupt_sam_nvic.o
 .debug_abbrev  0x00002b09      0x2dc src/ASF/sam0/boards/samr21_xplained_pro/board_init.o
 .debug_abbrev  0x00002de5      0x298 src/ASF/sam0/drivers/port/port.o
 .debug_abbrev  0x0000307d      0x465 src/ASF/sam0/drivers/system/clock/clock_samd21_r21_da_ha1/clock.o
 .debug_abbrev  0x000034e2      0x3f1 src/ASF/sam0/drivers/system/clock/clock_samd21_r21_da_ha1/gclk.o
 .debug_abbrev  0x000038d3      0x332 src/ASF/sam0/drivers/system/pinmux/pinmux.o
 .debug_abbrev  0x00003c05      0x1e1 src/ASF/sam0/drivers/system/system.o
 .debug_abbrev  0x00003de6      0x234 src/ASF/sam0/utils/cmsis/samr21/source/gcc/startup_samr21.o
 .debug_abbrev  0x0000401a      0x257 src/ASF/sam0/utils/syscalls/gcc/syscalls.o
 .debug_abbrev  0x00004271      0x5c4 src/main.o

.debug_loc      0x00000000     0x6a1c
 .debug_loc     0x00000000       0xe4 src/ASF/common2/services/delay/sam0/systick_counter.o
 .debug_loc     0x000000e4      0x582 src/ASF/sam0/drivers/events/events_hooks.o
 .debug_loc     0x00000666      0x44b src/ASF/sam0/drivers/events/events_sam_d_r_h/events.o
 .debug_loc     0x00000ab1      0x2ac src/ASF/sam0/drivers/extint/extint_callback.o
 .debug_loc     0x00000d5d      0x43d src/ASF/sam0/drivers/extint/extint_sam_d_r_h/extint.o
 .debug_loc     0x0000119a      0x9d5 src/ASF/sam0/drivers/sercom/sercom.o
 .debug_loc     0x00001b6f      0xdc4 src/ASF/sam0/drivers/tc/tc_sam_d_r_h/tc.o
 .debug_loc     0x00002933       0xca src/ASF/sam0/utils/stdio/read.o
 .debug_loc     0x000029fd      0x130 src/ASF/sam0/utils/stdio/write.o
 .debug_loc     0x00002b2d      0xe2f src/ASF/sam0/drivers/sercom/usart/usart.o
 .debug_loc     0x0000395c      0x711 src/ASF/sam0/drivers/sercom/usart/usart_interrupt.o
 .debug_loc     0x0000406d      0x161 src/ASF/sam0/drivers/sercom/sercom_interrupt.o
 .debug_loc     0x000041ce       0x8a src/ASF/sam0/boards/samr21_xplained_pro/board_init.o
 .debug_loc     0x00004258      0x13d src/ASF/sam0/drivers/port/port.o
 .debug_loc     0x00004395      0xf19 src/ASF/sam0/drivers/system/clock/clock_samd21_r21_da_ha1/clock.o
 .debug_loc     0x000052ae      0x504 src/ASF/sam0/drivers/system/clock/clock_samd21_r21_da_ha1/gclk.o
 .debug_loc     0x000057b2      0x322 src/ASF/sam0/drivers/system/pinmux/pinmux.o
 .debug_loc     0x00005ad4       0x20 src/ASF/sam0/drivers/system/system.o
 .debug_loc     0x00005af4       0x40 src/ASF/sam0/utils/cmsis/samr21/source/gcc/startup_samr21.o
 .debug_loc     0x00005b34       0xef src/ASF/sam0/utils/syscalls/gcc/syscalls.o
 .debug_loc     0x00005c23      0xdf9 src/main.o

.debug_aranges  0x00000000      0x660
 .debug_aranges
                0x00000000       0x30 src/ASF/common2/services/delay/sam0/systick_counter.o
 .debug_aranges
                0x00000030       0x58 src/ASF/sam0/drivers/events/events_hooks.o
 .debug_aranges
                0x00000088       0x80 src/ASF/sam0/drivers/events/events_sam_d_r_h/events.o
 .debug_aranges
                0x00000108       0x48 src/ASF/sam0/drivers/extint/extint_callback.o
 .debug_aranges
                0x00000150       0x50 src/ASF/sam0/drivers/extint/extint_sam_d_r_h/extint.o
 .debug_aranges
                0x000001a0       0x48 src/ASF/sam0/drivers/sercom/sercom.o
 .debug_aranges
                0x000001e8       0x58 src/ASF/sam0/drivers/tc/tc_sam_d_r_h/tc.o
 .debug_aranges
                0x00000240       0x20 src/ASF/sam0/utils/stdio/read.o
 .debug_aranges
                0x00000260       0x20 src/ASF/sam0/utils/stdio/write.o
 .debug_aranges
                0x00000280       0x40 src/ASF/sam0/drivers/sercom/usart/usart.o
 .debug_aranges
                0x000002c0       0x70 src/ASF/sam0/drivers/sercom/usart/usart_interrupt.o
 .debug_aranges
                0x00000330       0x60 src/ASF/sam0/drivers/sercom/sercom_interrupt.o
 .debug_aranges
                0x00000390       0x28 src/ASF/common/utils/interrupt/interrupt_sam_nvic.o
 .debug_aranges
                0x000003b8       0x20 src/ASF/sam0/boards/samr21_xplained_pro/board_init.o
 .debug_aranges
                0x000003d8       0x28 src/ASF/sam0/drivers/port/port.o
 .debug_aranges
                0x00000400       0x78 src/ASF/sam0/drivers/system/clock/clock_samd21_r21_da_ha1/clock.o
 .debug_aranges
                0x00000478       0x80 src/ASF/sam0/drivers/system/clock/clock_samd21_r21_da_ha1/gclk.o
 .debug_aranges
                0x000004f8       0x38 src/ASF/sam0/drivers/system/pinmux/pinmux.o
 .debug_aranges
                0x00000530       0x28 src/ASF/sam0/drivers/system/system.o
 .debug_aranges
                0x00000558       0x28 src/ASF/sam0/utils/cmsis/samr21/source/gcc/startup_samr21.o
 .debug_aranges
                0x00000580       0x60 src/ASF/sam0/utils/syscalls/gcc/syscalls.o
 .debug_aranges
                0x000005e0       0x80 src/main.o

.debug_ranges   0x00000000      0x748
 .debug_ranges  0x00000000       0x50 src/ASF/common2/services/delay/sam0/systick_counter.o
 .debug_ranges  0x00000050       0x48 src/ASF/sam0/drivers/events/events_hooks.o
 .debug_ranges  0x00000098       0xa0 src/ASF/sam0/drivers/events/events_sam_d_r_h/events.o
 .debug_ranges  0x00000138       0x90 src/ASF/sam0/drivers/extint/extint_callback.o
 .debug_ranges  0x000001c8       0x40 src/ASF/sam0/drivers/extint/extint_sam_d_r_h/extint.o
 .debug_ranges  0x00000208       0x50 src/ASF/sam0/drivers/sercom/sercom.o
 .debug_ranges  0x00000258       0x98 src/ASF/sam0/drivers/tc/tc_sam_d_r_h/tc.o
 .debug_ranges  0x000002f0       0x10 src/ASF/sam0/utils/stdio/read.o
 .debug_ranges  0x00000300       0x10 src/ASF/sam0/utils/stdio/write.o
 .debug_ranges  0x00000310      0x140 src/ASF/sam0/drivers/sercom/usart/usart.o
 .debug_ranges  0x00000450       0x60 src/ASF/sam0/drivers/sercom/usart/usart_interrupt.o
 .debug_ranges  0x000004b0       0x50 src/ASF/sam0/drivers/sercom/sercom_interrupt.o
 .debug_ranges  0x00000500       0x18 src/ASF/common/utils/interrupt/interrupt_sam_nvic.o
 .debug_ranges  0x00000518       0x10 src/ASF/sam0/boards/samr21_xplained_pro/board_init.o
 .debug_ranges  0x00000528       0x18 src/ASF/sam0/drivers/port/port.o
 .debug_ranges  0x00000540       0x68 src/ASF/sam0/drivers/system/clock/clock_samd21_r21_da_ha1/clock.o
 .debug_ranges  0x000005a8       0x88 src/ASF/sam0/drivers/system/clock/clock_samd21_r21_da_ha1/gclk.o
 .debug_ranges  0x00000630       0x28 src/ASF/sam0/drivers/system/pinmux/pinmux.o
 .debug_ranges  0x00000658       0x18 src/ASF/sam0/drivers/system/system.o
 .debug_ranges  0x00000670       0x18 src/ASF/sam0/utils/cmsis/samr21/source/gcc/startup_samr21.o
 .debug_ranges  0x00000688       0x50 src/ASF/sam0/utils/syscalls/gcc/syscalls.o
 .debug_ranges  0x000006d8       0x70 src/main.o

.debug_macro    0x00000000    0x1a8e9
 .debug_macro   0x00000000      0x525 src/ASF/common2/services/delay/sam0/systick_counter.o
 .debug_macro   0x00000525      0x8c8 src/ASF/common2/services/delay/sam0/systick_counter.o
 .debug_macro   0x00000ded      0x16d src/ASF/common2/services/delay/sam0/systick_counter.o
 .debug_macro   0x00000f5a      0x64b src/ASF/common2/services/delay/sam0/systick_counter.o
 .debug_macro   0x000015a5       0x22 src/ASF/common2/services/delay/sam0/systick_counter.o
 .debug_macro   0x000015c7       0x87 src/ASF/common2/services/delay/sam0/systick_counter.o
 .debug_macro   0x0000164e       0x51 src/ASF/common2/services/delay/sam0/systick_counter.o
 .debug_macro   0x0000169f       0xef src/ASF/common2/services/delay/sam0/systick_counter.o
 .debug_macro   0x0000178e       0x6a src/ASF/common2/services/delay/sam0/systick_counter.o
 .debug_macro   0x000017f8      0x1df src/ASF/common2/services/delay/sam0/systick_counter.o
 .debug_macro   0x000019d7       0x10 src/ASF/common2/services/delay/sam0/systick_counter.o
 .debug_macro   0x000019e7       0x76 src/ASF/common2/services/delay/sam0/systick_counter.o
 .debug_macro   0x00001a5d       0x16 src/ASF/common2/services/delay/sam0/systick_counter.o
 .debug_macro   0x00001a73      0x6e5 src/ASF/common2/services/delay/sam0/systick_counter.o
 .debug_macro   0x00002158      0xde2 src/ASF/common2/services/delay/sam0/systick_counter.o
 .debug_macro   0x00002f3a       0x22 src/ASF/common2/services/delay/sam0/systick_counter.o
 .debug_macro   0x00002f5c       0x40 src/ASF/common2/services/delay/sam0/systick_counter.o
 .debug_macro   0x00002f9c       0x3a src/ASF/common2/services/delay/sam0/systick_counter.o
 .debug_macro   0x00002fd6       0x1f src/ASF/common2/services/delay/sam0/systick_counter.o
 .debug_macro   0x00002ff5      0x250 src/ASF/common2/services/delay/sam0/systick_counter.o
 .debug_macro   0x00003245      0x682 src/ASF/common2/services/delay/sam0/systick_counter.o
 .debug_macro   0x000038c7      0x8bf src/ASF/common2/services/delay/sam0/systick_counter.o
 .debug_macro   0x00004186      0xd6a src/ASF/common2/services/delay/sam0/systick_counter.o
 .debug_macro   0x00004ef0      0x4ce src/ASF/common2/services/delay/sam0/systick_counter.o
 .debug_macro   0x000053be      0x9f8 src/ASF/common2/services/delay/sam0/systick_counter.o
 .debug_macro   0x00005db6      0x82b src/ASF/common2/services/delay/sam0/systick_counter.o
 .debug_macro   0x000065e1      0x45f src/ASF/common2/services/delay/sam0/systick_counter.o
 .debug_macro   0x00006a40       0x5e src/ASF/common2/services/delay/sam0/systick_counter.o
 .debug_macro   0x00006a9e      0x225 src/ASF/common2/services/delay/sam0/systick_counter.o
 .debug_macro   0x00006cc3      0x797 src/ASF/common2/services/delay/sam0/systick_counter.o
 .debug_macro   0x0000745a       0x5e src/ASF/common2/services/delay/sam0/systick_counter.o
 .debug_macro   0x000074b8      0x60a src/ASF/common2/services/delay/sam0/systick_counter.o
 .debug_macro   0x00007ac2      0x3b6 src/ASF/common2/services/delay/sam0/systick_counter.o
 .debug_macro   0x00007e78       0x94 src/ASF/common2/services/delay/sam0/systick_counter.o
 .debug_macro   0x00007f0c      0xc55 src/ASF/common2/services/delay/sam0/systick_counter.o
 .debug_macro   0x00008b61     0x1092 src/ASF/common2/services/delay/sam0/systick_counter.o
 .debug_macro   0x00009bf3      0xc4a src/ASF/common2/services/delay/sam0/systick_counter.o
 .debug_macro   0x0000a83d      0x6bf src/ASF/common2/services/delay/sam0/systick_counter.o
 .debug_macro   0x0000aefc     0x1b4b src/ASF/common2/services/delay/sam0/systick_counter.o
 .debug_macro   0x0000ca47     0x144a src/ASF/common2/services/delay/sam0/systick_counter.o
 .debug_macro   0x0000de91      0x34e src/ASF/common2/services/delay/sam0/systick_counter.o
 .debug_macro   0x0000e1df       0x7c src/ASF/common2/services/delay/sam0/systick_counter.o
 .debug_macro   0x0000e25b       0xa0 src/ASF/common2/services/delay/sam0/systick_counter.o
 .debug_macro   0x0000e2fb       0xca src/ASF/common2/services/delay/sam0/systick_counter.o
 .debug_macro   0x0000e3c5       0x94 src/ASF/common2/services/delay/sam0/systick_counter.o
 .debug_macro   0x0000e459       0x58 src/ASF/common2/services/delay/sam0/systick_counter.o
 .debug_macro   0x0000e4b1      0x364 src/ASF/common2/services/delay/sam0/systick_counter.o
 .debug_macro   0x0000e815       0x82 src/ASF/common2/services/delay/sam0/systick_counter.o
 .debug_macro   0x0000e897      0x197 src/ASF/common2/services/delay/sam0/systick_counter.o
 .debug_macro   0x0000ea2e       0xa0 src/ASF/common2/services/delay/sam0/systick_counter.o
 .debug_macro   0x0000eace       0xb2 src/ASF/common2/services/delay/sam0/systick_counter.o
 .debug_macro   0x0000eb80       0x1c src/ASF/common2/services/delay/sam0/systick_counter.o
 .debug_macro   0x0000eb9c       0x1c src/ASF/common2/services/delay/sam0/systick_counter.o
 .debug_macro   0x0000ebb8       0x1c src/ASF/common2/services/delay/sam0/systick_counter.o
 .debug_macro   0x0000ebd4       0x7c src/ASF/common2/services/delay/sam0/systick_counter.o
 .debug_macro   0x0000ec50      0x1c6 src/ASF/common2/services/delay/sam0/systick_counter.o
 .debug_macro   0x0000ee16       0x16 src/ASF/common2/services/delay/sam0/systick_counter.o
 .debug_macro   0x0000ee2c       0xdc src/ASF/common2/services/delay/sam0/systick_counter.o
 .debug_macro   0x0000ef08      0x12f src/ASF/common2/services/delay/sam0/systick_counter.o
 .debug_macro   0x0000f037      0x12f src/ASF/common2/services/delay/sam0/systick_counter.o
 .debug_macro   0x0000f166      0x12f src/ASF/common2/services/delay/sam0/systick_counter.o
 .debug_macro   0x0000f295      0x12f src/ASF/common2/services/delay/sam0/systick_counter.o
 .debug_macro   0x0000f3c4      0x12f src/ASF/common2/services/delay/sam0/systick_counter.o
 .debug_macro   0x0000f4f3      0x12f src/ASF/common2/services/delay/sam0/systick_counter.o
 .debug_macro   0x0000f622      0x11e src/ASF/common2/services/delay/sam0/systick_counter.o
 .debug_macro   0x0000f740       0xe2 src/ASF/common2/services/delay/sam0/systick_counter.o
 .debug_macro   0x0000f822       0xe2 src/ASF/common2/services/delay/sam0/systick_counter.o
 .debug_macro   0x0000f904       0xe2 src/ASF/common2/services/delay/sam0/systick_counter.o
 .debug_macro   0x0000f9e6      0x12c src/ASF/common2/services/delay/sam0/systick_counter.o
 .debug_macro   0x0000fb12      0x100 src/ASF/common2/services/delay/sam0/systick_counter.o
 .debug_macro   0x0000fc12       0xf4 src/ASF/common2/services/delay/sam0/systick_counter.o
 .debug_macro   0x0000fd06      0x40f src/ASF/common2/services/delay/sam0/systick_counter.o
 .debug_macro   0x00010115       0x40 src/ASF/common2/services/delay/sam0/systick_counter.o
 .debug_macro   0x00010155      0x345 src/ASF/common2/services/delay/sam0/systick_counter.o
 .debug_macro   0x0001049a     0x174b src/ASF/common2/services/delay/sam0/systick_counter.o
 .debug_macro   0x00011be5       0x74 src/ASF/common2/services/delay/sam0/systick_counter.o
 .debug_macro   0x00011c59       0x52 src/ASF/common2/services/delay/sam0/systick_counter.o
 .debug_macro   0x00011cab       0x35 src/ASF/common2/services/delay/sam0/systick_counter.o
 .debug_macro   0x00011ce0       0x9c src/ASF/common2/services/delay/sam0/systick_counter.o
 .debug_macro   0x00011d7c       0x16 src/ASF/common2/services/delay/sam0/systick_counter.o
 .debug_macro   0x00011d92       0x35 src/ASF/common2/services/delay/sam0/systick_counter.o
 .debug_macro   0x00011dc7      0x330 src/ASF/common2/services/delay/sam0/systick_counter.o
 .debug_macro   0x000120f7       0x10 src/ASF/common2/services/delay/sam0/systick_counter.o
 .debug_macro   0x00012107       0x52 src/ASF/common2/services/delay/sam0/systick_counter.o
 .debug_macro   0x00012159       0x1f src/ASF/common2/services/delay/sam0/systick_counter.o
 .debug_macro   0x00012178       0x43 src/ASF/common2/services/delay/sam0/systick_counter.o
 .debug_macro   0x000121bb       0x20 src/ASF/common2/services/delay/sam0/systick_counter.o
 .debug_macro   0x000121db      0x187 src/ASF/common2/services/delay/sam0/systick_counter.o
 .debug_macro   0x00012362       0x10 src/ASF/common2/services/delay/sam0/systick_counter.o
 .debug_macro   0x00012372       0x1c src/ASF/common2/services/delay/sam0/systick_counter.o
 .debug_macro   0x0001238e       0x52 src/ASF/common2/services/delay/sam0/systick_counter.o
 .debug_macro   0x000123e0       0x40 src/ASF/common2/services/delay/sam0/systick_counter.o
 .debug_macro   0x00012420       0x10 src/ASF/common2/services/delay/sam0/systick_counter.o
 .debug_macro   0x00012430       0x40 src/ASF/common2/services/delay/sam0/systick_counter.o
 .debug_macro   0x00012470       0xd7 src/ASF/common2/services/delay/sam0/systick_counter.o
 .debug_macro   0x00012547       0x16 src/ASF/common2/services/delay/sam0/systick_counter.o
 .debug_macro   0x0001255d      0x18b src/ASF/common2/services/delay/sam0/systick_counter.o
 .debug_macro   0x000126e8       0x16 src/ASF/common2/services/delay/sam0/systick_counter.o
 .debug_macro   0x000126fe       0x16 src/ASF/common2/services/delay/sam0/systick_counter.o
 .debug_macro   0x00012714       0x29 src/ASF/common2/services/delay/sam0/systick_counter.o
 .debug_macro   0x0001273d       0x51 src/ASF/common2/services/delay/sam0/systick_counter.o
 .debug_macro   0x0001278e       0x3f src/ASF/common2/services/delay/sam0/systick_counter.o
 .debug_macro   0x000127cd      0x3df src/ASF/common2/services/delay/sam0/systick_counter.o
 .debug_macro   0x00012bac       0x11 src/ASF/common2/services/delay/sam0/systick_counter.o
 .debug_macro   0x00012bbd       0x16 src/ASF/common2/services/delay/sam0/systick_counter.o
 .debug_macro   0x00012bd3       0x16 src/ASF/common2/services/delay/sam0/systick_counter.o
 .debug_macro   0x00012be9      0x53a src/ASF/sam0/drivers/events/events_hooks.o
 .debug_macro   0x00013123       0x27 src/ASF/sam0/drivers/events/events_hooks.o
 .debug_macro   0x0001314a       0x2e src/ASF/sam0/drivers/events/events_hooks.o
 .debug_macro   0x00013178      0x567 src/ASF/sam0/drivers/events/events_sam_d_r_h/events.o
 .debug_macro   0x000136df       0x11 src/ASF/sam0/drivers/events/events_sam_d_r_h/events.o
 .debug_macro   0x000136f0       0x16 src/ASF/sam0/drivers/events/events_sam_d_r_h/events.o
 .debug_macro   0x00013706      0x50f src/ASF/sam0/drivers/extint/extint_callback.o
 .debug_macro   0x00013c15       0x19 src/ASF/sam0/drivers/extint/extint_callback.o
 .debug_macro   0x00013c2e      0x569 src/ASF/sam0/drivers/extint/extint_sam_d_r_h/extint.o
 .debug_macro   0x00014197       0x1f src/ASF/sam0/drivers/extint/extint_sam_d_r_h/extint.o
 .debug_macro   0x000141b6       0x16 src/ASF/sam0/drivers/extint/extint_sam_d_r_h/extint.o
 .debug_macro   0x000141cc      0x577 src/ASF/sam0/drivers/sercom/sercom.o
 .debug_macro   0x00014743       0xa0 src/ASF/sam0/drivers/sercom/sercom.o
 .debug_macro   0x000147e3       0x10 src/ASF/sam0/drivers/sercom/sercom.o
 .debug_macro   0x000147f3      0x53a src/ASF/sam0/drivers/tc/tc_sam_d_r_h/tc.o
 .debug_macro   0x00014d2d       0x66 src/ASF/sam0/drivers/tc/tc_sam_d_r_h/tc.o
 .debug_macro   0x00014d93      0x4ea src/ASF/sam0/utils/stdio/read.o
 .debug_macro   0x0001527d      0x4ea src/ASF/sam0/utils/stdio/write.o
 .debug_macro   0x00015767      0x588 src/ASF/sam0/drivers/sercom/usart/usart.o
 .debug_macro   0x00015cef       0x51 src/ASF/sam0/drivers/sercom/usart/usart.o
 .debug_macro   0x00015d40      0x588 src/ASF/sam0/drivers/sercom/usart/usart_interrupt.o
 .debug_macro   0x000162c8      0x574 src/ASF/sam0/drivers/sercom/sercom_interrupt.o
 .debug_macro   0x0001683c      0x4ea src/ASF/common/utils/interrupt/interrupt_sam_nvic.o
 .debug_macro   0x00016d26      0x526 src/ASF/sam0/boards/samr21_xplained_pro/board_init.o
 .debug_macro   0x0001724c      0x2c6 src/ASF/sam0/boards/samr21_xplained_pro/board_init.o
 .debug_macro   0x00017512      0x69f src/ASF/sam0/boards/samr21_xplained_pro/board_init.o
 .debug_macro   0x00017bb1       0x19 src/ASF/sam0/boards/samr21_xplained_pro/board_init.o
 .debug_macro   0x00017bca      0x504 src/ASF/sam0/drivers/port/port.o
 .debug_macro   0x000180ce      0x55b src/ASF/sam0/drivers/system/clock/clock_samd21_r21_da_ha1/clock.o
 .debug_macro   0x00018629      0x29d src/ASF/sam0/drivers/system/clock/clock_samd21_r21_da_ha1/clock.o
 .debug_macro   0x000188c6      0x520 src/ASF/sam0/drivers/system/clock/clock_samd21_r21_da_ha1/gclk.o
 .debug_macro   0x00018de6      0x4fc src/ASF/sam0/drivers/system/pinmux/pinmux.o
 .debug_macro   0x000192e2      0x52d src/ASF/sam0/drivers/system/system.o
 .debug_macro   0x0001980f      0x2d1 src/ASF/sam0/utils/cmsis/samr21/source/gcc/startup_samr21.o
 .debug_macro   0x00019ae0       0x3a src/ASF/sam0/utils/cmsis/samr21/source/gcc/startup_samr21.o
 .debug_macro   0x00019b1a      0x1d6 src/ASF/sam0/utils/syscalls/gcc/syscalls.o
 .debug_macro   0x00019cf0       0x4c src/ASF/sam0/utils/syscalls/gcc/syscalls.o
 .debug_macro   0x00019d3c       0x8d src/ASF/sam0/utils/syscalls/gcc/syscalls.o
 .debug_macro   0x00019dc9       0x57 src/ASF/sam0/utils/syscalls/gcc/syscalls.o
 .debug_macro   0x00019e20       0x97 src/ASF/sam0/utils/syscalls/gcc/syscalls.o
 .debug_macro   0x00019eb7       0xf6 src/ASF/sam0/utils/syscalls/gcc/syscalls.o
 .debug_macro   0x00019fad       0x4c src/ASF/sam0/utils/syscalls/gcc/syscalls.o
 .debug_macro   0x00019ff9       0x16 src/ASF/sam0/utils/syscalls/gcc/syscalls.o
 .debug_macro   0x0001a00f       0x10 src/ASF/sam0/utils/syscalls/gcc/syscalls.o
 .debug_macro   0x0001a01f       0x10 src/ASF/sam0/utils/syscalls/gcc/syscalls.o
 .debug_macro   0x0001a02f       0x35 src/ASF/sam0/utils/syscalls/gcc/syscalls.o
 .debug_macro   0x0001a064      0x122 src/ASF/sam0/utils/syscalls/gcc/syscalls.o
 .debug_macro   0x0001a186      0x681 src/main.o
 .debug_macro   0x0001a807       0x1f src/main.o
 .debug_macro   0x0001a826       0x57 src/main.o
 .debug_macro   0x0001a87d       0x6c src/main.o

.debug_line     0x00000000     0xe6d8
 .debug_line    0x00000000      0x9b0 src/ASF/common2/services/delay/sam0/systick_counter.o
 .debug_line    0x000009b0      0xa44 src/ASF/sam0/drivers/events/events_hooks.o
 .debug_line    0x000013f4      0xc55 src/ASF/sam0/drivers/events/events_sam_d_r_h/events.o
 .debug_line    0x00002049      0x9bc src/ASF/sam0/drivers/extint/extint_callback.o
 .debug_line    0x00002a05      0xc1c src/ASF/sam0/drivers/extint/extint_sam_d_r_h/extint.o
 .debug_line    0x00003621      0xbc0 src/ASF/sam0/drivers/sercom/sercom.o
 .debug_line    0x000041e1      0xcce src/ASF/sam0/drivers/tc/tc_sam_d_r_h/tc.o
 .debug_line    0x00004eaf      0x897 src/ASF/sam0/utils/stdio/read.o
 .debug_line    0x00005746      0x88b src/ASF/sam0/utils/stdio/write.o
 .debug_line    0x00005fd1      0xd2a src/ASF/sam0/drivers/sercom/usart/usart.o
 .debug_line    0x00006cfb      0xcb8 src/ASF/sam0/drivers/sercom/usart/usart_interrupt.o
 .debug_line    0x000079b3      0xb63 src/ASF/sam0/drivers/sercom/sercom_interrupt.o
 .debug_line    0x00008516      0x8ba src/ASF/common/utils/interrupt/interrupt_sam_nvic.o
 .debug_line    0x00008dd0      0x961 src/ASF/sam0/boards/samr21_xplained_pro/board_init.o
 .debug_line    0x00009731      0x8e6 src/ASF/sam0/drivers/port/port.o
 .debug_line    0x0000a017      0xc4b src/ASF/sam0/drivers/system/clock/clock_samd21_r21_da_ha1/clock.o
 .debug_line    0x0000ac62      0xc62 src/ASF/sam0/drivers/system/clock/clock_samd21_r21_da_ha1/gclk.o
 .debug_line    0x0000b8c4      0x916 src/ASF/sam0/drivers/system/pinmux/pinmux.o
 .debug_line    0x0000c1da      0x9dd src/ASF/sam0/drivers/system/system.o
 .debug_line    0x0000cbb7      0x638 src/ASF/sam0/utils/cmsis/samr21/source/gcc/startup_samr21.o
 .debug_line    0x0000d1ef      0x40a src/ASF/sam0/utils/syscalls/gcc/syscalls.o
 .debug_line    0x0000d5f9     0x10df src/main.o

.debug_str      0x00000000    0x84fd5
 .debug_str     0x00000000    0x79357 src/ASF/common2/services/delay/sam0/systick_counter.o
                              0x79769 (size before relaxing)
 .debug_str     0x00079357      0xdac src/ASF/sam0/drivers/events/events_hooks.o
                              0x7a2e9 (size before relaxing)
 .debug_str     0x0007a103      0x8cb src/ASF/sam0/drivers/events/events_sam_d_r_h/events.o
                              0x7a6a4 (size before relaxing)
 .debug_str     0x0007a9ce      0x57d src/ASF/sam0/drivers/extint/extint_callback.o
                              0x79d76 (size before relaxing)
 .debug_str     0x0007af4b      0x4fa src/ASF/sam0/drivers/extint/extint_sam_d_r_h/extint.o
                              0x7ad05 (size before relaxing)
 .debug_str     0x0007b445      0xeb5 src/ASF/sam0/drivers/sercom/sercom.o
                              0x7ac02 (size before relaxing)
 .debug_str     0x0007c2fa      0xa20 src/ASF/sam0/drivers/tc/tc_sam_d_r_h/tc.o
                              0x7a8b7 (size before relaxing)
 .debug_str     0x0007cd1a       0x3d src/ASF/sam0/utils/stdio/read.o
                              0x79500 (size before relaxing)
 .debug_str     0x0007cd57       0x2c src/ASF/sam0/utils/stdio/write.o
                              0x79501 (size before relaxing)
 .debug_str     0x0007cd83      0xcd5 src/ASF/sam0/drivers/sercom/usart/usart.o
                              0x7b9af (size before relaxing)
 .debug_str     0x0007da58      0x18a src/ASF/sam0/drivers/sercom/usart/usart_interrupt.o
                              0x7ac25 (size before relaxing)
 .debug_str     0x0007dbe2      0x175 src/ASF/sam0/drivers/sercom/sercom_interrupt.o
                              0x7aa2d (size before relaxing)
 .debug_str     0x0007dd57       0x66 src/ASF/common/utils/interrupt/interrupt_sam_nvic.o
                              0x79559 (size before relaxing)
 .debug_str     0x0007ddbd     0x2cc6 src/ASF/sam0/boards/samr21_xplained_pro/board_init.o
                              0x7c23e (size before relaxing)
 .debug_str     0x00080a83       0x5e src/ASF/sam0/drivers/port/port.o
                              0x79974 (size before relaxing)
 .debug_str     0x00080ae1     0x276b src/ASF/sam0/drivers/system/clock/clock_samd21_r21_da_ha1/clock.o
                              0x7c694 (size before relaxing)
 .debug_str     0x0008324c      0x1c2 src/ASF/sam0/drivers/system/clock/clock_samd21_r21_da_ha1/gclk.o
                              0x7a1ec (size before relaxing)
 .debug_str     0x0008340e       0xf4 src/ASF/sam0/drivers/system/pinmux/pinmux.o
                              0x79950 (size before relaxing)
 .debug_str     0x00083502       0x47 src/ASF/sam0/drivers/system/system.o
                              0x79610 (size before relaxing)
 .debug_str     0x00083549      0xf0e src/ASF/sam0/utils/cmsis/samr21/source/gcc/startup_samr21.o
                              0x656c3 (size before relaxing)
 .debug_str     0x00084457      0x76b src/ASF/sam0/utils/syscalls/gcc/syscalls.o
                               0x725e (size before relaxing)
 .debug_str     0x00084bc2      0x413 src/main.o
                              0x7f2dc (size before relaxing)

.debug_frame    0x00000000     0x1800
 .debug_frame   0x00000000       0x64 src/ASF/common2/services/delay/sam0/systick_counter.o
 .debug_frame   0x00000064       0xb8 src/ASF/sam0/drivers/events/events_hooks.o
 .debug_frame   0x0000011c      0x120 src/ASF/sam0/drivers/events/events_sam_d_r_h/events.o
 .debug_frame   0x0000023c       0x7c src/ASF/sam0/drivers/extint/extint_callback.o
 .debug_frame   0x000002b8       0xb8 src/ASF/sam0/drivers/extint/extint_sam_d_r_h/extint.o
 .debug_frame   0x00000370       0xbc src/ASF/sam0/drivers/sercom/sercom.o
 .debug_frame   0x0000042c       0xb4 src/ASF/sam0/drivers/tc/tc_sam_d_r_h/tc.o
 .debug_frame   0x000004e0       0x34 src/ASF/sam0/utils/stdio/read.o
 .debug_frame   0x00000514       0x34 src/ASF/sam0/utils/stdio/write.o
 .debug_frame   0x00000548       0xac src/ASF/sam0/drivers/sercom/usart/usart.o
 .debug_frame   0x000005f4      0x110 src/ASF/sam0/drivers/sercom/usart/usart_interrupt.o
 .debug_frame   0x00000704       0xe8 src/ASF/sam0/drivers/sercom/sercom_interrupt.o
 .debug_frame   0x000007ec       0x30 src/ASF/common/utils/interrupt/interrupt_sam_nvic.o
 .debug_frame   0x0000081c       0x30 src/ASF/sam0/boards/samr21_xplained_pro/board_init.o
 .debug_frame   0x0000084c       0x44 src/ASF/sam0/drivers/port/port.o
 .debug_frame   0x00000890      0x158 src/ASF/sam0/drivers/system/clock/clock_samd21_r21_da_ha1/clock.o
 .debug_frame   0x000009e8      0x148 src/ASF/sam0/drivers/system/clock/clock_samd21_r21_da_ha1/gclk.o
 .debug_frame   0x00000b30       0x74 src/ASF/sam0/drivers/system/pinmux/pinmux.o
 .debug_frame   0x00000ba4       0x38 src/ASF/sam0/drivers/system/system.o
 .debug_frame   0x00000bdc       0x40 src/ASF/sam0/utils/cmsis/samr21/source/gcc/startup_samr21.o
 .debug_frame   0x00000c1c       0xa0 src/ASF/sam0/utils/syscalls/gcc/syscalls.o
 .debug_frame   0x00000cbc      0x168 src/main.o
 .debug_frame   0x00000e24       0x20 c:/program files (x86)/atmel/studio/7.0/toolchain/arm/arm-gnu-toolchain/bin/../lib/gcc/arm-none-eabi/6.2.1/thumb/v6-m\libgcc.a(_udivsi3.o)
 .debug_frame   0x00000e44       0x20 c:/program files (x86)/atmel/studio/7.0/toolchain/arm/arm-gnu-toolchain/bin/../lib/gcc/arm-none-eabi/6.2.1/thumb/v6-m\libgcc.a(_divsi3.o)
 .debug_frame   0x00000e64       0x34 c:/program files (x86)/atmel/studio/7.0/toolchain/arm/arm-gnu-toolchain/bin/../lib/gcc/arm-none-eabi/6.2.1/thumb/v6-m\libgcc.a(_muldi3.o)
 .debug_frame   0x00000e98       0x3c c:/program files (x86)/atmel/studio/7.0/toolchain/arm/arm-gnu-toolchain/bin/../lib/gcc/arm-none-eabi/6.2.1/thumb/v6-m\libgcc.a(divsf3.o)
 .debug_frame   0x00000ed4       0x2c c:/program files (x86)/atmel/studio/7.0/toolchain/arm/arm-gnu-toolchain/bin/../lib/gcc/arm-none-eabi/6.2.1/thumb/v6-m\libgcc.a(eqsf2.o)
 .debug_frame   0x00000f00       0x30 c:/program files (x86)/atmel/studio/7.0/toolchain/arm/arm-gnu-toolchain/bin/../lib/gcc/arm-none-eabi/6.2.1/thumb/v6-m\libgcc.a(gesf2.o)
 .debug_frame   0x00000f30       0x30 c:/program files (x86)/atmel/studio/7.0/toolchain/arm/arm-gnu-toolchain/bin/../lib/gcc/arm-none-eabi/6.2.1/thumb/v6-m\libgcc.a(lesf2.o)
 .debug_frame   0x00000f60       0x2c c:/program files (x86)/atmel/studio/7.0/toolchain/arm/arm-gnu-toolchain/bin/../lib/gcc/arm-none-eabi/6.2.1/thumb/v6-m\libgcc.a(floatsisf.o)
 .debug_frame   0x00000f8c       0x38 c:/program files (x86)/atmel/studio/7.0/toolchain/arm/arm-gnu-toolchain/bin/../lib/gcc/arm-none-eabi/6.2.1/thumb/v6-m\libgcc.a(eqdf2.o)
 .debug_frame   0x00000fc4       0x38 c:/program files (x86)/atmel/studio/7.0/toolchain/arm/arm-gnu-toolchain/bin/../lib/gcc/arm-none-eabi/6.2.1/thumb/v6-m\libgcc.a(gedf2.o)
 .debug_frame   0x00000ffc       0x38 c:/program files (x86)/atmel/studio/7.0/toolchain/arm/arm-gnu-toolchain/bin/../lib/gcc/arm-none-eabi/6.2.1/thumb/v6-m\libgcc.a(ledf2.o)
 .debug_frame   0x00001034       0x2c c:/program files (x86)/atmel/studio/7.0/toolchain/arm/arm-gnu-toolchain/bin/../lib/gcc/arm-none-eabi/6.2.1/thumb/v6-m\libgcc.a(extendsfdf2.o)
 .debug_frame   0x00001060       0x2c c:/program files (x86)/atmel/studio/7.0/toolchain/arm/arm-gnu-toolchain/bin/../lib/gcc/arm-none-eabi/6.2.1/../../../../arm-none-eabi/lib/thumb/v6-m\libc_nano.a(lib_a-init.o)
 .debug_frame   0x0000108c       0x20 c:/program files (x86)/atmel/studio/7.0/toolchain/arm/arm-gnu-toolchain/bin/../lib/gcc/arm-none-eabi/6.2.1/../../../../arm-none-eabi/lib/thumb/v6-m\libc_nano.a(lib_a-memset.o)
 .debug_frame   0x000010ac       0x50 c:/program files (x86)/atmel/studio/7.0/toolchain/arm/arm-gnu-toolchain/bin/../lib/gcc/arm-none-eabi/6.2.1/../../../../arm-none-eabi/lib/thumb/v6-m\libc_nano.a(lib_a-printf.o)
 .debug_frame   0x000010fc       0x28 c:/program files (x86)/atmel/studio/7.0/toolchain/arm/arm-gnu-toolchain/bin/../lib/gcc/arm-none-eabi/6.2.1/../../../../arm-none-eabi/lib/thumb/v6-m\libc_nano.a(lib_a-setbuf.o)
 .debug_frame   0x00001124       0x30 c:/program files (x86)/atmel/studio/7.0/toolchain/arm/arm-gnu-toolchain/bin/../lib/gcc/arm-none-eabi/6.2.1/../../../../arm-none-eabi/lib/thumb/v6-m\libc_nano.a(lib_a-setvbuf.o)
 .debug_frame   0x00001154       0x68 c:/program files (x86)/atmel/studio/7.0/toolchain/arm/arm-gnu-toolchain/bin/../lib/gcc/arm-none-eabi/6.2.1/../../../../arm-none-eabi/lib/thumb/v6-m\libc_nano.a(lib_a-fflush.o)
 .debug_frame   0x000011bc      0x140 c:/program files (x86)/atmel/studio/7.0/toolchain/arm/arm-gnu-toolchain/bin/../lib/gcc/arm-none-eabi/6.2.1/../../../../arm-none-eabi/lib/thumb/v6-m\libc_nano.a(lib_a-findfp.o)
 .debug_frame   0x000012fc       0x58 c:/program files (x86)/atmel/studio/7.0/toolchain/arm/arm-gnu-toolchain/bin/../lib/gcc/arm-none-eabi/6.2.1/../../../../arm-none-eabi/lib/thumb/v6-m\libc_nano.a(lib_a-fwalk.o)
 .debug_frame   0x00001354       0x54 c:/program files (x86)/atmel/studio/7.0/toolchain/arm/arm-gnu-toolchain/bin/../lib/gcc/arm-none-eabi/6.2.1/../../../../arm-none-eabi/lib/thumb/v6-m\libc_nano.a(lib_a-makebuf.o)
 .debug_frame   0x000013a8       0x40 c:/program files (x86)/atmel/studio/7.0/toolchain/arm/arm-gnu-toolchain/bin/../lib/gcc/arm-none-eabi/6.2.1/../../../../arm-none-eabi/lib/thumb/v6-m\libc_nano.a(lib_a-malloc.o)
 .debug_frame   0x000013e8       0x2c c:/program files (x86)/atmel/studio/7.0/toolchain/arm/arm-gnu-toolchain/bin/../lib/gcc/arm-none-eabi/6.2.1/../../../../arm-none-eabi/lib/thumb/v6-m\libc_nano.a(lib_a-nano-freer.o)
 .debug_frame   0x00001414       0x2c c:/program files (x86)/atmel/studio/7.0/toolchain/arm/arm-gnu-toolchain/bin/../lib/gcc/arm-none-eabi/6.2.1/../../../../arm-none-eabi/lib/thumb/v6-m\libc_nano.a(lib_a-nano-mallocr.o)
 .debug_frame   0x00001440       0x9c c:/program files (x86)/atmel/studio/7.0/toolchain/arm/arm-gnu-toolchain/bin/../lib/gcc/arm-none-eabi/6.2.1/../../../../arm-none-eabi/lib/thumb/v6-m\libc_nano.a(lib_a-nano-vfprintf.o)
 .debug_frame   0x000014dc       0x54 c:/program files (x86)/atmel/studio/7.0/toolchain/arm/arm-gnu-toolchain/bin/../lib/gcc/arm-none-eabi/6.2.1/../../../../arm-none-eabi/lib/thumb/v6-m\libc_nano.a(lib_a-nano-vfprintf_i.o)
 .debug_frame   0x00001530       0x2c c:/program files (x86)/atmel/studio/7.0/toolchain/arm/arm-gnu-toolchain/bin/../lib/gcc/arm-none-eabi/6.2.1/../../../../arm-none-eabi/lib/thumb/v6-m\libc_nano.a(lib_a-sbrkr.o)
 .debug_frame   0x0000155c       0x90 c:/program files (x86)/atmel/studio/7.0/toolchain/arm/arm-gnu-toolchain/bin/../lib/gcc/arm-none-eabi/6.2.1/../../../../arm-none-eabi/lib/thumb/v6-m\libc_nano.a(lib_a-stdio.o)