Archive member included to satisfy reference by file (symbol)

c:/program files (x86)/atmel/studio/7.0/toolchain/arm/arm-gnu-toolchain/bin/../lib/gcc/arm-none-eabi/5.3.1/armv6-m\libgcc.a(_udivsi3.o)
                              src/ASF/common2/services/delay/sam0/systick_counter.o (__aeabi_uidiv)
c:/program files (x86)/atmel/studio/7.0/toolchain/arm/arm-gnu-toolchain/bin/../lib/gcc/arm-none-eabi/5.3.1/armv6-m\libgcc.a(_dvmd_tls.o)
                              c:/program files (x86)/atmel/studio/7.0/toolchain/arm/arm-gnu-toolchain/bin/../lib/gcc/arm-none-eabi/5.3.1/armv6-m\libgcc.a(_udivsi3.o) (__aeabi_idiv0)
c:/program files (x86)/atmel/studio/7.0/toolchain/arm/arm-gnu-toolchain/bin/../lib/gcc/arm-none-eabi/5.3.1/armv6-m\libgcc.a(_muldi3.o)
                              src/ASF/sam0/drivers/sercom/sercom.o (__aeabi_lmul)
c:/program files (x86)/atmel/studio/7.0/toolchain/arm/arm-gnu-toolchain/bin/../lib/gcc/arm-none-eabi/5.3.1/../../../../arm-none-eabi/lib/armv6-m\libc_nano.a(lib_a-exit.o)
                              c:/program files (x86)/atmel/studio/7.0/toolchain/arm/arm-gnu-toolchain/bin/../lib/gcc/arm-none-eabi/5.3.1/../../../../arm-none-eabi/lib/armv6-m/crt0.o (exit)
c:/program files (x86)/atmel/studio/7.0/toolchain/arm/arm-gnu-toolchain/bin/../lib/gcc/arm-none-eabi/5.3.1/../../../../arm-none-eabi/lib/armv6-m\libc_nano.a(lib_a-impure.o)
                              c:/program files (x86)/atmel/studio/7.0/toolchain/arm/arm-gnu-toolchain/bin/../lib/gcc/arm-none-eabi/5.3.1/../../../../arm-none-eabi/lib/armv6-m\libc_nano.a(lib_a-exit.o) (_global_impure_ptr)
c:/program files (x86)/atmel/studio/7.0/toolchain/arm/arm-gnu-toolchain/bin/../lib/gcc/arm-none-eabi/5.3.1/../../../../arm-none-eabi/lib/armv6-m\libc_nano.a(lib_a-init.o)
                              c:/program files (x86)/atmel/studio/7.0/toolchain/arm/arm-gnu-toolchain/bin/../lib/gcc/arm-none-eabi/5.3.1/../../../../arm-none-eabi/lib/armv6-m/crt0.o (__libc_init_array)
c:/program files (x86)/atmel/studio/7.0/toolchain/arm/arm-gnu-toolchain/bin/../lib/gcc/arm-none-eabi/5.3.1/../../../../arm-none-eabi/lib/armv6-m\libc_nano.a(lib_a-memcpy-stub.o)
                              src/ASF/sam0/drivers/sercom/sercom_interrupt.o (memcpy)
c:/program files (x86)/atmel/studio/7.0/toolchain/arm/arm-gnu-toolchain/bin/../lib/gcc/arm-none-eabi/5.3.1/../../../../arm-none-eabi/lib/armv6-m\libc_nano.a(lib_a-memset.o)
                              c:/program files (x86)/atmel/studio/7.0/toolchain/arm/arm-gnu-toolchain/bin/../lib/gcc/arm-none-eabi/5.3.1/../../../../arm-none-eabi/lib/armv6-m/crt0.o (memset)
c:/program files (x86)/atmel/studio/7.0/toolchain/arm/arm-gnu-toolchain/bin/../lib/gcc/arm-none-eabi/5.3.1/../../../../arm-none-eabi/lib/armv6-m\libc_nano.a(lib_a-printf.o)
                              src/qs_spi_slave_callback.o (printf)
c:/program files (x86)/atmel/studio/7.0/toolchain/arm/arm-gnu-toolchain/bin/../lib/gcc/arm-none-eabi/5.3.1/../../../../arm-none-eabi/lib/armv6-m\libc_nano.a(lib_a-setbuf.o)
                              src/qs_spi_slave_callback.o (setbuf)
c:/program files (x86)/atmel/studio/7.0/toolchain/arm/arm-gnu-toolchain/bin/../lib/gcc/arm-none-eabi/5.3.1/../../../../arm-none-eabi/lib/armv6-m\libc_nano.a(lib_a-setvbuf.o)
                              c:/program files (x86)/atmel/studio/7.0/toolchain/arm/arm-gnu-toolchain/bin/../lib/gcc/arm-none-eabi/5.3.1/../../../../arm-none-eabi/lib/armv6-m\libc_nano.a(lib_a-setbuf.o) (setvbuf)
c:/program files (x86)/atmel/studio/7.0/toolchain/arm/arm-gnu-toolchain/bin/../lib/gcc/arm-none-eabi/5.3.1/../../../../arm-none-eabi/lib/armv6-m\libc_nano.a(lib_a-fflush.o)
                              c:/program files (x86)/atmel/studio/7.0/toolchain/arm/arm-gnu-toolchain/bin/../lib/gcc/arm-none-eabi/5.3.1/../../../../arm-none-eabi/lib/armv6-m\libc_nano.a(lib_a-setvbuf.o) (_fflush_r)
c:/program files (x86)/atmel/studio/7.0/toolchain/arm/arm-gnu-toolchain/bin/../lib/gcc/arm-none-eabi/5.3.1/../../../../arm-none-eabi/lib/armv6-m\libc_nano.a(lib_a-findfp.o)
                              c:/program files (x86)/atmel/studio/7.0/toolchain/arm/arm-gnu-toolchain/bin/../lib/gcc/arm-none-eabi/5.3.1/../../../../arm-none-eabi/lib/armv6-m\libc_nano.a(lib_a-printf.o) (__sinit)
c:/program files (x86)/atmel/studio/7.0/toolchain/arm/arm-gnu-toolchain/bin/../lib/gcc/arm-none-eabi/5.3.1/../../../../arm-none-eabi/lib/armv6-m\libc_nano.a(lib_a-fwalk.o)
                              c:/program files (x86)/atmel/studio/7.0/toolchain/arm/arm-gnu-toolchain/bin/../lib/gcc/arm-none-eabi/5.3.1/../../../../arm-none-eabi/lib/armv6-m\libc_nano.a(lib_a-findfp.o) (_fwalk)
c:/program files (x86)/atmel/studio/7.0/toolchain/arm/arm-gnu-toolchain/bin/../lib/gcc/arm-none-eabi/5.3.1/../../../../arm-none-eabi/lib/armv6-m\libc_nano.a(lib_a-makebuf.o)
[...]
Memory Configuration

Name             Origin             Length             Attributes
rom              0x00000000         0x00040000         xr
ram              0x20000000         0x00008000         xrw
*default*        0x00000000         0xffffffff

Linker script and memory map

LOAD c:/program files (x86)/atmel/studio/7.0/toolchain/arm/arm-gnu-toolchain/bin/../lib/gcc/arm-none-eabi/5.3.1/armv6-m/crti.o
LOAD c:/program files (x86)/atmel/studio/7.0/toolchain/arm/arm-gnu-toolchain/bin/../lib/gcc/arm-none-eabi/5.3.1/armv6-m/crtbegin.o
LOAD c:/program files (x86)/atmel/studio/7.0/toolchain/arm/arm-gnu-toolchain/bin/../lib/gcc/arm-none-eabi/5.3.1/../../../../arm-none-eabi/lib/armv6-m/crt0.o
LOAD src/ASF/common2/services/delay/sam0/systick_counter.o
LOAD src/ASF/sam0/utils/stdio/read.o
LOAD src/ASF/sam0/utils/stdio/write.o
LOAD src/ASF/sam0/drivers/sercom/usart/usart.o
LOAD src/ASF/sam0/drivers/sercom/usart/usart_interrupt.o
LOAD src/ASF/common/utils/interrupt/interrupt_sam_nvic.o
LOAD src/ASF/sam0/boards/samr21_xplained_pro/board_init.o
LOAD src/ASF/sam0/drivers/port/port.o
LOAD src/ASF/sam0/drivers/sercom/sercom.o
LOAD src/ASF/sam0/drivers/sercom/sercom_interrupt.o
LOAD src/ASF/sam0/drivers/sercom/spi/spi.o
LOAD src/ASF/sam0/drivers/sercom/spi/spi_interrupt.o
LOAD src/ASF/sam0/drivers/system/clock/clock_samd21_r21_da/clock.o
LOAD src/ASF/sam0/drivers/system/clock/clock_samd21_r21_da/gclk.o
LOAD src/ASF/sam0/drivers/system/interrupt/system_interrupt.o
LOAD src/ASF/sam0/drivers/system/pinmux/pinmux.o
LOAD src/ASF/sam0/drivers/system/system.o
LOAD src/ASF/sam0/utils/cmsis/samr21/source/gcc/startup_samr21.o
LOAD src/ASF/sam0/utils/cmsis/samr21/source/system_samr21.o
LOAD src/ASF/sam0/utils/syscalls/gcc/syscalls.o
LOAD src/qs_spi_slave_callback.o
START GROUP
LOAD ../src/ASF/thirdparty/CMSIS/Lib/GCC\libarm_cortexM0l_math.a
LOAD c:/program files (x86)/atmel/studio/7.0/toolchain/arm/arm-gnu-toolchain/bin/../lib/gcc/arm-none-eabi/5.3.1/../../../../arm-none-eabi/lib/armv6-m\libm.a
END GROUP
START GROUP
LOAD c:/program files (x86)/atmel/studio/7.0/toolchain/arm/arm-gnu-toolchain/bin/../lib/gcc/arm-none-eabi/5.3.1/armv6-m\libgcc.a
LOAD c:/program files (x86)/atmel/studio/7.0/toolchain/arm/arm-gnu-toolchain/bin/../lib/gcc/arm-none-eabi/5.3.1/../../../../arm-none-eabi/lib/armv6-m\libc_nano.a
END GROUP
START GROUP
LOAD c:/program files (x86)/atmel/studio/7.0/toolchain/arm/arm-gnu-toolchain/bin/../lib/gcc/arm-none-eabi/5.3.1/armv6-m\libgcc.a
LOAD c:/program files (x86)/atmel/studio/7.0/toolchain/arm/arm-gnu-toolchain/bin/../lib/gcc/arm-none-eabi/5.3.1/../../../../arm-none-eabi/lib/armv6-m\libc_nano.a
END GROUP
LOAD c:/program files (x86)/atmel/studio/7.0/toolchain/arm/arm-gnu-toolchain/bin/../lib/gcc/arm-none-eabi/5.3.1/armv6-m/crtend.o
LOAD c:/program files (x86)/atmel/studio/7.0/toolchain/arm/arm-gnu-toolchain/bin/../lib/gcc/arm-none-eabi/5.3.1/armv6-m/crtn.o
                0x00002000                STACK_SIZE = DEFINED (STACK_SIZE)?STACK_SIZE:DEFINED (__stack_size__)?__stack_size__:0x2000

.text           0x00000000     0x2d8c
                0x00000000                . = ALIGN (0x4)
                0x00000000                _sfixed = .
 *(.vectors .vectors.*)
 .vectors       0x00000000       0xb4 src/ASF/sam0/utils/cmsis/samr21/source/gcc/startup_samr21.o
                0x00000000                exception_table
 *(.text .text.* .gnu.linkonce.t.*)
 .text          0x000000b4       0x60 c:/program files (x86)/atmel/studio/7.0/toolchain/arm/arm-gnu-toolchain/bin/../lib/gcc/arm-none-eabi/5.3.1/armv6-m/crtbegin.o
 .text.delay_init
                0x00000114       0x40 src/ASF/common2/services/delay/sam0/systick_counter.o
                0x00000114                delay_init
 .text.delay_cycles_ms
                0x00000154       0x2c src/ASF/common2/services/delay/sam0/systick_counter.o
                0x00000154                delay_cycles_ms
 .text._read    0x00000180       0x40 src/ASF/sam0/utils/stdio/read.o
                0x00000180                _read
 .text._write   0x000001c0       0x50 src/ASF/sam0/utils/stdio/write.o
                0x000001c0                _write
 .text.usart_init
                0x00000210      0x338 src/ASF/sam0/drivers/sercom/usart/usart.o
                0x00000210                usart_init
 .text.usart_write_wait
                0x00000548       0x2c src/ASF/sam0/drivers/sercom/usart/usart.o
                0x00000548                usart_write_wait
 .text.usart_read_wait
                0x00000574       0x70 src/ASF/sam0/drivers/sercom/usart/usart.o
                0x00000574                usart_read_wait
 .text._usart_interrupt_handler
                0x000005e4      0x18c src/ASF/sam0/drivers/sercom/usart/usart_interrupt.o
                0x000005e4                _usart_interrupt_handler
 .text.cpu_irq_enter_critical
                0x00000770       0x40 src/ASF/common/utils/interrupt/interrupt_sam_nvic.o
                0x00000770                cpu_irq_enter_critical
 .text.cpu_irq_leave_critical
                0x000007b0       0x30 src/ASF/common/utils/interrupt/interrupt_sam_nvic.o
                0x000007b0                cpu_irq_leave_critical
 .text.system_board_init
                0x000007e0       0x38 src/ASF/sam0/boards/samr21_xplained_pro/board_init.o
                0x000007e0                board_init
                0x000007e0                system_board_init
 .text.port_pin_set_config
                0x00000818       0x24 src/ASF/sam0/drivers/port/port.o
                0x00000818                port_pin_set_config
 .text._sercom_get_sync_baud_val
                0x0000083c       0x28 src/ASF/sam0/drivers/sercom/sercom.o
                0x0000083c                _sercom_get_sync_baud_val
 .text._sercom_get_async_baud_val
                0x00000864      0x1c8 src/ASF/sam0/drivers/sercom/sercom.o
                0x00000864                _sercom_get_async_baud_val
 .text.sercom_set_gclk_generator
                0x00000a2c       0x4c src/ASF/sam0/drivers/sercom/sercom.o
                0x00000a2c                sercom_set_gclk_generator
 .text._sercom_get_default_pad
                0x00000a78      0x188 src/ASF/sam0/drivers/sercom/sercom.o
                0x00000a78                _sercom_get_default_pad
 .text._sercom_get_sercom_inst_index
                0x00000c00       0x3c src/ASF/sam0/drivers/sercom/sercom.o
                0x00000c00                _sercom_get_sercom_inst_index
 .text._sercom_default_handler
                0x00000c3c        0x4 src/ASF/sam0/drivers/sercom/sercom_interrupt.o
 .text._sercom_set_handler
                0x00000c40       0x3c src/ASF/sam0/drivers/sercom/sercom_interrupt.o
                0x00000c40                _sercom_set_handler
 .text._sercom_get_interrupt_vector
                0x00000c7c       0x2c src/ASF/sam0/drivers/sercom/sercom_interrupt.o
                0x00000c7c                _sercom_get_interrupt_vector
 .text.SERCOM0_Handler
                0x00000ca8       0x10 src/ASF/sam0/drivers/sercom/sercom_interrupt.o
                0x00000ca8                SERCOM0_Handler
 .text.SERCOM1_Handler
                0x00000cb8       0x10 src/ASF/sam0/drivers/sercom/sercom_interrupt.o
                0x00000cb8                SERCOM1_Handler
 .text.SERCOM2_Handler
                0x00000cc8       0x10 src/ASF/sam0/drivers/sercom/sercom_interrupt.o
                0x00000cc8                SERCOM2_Handler
 .text.SERCOM3_Handler
                0x00000cd8       0x10 src/ASF/sam0/drivers/sercom/sercom_interrupt.o
                0x00000cd8                SERCOM3_Handler
 .text.SERCOM4_Handler
                0x00000ce8       0x10 src/ASF/sam0/drivers/sercom/sercom_interrupt.o
                0x00000ce8                SERCOM4_Handler
 .text.SERCOM5_Handler
                0x00000cf8       0x10 src/ASF/sam0/drivers/sercom/sercom_interrupt.o
                0x00000cf8                SERCOM5_Handler
 .text.spi_init
                0x00000d08      0x1cc src/ASF/sam0/drivers/sercom/spi/spi.o
                0x00000d08                spi_init
 .text.spi_register_callback
                0x00000ed4       0x18 src/ASF/sam0/drivers/sercom/spi/spi_interrupt.o
                0x00000ed4                spi_register_callback
 .text.spi_read_buffer_job
                0x00000eec       0x50 src/ASF/sam0/drivers/sercom/spi/spi_interrupt.o
                0x00000eec                spi_read_buffer_job
 .text._spi_interrupt_handler
                0x00000f3c      0x198 src/ASF/sam0/drivers/sercom/spi/spi_interrupt.o
                0x00000f3c                _spi_interrupt_handler
 .text.system_clock_source_get_hz
                0x000010d4       0x90 src/ASF/sam0/drivers/system/clock/clock_samd21_r21_da/clock.o
                0x000010d4                system_clock_source_get_hz
 .text.system_clock_source_osc8m_set_config
                0x00001164       0x3c src/ASF/sam0/drivers/system/clock/clock_samd21_r21_da/clock.o
                0x00001164                system_clock_source_osc8m_set_config
 .text.system_clock_source_enable
                0x000011a0       0xa8 src/ASF/sam0/drivers/system/clock/clock_samd21_r21_da/clock.o
                0x000011a0                system_clock_source_enable
 .text.system_clock_init
                0x00001248       0x98 src/ASF/sam0/drivers/system/clock/clock_samd21_r21_da/clock.o
                0x00001248                system_clock_init
 .text.system_gclk_init
                0x000012e0       0x24 src/ASF/sam0/drivers/system/clock/clock_samd21_r21_da/gclk.o
                0x000012e0                system_gclk_init
 .text.system_gclk_gen_set_config
                0x00001304       0xb8 src/ASF/sam0/drivers/system/clock/clock_samd21_r21_da/gclk.o
                0x00001304                system_gclk_gen_set_config
 .text.system_gclk_gen_enable
                0x000013bc       0x44 src/ASF/sam0/drivers/system/clock/clock_samd21_r21_da/gclk.o
                0x000013bc                system_gclk_gen_enable
 .text.system_gclk_gen_get_hz
                0x00001400       0x8c src/ASF/sam0/drivers/system/clock/clock_samd21_r21_da/gclk.o
                0x00001400                system_gclk_gen_get_hz
 .text.system_gclk_chan_enable
                0x0000148c       0x30 src/ASF/sam0/drivers/system/clock/clock_samd21_r21_da/gclk.o
                0x0000148c                system_gclk_chan_enable
 .text.system_gclk_chan_disable
                0x000014bc       0x5c src/ASF/sam0/drivers/system/clock/clock_samd21_r21_da/gclk.o
                0x000014bc                system_gclk_chan_disable
 .text.system_gclk_chan_set_config
                0x00001518       0x1c src/ASF/sam0/drivers/system/clock/clock_samd21_r21_da/gclk.o
                0x00001518                system_gclk_chan_set_config
 .text.system_gclk_chan_get_hz
                0x00001534       0x34 src/ASF/sam0/drivers/system/clock/clock_samd21_r21_da/gclk.o
                0x00001534                system_gclk_chan_get_hz
 .text._system_pinmux_config
                0x00001568       0xa8 src/ASF/sam0/drivers/system/pinmux/pinmux.o
 .text.system_pinmux_pin_set_config
                0x00001610       0x30 src/ASF/sam0/drivers/system/pinmux/pinmux.o
                0x00001610                system_pinmux_pin_set_config
 .text._system_dummy_init
                0x00001640        0x4 src/ASF/sam0/drivers/system/system.o
                0x00001640                _system_extint_init
                0x00001640                _system_events_init
                0x00001640                _system_dummy_init
                0x00001640                _system_divas_init
 .text.system_init
                0x00001644       0x2c src/ASF/sam0/drivers/system/system.o
                0x00001644                system_init
 .text.Dummy_Handler
                0x00001670        0x4 src/ASF/sam0/utils/cmsis/samr21/source/gcc/startup_samr21.o
                0x00001670                DMAC_Handler
                0x00001670                HardFault_Handler
                0x00001670                AC_Handler
                0x00001670                SysTick_Handler
                0x00001670                PendSV_Handler
                0x00001670                NMI_Handler
                0x00001670                ADC_Handler
                0x00001670                TCC1_Handler
                0x00001670                TCC0_Handler
                0x00001670                RTC_Handler
                0x00001670                EIC_Handler
                0x00001670                WDT_Handler
                0x00001670                TC4_Handler
                0x00001670                USB_Handler
                0x00001670                TC3_Handler
                0x00001670                Dummy_Handler
                0x00001670                PM_Handler
                0x00001670                SVC_Handler
                0x00001670                TCC2_Handler
                0x00001670                EVSYS_Handler
                0x00001670                NVMCTRL_Handler
                0x00001670                PTC_Handler
                0x00001670                TC5_Handler
                0x00001670                SYSCTRL_Handler
 .text.Reset_Handler
                0x00001674       0xf8 src/ASF/sam0/utils/cmsis/samr21/source/gcc/startup_samr21.o
                0x00001674                Reset_Handler
 .text._sbrk    0x0000176c       0x24 src/ASF/sam0/utils/syscalls/gcc/syscalls.o
                0x0000176c                _sbrk
 .text._close   0x00001790        0x8 src/ASF/sam0/utils/syscalls/gcc/syscalls.o
                0x00001790                _close
 .text._fstat   0x00001798        0xc src/ASF/sam0/utils/syscalls/gcc/syscalls.o
                0x00001798                _fstat
 .text._isatty  0x000017a4        0x4 src/ASF/sam0/utils/syscalls/gcc/syscalls.o
                0x000017a4                _isatty
 .text._lseek   0x000017a8        0x4 src/ASF/sam0/utils/syscalls/gcc/syscalls.o
                0x000017a8                _lseek
 .text.spi_slave_callback
                0x000017ac        0xc src/qs_spi_slave_callback.o
 .text.usart_serial_getchar
                0x000017b8       0x2c src/qs_spi_slave_callback.o
 .text.usart_serial_putchar
                0x000017e4       0x18 src/qs_spi_slave_callback.o
 .text.configure_spi_slave_callbacks
                0x000017fc       0x28 src/qs_spi_slave_callback.o
                0x000017fc                configure_spi_slave_callbacks
 .text.configure_spi_slave
                0x00001824       0xa4 src/qs_spi_slave_callback.o
                0x00001824                configure_spi_slave
 .text.configuration_usart
                0x000018c8      0x108 src/qs_spi_slave_callback.o
                0x000018c8                configuration_usart
 .text.main     0x000019d0       0xd8 src/qs_spi_slave_callback.o
                0x000019d0                main
 .text          0x00001aa8      0x114 c:/program files (x86)/atmel/studio/7.0/toolchain/arm/arm-gnu-toolchain/bin/../lib/gcc/arm-none-eabi/5.3.1/armv6-m\libgcc.a(_udivsi3.o)
                0x00001aa8                __aeabi_uidiv
                0x00001aa8                __udivsi3
                0x00001bb4                __aeabi_uidivmod
 .text          0x00001bbc        0x4 c:/program files (x86)/atmel/studio/7.0/toolchain/arm/arm-gnu-toolchain/bin/../lib/gcc/arm-none-eabi/5.3.1/armv6-m\libgcc.a(_dvmd_tls.o)
                0x00001bbc                __aeabi_idiv0
                0x00001bbc                __aeabi_ldiv0
 .text          0x00001bc0       0x58 c:/program files (x86)/atmel/studio/7.0/toolchain/arm/arm-gnu-toolchain/bin/../lib/gcc/arm-none-eabi/5.3.1/armv6-m\libgcc.a(_muldi3.o)
                0x00001bc0                __muldi3
                0x00001bc0                __aeabi_lmul
 .text.__libc_init_array
                0x00001c18       0x4c c:/program files (x86)/atmel/studio/7.0/toolchain/arm/arm-gnu-toolchain/bin/../lib/gcc/arm-none-eabi/5.3.1/../../../../arm-none-eabi/lib/armv6-m\libc_nano.a(lib_a-init.o)
                0x00001c18                __libc_init_array
 .text.memcpy   0x00001c64       0x12 c:/program files (x86)/atmel/studio/7.0/toolchain/arm/arm-gnu-toolchain/bin/../lib/gcc/arm-none-eabi/5.3.1/../../../../arm-none-eabi/lib/armv6-m\libc_nano.a(lib_a-memcpy-stub.o)
                0x00001c64                memcpy
 .text.memset   0x00001c76       0x10 c:/program files (x86)/atmel/studio/7.0/toolchain/arm/arm-gnu-toolchain/bin/../lib/gcc/arm-none-eabi/5.3.1/../../../../arm-none-eabi/lib/armv6-m\libc_nano.a(lib_a-memset.o)
                0x00001c76                memset
 *fill*         0x00001c86        0x2 
 .text.printf   0x00001c88       0x34 c:/program files (x86)/atmel/studio/7.0/toolchain/arm/arm-gnu-toolchain/bin/../lib/gcc/arm-none-eabi/5.3.1/../../../../arm-none-eabi/lib/armv6-m\libc_nano.a(lib_a-printf.o)
                0x00001c88                iprintf
                0x00001c88                printf
 .text.setbuf   0x00001cbc       0x12 c:/program files (x86)/atmel/studio/7.0/toolchain/arm/arm-gnu-toolchain/bin/../lib/gcc/arm-none-eabi/5.3.1/../../../../arm-none-eabi/lib/armv6-m\libc_nano.a(lib_a-setbuf.o)
                0x00001cbc                setbuf
 *fill*         0x00001cce        0x2 
 .text.setvbuf  0x00001cd0      0x160 c:/program files (x86)/atmel/studio/7.0/toolchain/arm/arm-gnu-toolchain/bin/../lib/gcc/arm-none-eabi/5.3.1/../../../../arm-none-eabi/lib/armv6-m\libc_nano.a(lib_a-setvbuf.o)
                0x00001cd0                setvbuf
 .text.__sflush_r
                0x00001e30      0x10c c:/program files (x86)/atmel/studio/7.0/toolchain/arm/arm-gnu-toolchain/bin/../lib/gcc/arm-none-eabi/5.3.1/../../../../arm-none-eabi/lib/armv6-m\libc_nano.a(lib_a-fflush.o)
                0x00001e30                __sflush_r
 .text._fflush_r
                0x00001f3c       0x58 c:/program files (x86)/atmel/studio/7.0/toolchain/arm/arm-gnu-toolchain/bin/../lib/gcc/arm-none-eabi/5.3.1/../../../../arm-none-eabi/lib/armv6-m\libc_nano.a(lib_a-fflush.o)
                0x00001f3c                _fflush_r
 .text._cleanup_r
                0x00001f94       0x10 c:/program files (x86)/atmel/studio/7.0/toolchain/arm/arm-gnu-toolchain/bin/../lib/gcc/arm-none-eabi/5.3.1/../../../../arm-none-eabi/lib/armv6-m\libc_nano.a(lib_a-findfp.o)
                0x00001f94                _cleanup_r
 .text.std.isra.0
                0x00001fa4       0x48 c:/program files (x86)/atmel/studio/7.0/toolchain/arm/arm-gnu-toolchain/bin/../lib/gcc/arm-none-eabi/5.3.1/../../../../arm-none-eabi/lib/armv6-m\libc_nano.a(lib_a-findfp.o)
 .text.__sfmoreglue
                0x00001fec       0x2c c:/program files (x86)/atmel/studio/7.0/toolchain/arm/arm-gnu-toolchain/bin/../lib/gcc/arm-none-eabi/5.3.1/../../../../arm-none-eabi/lib/armv6-m\libc_nano.a(lib_a-findfp.o)
                0x00001fec                __sfmoreglue
 .text.__sinit  0x00002018       0x68 c:/program files (x86)/atmel/studio/7.0/toolchain/arm/arm-gnu-toolchain/bin/../lib/gcc/arm-none-eabi/5.3.1/../../../../arm-none-eabi/lib/armv6-m\libc_nano.a(lib_a-findfp.o)
                0x00002018                __sinit
 .text.__sfp    0x00002080       0x7c c:/program files (x86)/atmel/studio/7.0/toolchain/arm/arm-gnu-toolchain/bin/../lib/gcc/arm-none-eabi/5.3.1/../../../../arm-none-eabi/lib/armv6-m\libc_nano.a(lib_a-findfp.o)
                0x00002080                __sfp
 .text._fwalk_reent
                0x000020fc       0x42 c:/program files (x86)/atmel/studio/7.0/toolchain/arm/arm-gnu-toolchain/bin/../lib/gcc/arm-none-eabi/5.3.1/../../../../arm-none-eabi/lib/armv6-m\libc_nano.a(lib_a-fwalk.o)
                0x000020fc                _fwalk_reent
 *fill*         0x0000213e        0x2 
 .text.__swhatbuf_r
                0x00002140       0x4c c:/program files (x86)/atmel/studio/7.0/toolchain/arm/arm-gnu-toolchain/bin/../lib/gcc/arm-none-eabi/5.3.1/../../../../arm-none-eabi/lib/armv6-m\libc_nano.a(lib_a-makebuf.o)
                0x00002140                __swhatbuf_r
 .text.__smakebuf_r
                0x0000218c       0x7c c:/program files (x86)/atmel/studio/7.0/toolchain/arm/arm-gnu-toolchain/bin/../lib/gcc/arm-none-eabi/5.3.1/../../../../arm-none-eabi/lib/armv6-m\libc_nano.a(lib_a-makebuf.o)
                0x0000218c                __smakebuf_r
 .text.malloc   0x00002208       0x14 c:/program files (x86)/atmel/studio/7.0/toolchain/arm/arm-gnu-toolchain/bin/../lib/gcc/arm-none-eabi/5.3.1/../../../../arm-none-eabi/lib/armv6-m\libc_nano.a(lib_a-malloc.o)
                0x00002208                malloc
 .text._free_r  0x0000221c       0x8c c:/program files (x86)/atmel/studio/7.0/toolchain/arm/arm-gnu-toolchain/bin/../lib/gcc/arm-none-eabi/5.3.1/../../../../arm-none-eabi/lib/armv6-m\libc_nano.a(lib_a-nano-freer.o)
                0x0000221c                _free_r
 .text._malloc_r
                0x000022a8       0xac c:/program files (x86)/atmel/studio/7.0/toolchain/arm/arm-gnu-toolchain/bin/../lib/gcc/arm-none-eabi/5.3.1/../../../../arm-none-eabi/lib/armv6-m\libc_nano.a(lib_a-nano-mallocr.o)
                0x000022a8                _malloc_r
 .text.__sfputc_r
                0x00002354       0x2a c:/program files (x86)/atmel/studio/7.0/toolchain/arm/arm-gnu-toolchain/bin/../lib/gcc/arm-none-eabi/5.3.1/../../../../arm-none-eabi/lib/armv6-m\libc_nano.a(lib_a-nano-vfprintf.o)
 .text.__sfputs_r
                0x0000237e       0x24 c:/program files (x86)/atmel/studio/7.0/toolchain/arm/arm-gnu-toolchain/bin/../lib/gcc/arm-none-eabi/5.3.1/../../../../arm-none-eabi/lib/armv6-m\libc_nano.a(lib_a-nano-vfprintf.o)
                0x0000237e                __sfputs_r
 *fill*         0x000023a2        0x2 
 .text._vfprintf_r
                0x000023a4      0x238 c:/program files (x86)/atmel/studio/7.0/toolchain/arm/arm-gnu-toolchain/bin/../lib/gcc/arm-none-eabi/5.3.1/../../../../arm-none-eabi/lib/armv6-m\libc_nano.a(lib_a-nano-vfprintf.o)
                0x000023a4                _vfprintf_r
                0x000023a4                _vfiprintf_r
 .text._printf_common
                0x000025dc       0xdc c:/program files (x86)/atmel/studio/7.0/toolchain/arm/arm-gnu-toolchain/bin/../lib/gcc/arm-none-eabi/5.3.1/../../../../arm-none-eabi/lib/armv6-m\libc_nano.a(lib_a-nano-vfprintf_i.o)
                0x000025dc                _printf_common
 .text._printf_i
                0x000026b8      0x244 c:/program files (x86)/atmel/studio/7.0/toolchain/arm/arm-gnu-toolchain/bin/../lib/gcc/arm-none-eabi/5.3.1/../../../../arm-none-eabi/lib/armv6-m\libc_nano.a(lib_a-nano-vfprintf_i.o)
                0x000026b8                _printf_i
 .text._sbrk_r  0x000028fc       0x24 c:/program files (x86)/atmel/studio/7.0/toolchain/arm/arm-gnu-toolchain/bin/../lib/gcc/arm-none-eabi/5.3.1/../../../../arm-none-eabi/lib/armv6-m\libc_nano.a(lib_a-sbrkr.o)
                0x000028fc                _sbrk_r
 .text.__sread  0x00002920       0x28 c:/program files (x86)/atmel/studio/7.0/toolchain/arm/arm-gnu-toolchain/bin/../lib/gcc/arm-none-eabi/5.3.1/../../../../arm-none-eabi/lib/armv6-m\libc_nano.a(lib_a-stdio.o)
                0x00002920                __sread
 .text.__swrite
                0x00002948       0x38 c:/program files (x86)/atmel/studio/7.0/toolchain/arm/arm-gnu-toolchain/bin/../lib/gcc/arm-none-eabi/5.3.1/../../../../arm-none-eabi/lib/armv6-m\libc_nano.a(lib_a-stdio.o)
                0x00002948                __swrite
 .text.__sseek  0x00002980       0x2c c:/program files (x86)/atmel/studio/7.0/toolchain/arm/arm-gnu-toolchain/bin/../lib/gcc/arm-none-eabi/5.3.1/../../../../arm-none-eabi/lib/armv6-m\libc_nano.a(lib_a-stdio.o)
                0x00002980                __sseek
 .text.__sclose
                0x000029ac        0xc c:/program files (x86)/atmel/studio/7.0/toolchain/arm/arm-gnu-toolchain/bin/../lib/gcc/arm-none-eabi/5.3.1/../../../../arm-none-eabi/lib/armv6-m\libc_nano.a(lib_a-stdio.o)
                0x000029ac                __sclose
 .text.__swbuf_r
                0x000029b8       0xb0 c:/program files (x86)/atmel/studio/7.0/toolchain/arm/arm-gnu-toolchain/bin/../lib/gcc/arm-none-eabi/5.3.1/../../../../arm-none-eabi/lib/armv6-m\libc_nano.a(lib_a-wbuf.o)
                0x000029b8                __swbuf_r
 .text._write_r
                0x00002a68       0x28 c:/program files (x86)/atmel/studio/7.0/toolchain/arm/arm-gnu-toolchain/bin/../lib/gcc/arm-none-eabi/5.3.1/../../../../arm-none-eabi/lib/armv6-m\libc_nano.a(lib_a-writer.o)
                0x00002a68                _write_r
 .text.__swsetup_r
                0x00002a90       0xec c:/program files (x86)/atmel/studio/7.0/toolchain/arm/arm-gnu-toolchain/bin/../lib/gcc/arm-none-eabi/5.3.1/../../../../arm-none-eabi/lib/armv6-m\libc_nano.a(lib_a-wsetup.o)
                0x00002a90                __swsetup_r
 .text._close_r
                0x00002b7c       0x24 c:/program files (x86)/atmel/studio/7.0/toolchain/arm/arm-gnu-toolchain/bin/../lib/gcc/arm-none-eabi/5.3.1/../../../../arm-none-eabi/lib/armv6-m\libc_nano.a(lib_a-closer.o)
                0x00002b7c                _close_r
 .text._fstat_r
                0x00002ba0       0x24 c:/program files (x86)/atmel/studio/7.0/toolchain/arm/arm-gnu-toolchain/bin/../lib/gcc/arm-none-eabi/5.3.1/../../../../arm-none-eabi/lib/armv6-m\libc_nano.a(lib_a-fstatr.o)
                0x00002ba0                _fstat_r
 .text._isatty_r
                0x00002bc4       0x24 c:/program files (x86)/atmel/studio/7.0/toolchain/arm/arm-gnu-toolchain/bin/../lib/gcc/arm-none-eabi/5.3.1/../../../../arm-none-eabi/lib/armv6-m\libc_nano.a(lib_a-isattyr.o)
                0x00002bc4                _isatty_r
 .text._lseek_r
                0x00002be8       0x28 c:/program files (x86)/atmel/studio/7.0/toolchain/arm/arm-gnu-toolchain/bin/../lib/gcc/arm-none-eabi/5.3.1/../../../../arm-none-eabi/lib/armv6-m\libc_nano.a(lib_a-lseekr.o)
                0x00002be8                _lseek_r
 .text.memchr   0x00002c10       0x16 c:/program files (x86)/atmel/studio/7.0/toolchain/arm/arm-gnu-toolchain/bin/../lib/gcc/arm-none-eabi/5.3.1/../../../../arm-none-eabi/lib/armv6-m\libc_nano.a(lib_a-memchr-stub.o)
                0x00002c10                memchr
 *fill*         0x00002c26        0x2 
 .text._read_r  0x00002c28       0x28 c:/program files (x86)/atmel/studio/7.0/toolchain/arm/arm-gnu-toolchain/bin/../lib/gcc/arm-none-eabi/5.3.1/../../../../arm-none-eabi/lib/armv6-m\libc_nano.a(lib_a-readr.o)
                0x00002c28                _read_r
 *(.glue_7t)
 .glue_7t       0x00002c50        0x0 linker stubs
 *(.glue_7)
 .glue_7        0x00002c50        0x0 linker stubs
 *(.rodata .rodata* .gnu.linkonce.r.*)
 .rodata        0x00002c50       0x18 src/ASF/sam0/drivers/sercom/sercom.o
 .rodata        0x00002c68        0x6 src/ASF/sam0/drivers/sercom/sercom_interrupt.o
 *fill*         0x00002c6e        0x2 
 .rodata.system_clock_source_get_hz
                0x00002c70       0x24 src/ASF/sam0/drivers/system/clock/clock_samd21_r21_da/clock.o
 .rodata.system_clock_source_enable
                0x00002c94       0x24 src/ASF/sam0/drivers/system/clock/clock_samd21_r21_da/clock.o
 .rodata.buffer_expect
                0x00002cb8       0x14 src/qs_spi_slave_callback.o
 .rodata.str1.4
                0x00002ccc        0x4 src/qs_spi_slave_callback.o
                                  0x3 (size before relaxing)
 .rodata.str1.1
                0x00002cd0        0x2 c:/program files (x86)/atmel/studio/7.0/toolchain/arm/arm-gnu-toolchain/bin/../lib/gcc/arm-none-eabi/5.3.1/../../../../arm-none-eabi/lib/armv6-m\libc_nano.a(lib_a-impure.o)
 *fill*         0x00002cd2        0x2 
 .rodata._global_impure_ptr
                0x00002cd4        0x4 c:/program files (x86)/atmel/studio/7.0/toolchain/arm/arm-gnu-toolchain/bin/../lib/gcc/arm-none-eabi/5.3.1/../../../../arm-none-eabi/lib/armv6-m\libc_nano.a(lib_a-impure.o)
                0x00002cd4                _global_impure_ptr
 .rodata.__sf_fake_stdin
                0x00002cd8       0x20 c:/program files (x86)/atmel/studio/7.0/toolchain/arm/arm-gnu-toolchain/bin/../lib/gcc/arm-none-eabi/5.3.1/../../../../arm-none-eabi/lib/armv6-m\libc_nano.a(lib_a-findfp.o)
                0x00002cd8                __sf_fake_stdin
 .rodata.__sf_fake_stdout
                0x00002cf8       0x20 c:/program files (x86)/atmel/studio/7.0/toolchain/arm/arm-gnu-toolchain/bin/../lib/gcc/arm-none-eabi/5.3.1/../../../../arm-none-eabi/lib/armv6-m\libc_nano.a(lib_a-findfp.o)
                0x00002cf8                __sf_fake_stdout
 .rodata.__sf_fake_stderr
                0x00002d18       0x20 c:/program files (x86)/atmel/studio/7.0/toolchain/arm/arm-gnu-toolchain/bin/../lib/gcc/arm-none-eabi/5.3.1/../../../../arm-none-eabi/lib/armv6-m\libc_nano.a(lib_a-findfp.o)
                0x00002d18                __sf_fake_stderr
 .rodata.str1.1
                0x00002d38       0x11 c:/program files (x86)/atmel/studio/7.0/toolchain/arm/arm-gnu-toolchain/bin/../lib/gcc/arm-none-eabi/5.3.1/../../../../arm-none-eabi/lib/armv6-m\libc_nano.a(lib_a-nano-vfprintf.o)
 .rodata.str1.1
                0x00002d49       0x22 c:/program files (x86)/atmel/studio/7.0/toolchain/arm/arm-gnu-toolchain/bin/../lib/gcc/arm-none-eabi/5.3.1/../../../../arm-none-eabi/lib/armv6-m\libc_nano.a(lib_a-nano-vfprintf_i.o)
 *(.ARM.extab* .gnu.linkonce.armextab.*)
                0x00002d6c                . = ALIGN (0x4)
 *fill*         0x00002d6b        0x1 
 *(.init)
 .init          0x00002d6c        0x4 c:/program files (x86)/atmel/studio/7.0/toolchain/arm/arm-gnu-toolchain/bin/../lib/gcc/arm-none-eabi/5.3.1/armv6-m/crti.o
                0x00002d6c                _init
 .init          0x00002d70        0x8 c:/program files (x86)/atmel/studio/7.0/toolchain/arm/arm-gnu-toolchain/bin/../lib/gcc/arm-none-eabi/5.3.1/armv6-m/crtn.o
                0x00002d78                . = ALIGN (0x4)
                0x00002d78                __preinit_array_start = .
 *(.preinit_array)
                0x00002d78                __preinit_array_end = .
                0x00002d78                . = ALIGN (0x4)
                0x00002d78                __init_array_start = .
 *(SORT(.init_array.*))
 *(.init_array)
 .init_array    0x00002d78        0x4 c:/program files (x86)/atmel/studio/7.0/toolchain/arm/arm-gnu-toolchain/bin/../lib/gcc/arm-none-eabi/5.3.1/armv6-m/crtbegin.o
                0x00002d7c                __init_array_end = .
                0x00002d7c                . = ALIGN (0x4)
 *crtbegin.o(.ctors)
 *(EXCLUDE_FILE(*crtend.o) .ctors)
 *(SORT(.ctors.*))
 *crtend.o(.ctors)
                0x00002d7c                . = ALIGN (0x4)
 *(.fini)
 .fini          0x00002d7c        0x4 c:/program files (x86)/atmel/studio/7.0/toolchain/arm/arm-gnu-toolchain/bin/../lib/gcc/arm-none-eabi/5.3.1/armv6-m/crti.o
                0x00002d7c                _fini
 .fini          0x00002d80        0x8 c:/program files (x86)/atmel/studio/7.0/toolchain/arm/arm-gnu-toolchain/bin/../lib/gcc/arm-none-eabi/5.3.1/armv6-m/crtn.o
                0x00002d88                . = ALIGN (0x4)
                0x00002d88                __fini_array_start = .
 *(.fini_array)
 .fini_array    0x00002d88        0x4 c:/program files (x86)/atmel/studio/7.0/toolchain/arm/arm-gnu-toolchain/bin/../lib/gcc/arm-none-eabi/5.3.1/armv6-m/crtbegin.o
 *(SORT(.fini_array.*))
                0x00002d8c                __fini_array_end = .
 *crtbegin.o(.dtors)
 *(EXCLUDE_FILE(*crtend.o) .dtors)
 *(SORT(.dtors.*))
 *crtend.o(.dtors)
                0x00002d8c                . = ALIGN (0x4)
                0x00002d8c                _efixed = .
                [!provide]                PROVIDE (__exidx_start, .)

.vfp11_veneer   0x00002d8c        0x0
 .vfp11_veneer  0x00002d8c        0x0 linker stubs

.v4_bx          0x00002d8c        0x0
 .v4_bx         0x00002d8c        0x0 linker stubs

.iplt           0x00002d8c        0x0
 .iplt          0x00002d8c        0x0 c:/program files (x86)/atmel/studio/7.0/toolchain/arm/arm-gnu-toolchain/bin/../lib/gcc/arm-none-eabi/5.3.1/armv6-m/crtbegin.o

.eh_frame       0x00002d8c        0x0
 .eh_frame      0x00002d8c        0x0 c:/program files (x86)/atmel/studio/7.0/toolchain/arm/arm-gnu-toolchain/bin/../lib/gcc/arm-none-eabi/5.3.1/armv6-m/crtbegin.o

.rel.dyn        0x00002d8c        0x0
 .rel.iplt      0x00002d8c        0x0 c:/program files (x86)/atmel/studio/7.0/toolchain/arm/arm-gnu-toolchain/bin/../lib/gcc/arm-none-eabi/5.3.1/armv6-m/crtbegin.o

.jcr            0x00002d8c        0x0
 .jcr           0x00002d8c        0x0 c:/program files (x86)/atmel/studio/7.0/toolchain/arm/arm-gnu-toolchain/bin/../lib/gcc/arm-none-eabi/5.3.1/armv6-m/crtbegin.o

.igot.plt       0x00002d8c        0x0
 .igot.plt      0x00002d8c        0x0 c:/program files (x86)/atmel/studio/7.0/toolchain/arm/arm-gnu-toolchain/bin/../lib/gcc/arm-none-eabi/5.3.1/armv6-m/crtbegin.o

.ARM.exidx
 *(.ARM.exidx* .gnu.linkonce.armexidx.*)
                [!provide]                PROVIDE (__exidx_end, .)
                0x00002d8c                . = ALIGN (0x4)
                0x00002d8c                _etext = .

.relocate       0x20000000       0x70 load address 0x00002d8c
                0x20000000                . = ALIGN (0x4)
                0x20000000                _srelocate = .
 *(.ramfunc .ramfunc.*)
 *(.data .data.*)
 .data.cycles_per_us
                0x20000000        0x4 src/ASF/common2/services/delay/sam0/systick_counter.o
 .data.cycles_per_ms
                0x20000004        0x4 src/ASF/common2/services/delay/sam0/systick_counter.o
 .data.g_interrupt_enabled
                0x20000008        0x1 src/ASF/common/utils/interrupt/interrupt_sam_nvic.o
                0x20000008                g_interrupt_enabled
 *fill*         0x20000009        0x3 
 .data.impure_data
                0x2000000c       0x60 c:/program files (x86)/atmel/studio/7.0/toolchain/arm/arm-gnu-toolchain/bin/../lib/gcc/arm-none-eabi/5.3.1/../../../../arm-none-eabi/lib/armv6-m\libc_nano.a(lib_a-impure.o)
 .data._impure_ptr
                0x2000006c        0x4 c:/program files (x86)/atmel/studio/7.0/toolchain/arm/arm-gnu-toolchain/bin/../lib/gcc/arm-none-eabi/5.3.1/../../../../arm-none-eabi/lib/armv6-m\libc_nano.a(lib_a-impure.o)
                0x2000006c                _impure_ptr
                0x20000070                . = ALIGN (0x4)
                0x20000070                _erelocate = .

.bss            0x20000070      0x118 load address 0x00002dfc
                0x20000070                . = ALIGN (0x4)
                0x20000070                _sbss = .
                0x20000070                _szero = .
 *(.bss .bss.*)
 .bss           0x20000070       0x1c c:/program files (x86)/atmel/studio/7.0/toolchain/arm/arm-gnu-toolchain/bin/../lib/gcc/arm-none-eabi/5.3.1/armv6-m/crtbegin.o
 .bss.cpu_irq_critical_section_counter
                0x2000008c        0x4 src/ASF/common/utils/interrupt/interrupt_sam_nvic.o
 .bss.cpu_irq_prev_interrupt_state
                0x20000090        0x1 src/ASF/common/utils/interrupt/interrupt_sam_nvic.o
 *fill*         0x20000091        0x3 
 .bss._sercom_config
                0x20000094        0x2 src/ASF/sam0/drivers/sercom/sercom.o
 .bss._handler_table_initialized
                0x20000096        0x1 src/ASF/sam0/drivers/sercom/sercom_interrupt.o
 *fill*         0x20000097        0x1 
 .bss._sercom_interrupt_handlers
                0x20000098       0x18 src/ASF/sam0/drivers/sercom/sercom_interrupt.o
 .bss._system_clock_inst
                0x200000b0       0x18 src/ASF/sam0/drivers/system/clock/clock_samd21_r21_da/clock.o
 .bss.heap.5286
                0x200000c8        0x4 src/ASF/sam0/utils/syscalls/gcc/syscalls.o
 .bss.buffer_rx
                0x200000cc       0x14 src/qs_spi_slave_callback.o
 .bss.transfer_complete_spi_slave
                0x200000e0        0x1 src/qs_spi_slave_callback.o
                0x200000e0                transfer_complete_spi_slave
 *fill*         0x200000e1        0x3 
 .bss.__malloc_sbrk_start
                0x200000e4        0x4 c:/program files (x86)/atmel/studio/7.0/toolchain/arm/arm-gnu-toolchain/bin/../lib/gcc/arm-none-eabi/5.3.1/../../../../arm-none-eabi/lib/armv6-m\libc_nano.a(lib_a-nano-mallocr.o)
                0x200000e4                __malloc_sbrk_start
 .bss.__malloc_free_list
                0x200000e8        0x4 c:/program files (x86)/atmel/studio/7.0/toolchain/arm/arm-gnu-toolchain/bin/../lib/gcc/arm-none-eabi/5.3.1/../../../../arm-none-eabi/lib/armv6-m\libc_nano.a(lib_a-nano-mallocr.o)
                0x200000e8                __malloc_free_list
 *(COMMON)
 COMMON         0x200000ec        0x4 src/ASF/sam0/utils/stdio/read.o
                0x200000ec                ptr_get
 COMMON         0x200000f0        0x8 src/ASF/sam0/utils/stdio/write.o
                0x200000f0                ptr_put
                0x200000f4                stdio_base
 COMMON         0x200000f8       0x18 src/ASF/sam0/drivers/sercom/sercom_interrupt.o
                0x200000f8                _sercom_instances
 COMMON         0x20000110        0x2 src/ASF/sam0/drivers/sercom/spi/spi_interrupt.o
                0x20000110                dummy_write
 *fill*         0x20000112        0x2 
 COMMON         0x20000114       0x70 src/qs_spi_slave_callback.o
                0x20000114                spi_slave_instance
                0x20000150                usart_instance
 COMMON         0x20000184        0x4 c:/program files (x86)/atmel/studio/7.0/toolchain/arm/arm-gnu-toolchain/bin/../lib/gcc/arm-none-eabi/5.3.1/../../../../arm-none-eabi/lib/armv6-m\libc_nano.a(lib_a-reent.o)
                0x20000184                errno
                0x20000188                . = ALIGN (0x4)
                0x20000188                _ebss = .
                0x20000188                _ezero = .

.stack          0x20000188     0x2000 load address 0x00002f14
                0x20000188                . = ALIGN (0x8)
                0x20000188                _sstack = .
                0x20002188                . = (. + STACK_SIZE)
 *fill*         0x20000188     0x2000 
                0x20002188                . = ALIGN (0x8)
                0x20002188                _estack = .
                0x20002188                . = ALIGN (0x4)
                0x20002188                _end = .
OUTPUT(SPI_QUICK_START_SLAVE_CALLBACK3.elf elf32-littlearm)

.ARM.attributes
                0x00000000       0x28
 .ARM.attributes
                0x00000000       0x1e c:/program files (x86)/atmel/studio/7.0/toolchain/arm/arm-gnu-toolchain/bin/../lib/gcc/arm-none-eabi/5.3.1/armv6-m/crti.o
 .ARM.attributes
                0x0000001e       0x2c c:/program files (x86)/atmel/studio/7.0/toolchain/arm/arm-gnu-toolchain/bin/../lib/gcc/arm-none-eabi/5.3.1/armv6-m/crtbegin.o
 .ARM.attributes
                0x0000004a       0x32 src/ASF/common2/services/delay/sam0/systick_counter.o
 .ARM.attributes
                0x0000007c       0x32 src/ASF/sam0/utils/stdio/read.o
 .ARM.attributes
                0x000000ae       0x32 src/ASF/sam0/utils/stdio/write.o
 .ARM.attributes
                0x000000e0       0x32 src/ASF/sam0/drivers/sercom/usart/usart.o
 .ARM.attributes
                0x00000112       0x32 src/ASF/sam0/drivers/sercom/usart/usart_interrupt.o
 .ARM.attributes
                0x00000144       0x32 src/ASF/common/utils/interrupt/interrupt_sam_nvic.o
 .ARM.attributes
                0x00000176       0x32 src/ASF/sam0/boards/samr21_xplained_pro/board_init.o
 .ARM.attributes
                0x000001a8       0x32 src/ASF/sam0/drivers/port/port.o
 .ARM.attributes
                0x000001da       0x32 src/ASF/sam0/drivers/sercom/sercom.o
 .ARM.attributes
                0x0000020c       0x32 src/ASF/sam0/drivers/sercom/sercom_interrupt.o
 .ARM.attributes
                0x0000023e       0x32 src/ASF/sam0/drivers/sercom/spi/spi.o
 .ARM.attributes
                0x00000270       0x32 src/ASF/sam0/drivers/sercom/spi/spi_interrupt.o
 .ARM.attributes
                0x000002a2       0x32 src/ASF/sam0/drivers/system/clock/clock_samd21_r21_da/clock.o
 .ARM.attributes
                0x000002d4       0x32 src/ASF/sam0/drivers/system/clock/clock_samd21_r21_da/gclk.o
 .ARM.attributes
                0x00000306       0x32 src/ASF/sam0/drivers/system/pinmux/pinmux.o
 .ARM.attributes
                0x00000338       0x32 src/ASF/sam0/drivers/system/system.o
 .ARM.attributes
                0x0000036a       0x32 src/ASF/sam0/utils/cmsis/samr21/source/gcc/startup_samr21.o
 .ARM.attributes
                0x0000039c       0x32 src/ASF/sam0/utils/syscalls/gcc/syscalls.o
 .ARM.attributes
                0x000003ce       0x32 src/qs_spi_slave_callback.o
 .ARM.attributes
                0x00000400       0x1e c:/program files (x86)/atmel/studio/7.0/toolchain/arm/arm-gnu-toolchain/bin/../lib/gcc/arm-none-eabi/5.3.1/armv6-m\libgcc.a(_udivsi3.o)
 .ARM.attributes
                0x0000041e       0x1e c:/program files (x86)/atmel/studio/7.0/toolchain/arm/arm-gnu-toolchain/bin/../lib/gcc/arm-none-eabi/5.3.1/armv6-m\libgcc.a(_dvmd_tls.o)
 .ARM.attributes
                0x0000043c       0x2c c:/program files (x86)/atmel/studio/7.0/toolchain/arm/arm-gnu-toolchain/bin/../lib/gcc/arm-none-eabi/5.3.1/armv6-m\libgcc.a(_muldi3.o)
 .ARM.attributes
                0x00000468       0x2c c:/program files (x86)/atmel/studio/7.0/toolchain/arm/arm-gnu-toolchain/bin/../lib/gcc/arm-none-eabi/5.3.1/../../../../arm-none-eabi/lib/armv6-m\libc_nano.a(lib_a-impure.o)
 .ARM.attributes
                0x00000494       0x2c c:/program files (x86)/atmel/studio/7.0/toolchain/arm/arm-gnu-toolchain/bin/../lib/gcc/arm-none-eabi/5.3.1/../../../../arm-none-eabi/lib/armv6-m\libc_nano.a(lib_a-init.o)
 .ARM.attributes
                0x000004c0       0x2c c:/program files (x86)/atmel/studio/7.0/toolchain/arm/arm-gnu-toolchain/bin/../lib/gcc/arm-none-eabi/5.3.1/../../../../arm-none-eabi/lib/armv6-m\libc_nano.a(lib_a-memcpy-stub.o)
 .ARM.attributes
                0x000004ec       0x2c c:/program files (x86)/atmel/studio/7.0/toolchain/arm/arm-gnu-toolchain/bin/../lib/gcc/arm-none-eabi/5.3.1/../../../../arm-none-eabi/lib/armv6-m\libc_nano.a(lib_a-memset.o)
 .ARM.attributes
                0x00000518       0x2c c:/program files (x86)/atmel/studio/7.0/toolchain/arm/arm-gnu-toolchain/bin/../lib/gcc/arm-none-eabi/5.3.1/../../../../arm-none-eabi/lib/armv6-m\libc_nano.a(lib_a-printf.o)
 .ARM.attributes
                0x00000544       0x2c c:/program files (x86)/atmel/studio/7.0/toolchain/arm/arm-gnu-toolchain/bin/../lib/gcc/arm-none-eabi/5.3.1/../../../../arm-none-eabi/lib/armv6-m\libc_nano.a(lib_a-setbuf.o)
 .ARM.attributes
                0x00000570       0x2c c:/program files (x86)/atmel/studio/7.0/toolchain/arm/arm-gnu-toolchain/bin/../lib/gcc/arm-none-eabi/5.3.1/../../../../arm-none-eabi/lib/armv6-m\libc_nano.a(lib_a-setvbuf.o)
 .ARM.attributes
                0x0000059c       0x2c c:/program files (x86)/atmel/studio/7.0/toolchain/arm/arm-gnu-toolchain/bin/../lib/gcc/arm-none-eabi/5.3.1/../../../../arm-none-eabi/lib/armv6-m\libc_nano.a(lib_a-fflush.o)
 .ARM.attributes
                0x000005c8       0x2c c:/program files (x86)/atmel/studio/7.0/toolchain/arm/arm-gnu-toolchain/bin/../lib/gcc/arm-none-eabi/5.3.1/../../../../arm-none-eabi/lib/armv6-m\libc_nano.a(lib_a-findfp.o)
 .ARM.attributes
                0x000005f4       0x2c c:/program files (x86)/atmel/studio/7.0/toolchain/arm/arm-gnu-toolchain/bin/../lib/gcc/arm-none-eabi/5.3.1/../../../../arm-none-eabi/lib/armv6-m\libc_nano.a(lib_a-fwalk.o)
 .ARM.attributes
                0x00000620       0x2c c:/program files (x86)/atmel/studio/7.0/toolchain/arm/arm-gnu-toolchain/bin/../lib/gcc/arm-none-eabi/5.3.1/../../../../arm-none-eabi/lib/armv6-m\libc_nano.a(lib_a-makebuf.o)
 .ARM.attributes
                0x0000064c       0x2c c:/program files (x86)/atmel/studio/7.0/toolchain/arm/arm-gnu-toolchain/bin/../lib/gcc/arm-none-eabi/5.3.1/../../../../arm-none-eabi/lib/armv6-m\libc_nano.a(lib_a-malloc.o)
 .ARM.attributes
                0x00000678       0x2c c:/program files (x86)/atmel/studio/7.0/toolchain/arm/arm-gnu-toolchain/bin/../lib/gcc/arm-none-eabi/5.3.1/../../../../arm-none-eabi/lib/armv6-m\libc_nano.a(lib_a-nano-freer.o)
 .ARM.attributes
                0x000006a4       0x2c c:/program files (x86)/atmel/studio/7.0/toolchain/arm/arm-gnu-toolchain/bin/../lib/gcc/arm-none-eabi/5.3.1/../../../../arm-none-eabi/lib/armv6-m\libc_nano.a(lib_a-nano-mallocr.o)
 .ARM.attributes
                0x000006d0       0x2c c:/program files (x86)/atmel/studio/7.0/toolchain/arm/arm-gnu-toolchain/bin/../lib/gcc/arm-none-eabi/5.3.1/../../../../arm-none-eabi/lib/armv6-m\libc_nano.a(lib_a-nano-vfprintf.o)
 .ARM.attributes
                0x000006fc       0x2c c:/program files (x86)/atmel/studio/7.0/toolchain/arm/arm-gnu-toolchain/bin/../lib/gcc/arm-none-eabi/5.3.1/../../../../arm-none-eabi/lib/armv6-m\libc_nano.a(lib_a-nano-vfprintf_i.o)
 .ARM.attributes
                0x00000728       0x2c c:/program files (x86)/atmel/studio/7.0/toolchain/arm/arm-gnu-toolchain/bin/../lib/gcc/arm-none-eabi/5.3.1/../../../../arm-none-eabi/lib/armv6-m\libc_nano.a(lib_a-sbrkr.o)
 .ARM.attributes
                0x00000754       0x2c c:/program files (x86)/atmel/studio/7.0/toolchain/arm/arm-gnu-toolchain/bin/../lib/gcc/arm-none-eabi/5.3.1/../../../../arm-none-eabi/lib/armv6-m\libc_nano.a(lib_a-stdio.o)
 .ARM.attributes
                0x00000780       0x2c c:/program files (x86)/atmel/studio/7.0/toolchain/arm/arm-gnu-toolchain/bin/../lib/gcc/arm-none-eabi/5.3.1/../../../../arm-none-eabi/lib/armv6-m\libc_nano.a(lib_a-wbuf.o)
 .ARM.attributes
                0x000007ac       0x2c c:/program files (x86)/atmel/studio/7.0/toolchain/arm/arm-gnu-toolchain/bin/../lib/gcc/arm-none-eabi/5.3.1/../../../../arm-none-eabi/lib/armv6-m\libc_nano.a(lib_a-writer.o)
 .ARM.attributes
                0x000007d8       0x2c c:/program files (x86)/atmel/studio/7.0/toolchain/arm/arm-gnu-toolchain/bin/../lib/gcc/arm-none-eabi/5.3.1/../../../../arm-none-eabi/lib/armv6-m\libc_nano.a(lib_a-wsetup.o)
 .ARM.attributes
                0x00000804       0x2c c:/program files (x86)/atmel/studio/7.0/toolchain/arm/arm-gnu-toolchain/bin/../lib/gcc/arm-none-eabi/5.3.1/../../../../arm-none-eabi/lib/armv6-m\libc_nano.a(lib_a-closer.o)
 .ARM.attributes
                0x00000830       0x2c c:/program files (x86)/atmel/studio/7.0/toolchain/arm/arm-gnu-toolchain/bin/../lib/gcc/arm-none-eabi/5.3.1/../../../../arm-none-eabi/lib/armv6-m\libc_nano.a(lib_a-fstatr.o)
 .ARM.attributes
                0x0000085c       0x2c c:/program files (x86)/atmel/studio/7.0/toolchain/arm/arm-gnu-toolchain/bin/../lib/gcc/arm-none-eabi/5.3.1/../../../../arm-none-eabi/lib/armv6-m\libc_nano.a(lib_a-isattyr.o)
 .ARM.attributes
                0x00000888       0x2c c:/program files (x86)/atmel/studio/7.0/toolchain/arm/arm-gnu-toolchain/bin/../lib/gcc/arm-none-eabi/5.3.1/../../../../arm-none-eabi/lib/armv6-m\libc_nano.a(lib_a-lseekr.o)
 .ARM.attributes
                0x000008b4       0x2c c:/program files (x86)/atmel/studio/7.0/toolchain/arm/arm-gnu-toolchain/bin/../lib/gcc/arm-none-eabi/5.3.1/../../../../arm-none-eabi/lib/armv6-m\libc_nano.a(lib_a-memchr-stub.o)
 .ARM.attributes
                0x000008e0       0x2c c:/program files (x86)/atmel/studio/7.0/toolchain/arm/arm-gnu-toolchain/bin/../lib/gcc/arm-none-eabi/5.3.1/../../../../arm-none-eabi/lib/armv6-m\libc_nano.a(lib_a-readr.o)
 .ARM.attributes
                0x0000090c       0x2c c:/program files (x86)/atmel/studio/7.0/toolchain/arm/arm-gnu-toolchain/bin/../lib/gcc/arm-none-eabi/5.3.1/../../../../arm-none-eabi/lib/armv6-m\libc_nano.a(lib_a-reent.o)
 .ARM.attributes
                0x00000938       0x1e c:/program files (x86)/atmel/studio/7.0/toolchain/arm/arm-gnu-toolchain/bin/../lib/gcc/arm-none-eabi/5.3.1/armv6-m/crtn.o

.comment        0x00000000       0x59
 .comment       0x00000000       0x59 src/ASF/common2/services/delay/sam0/systick_counter.o
                                 0x5a (size before relaxing)
 .comment       0x00000059       0x5a src/ASF/sam0/utils/stdio/read.o
 .comment       0x00000059       0x5a src/ASF/sam0/utils/stdio/write.o
 .comment       0x00000059       0x5a src/ASF/sam0/drivers/sercom/usart/usart.o
 .comment       0x00000059       0x5a src/ASF/sam0/drivers/sercom/usart/usart_interrupt.o
 .comment       0x00000059       0x5a src/ASF/common/utils/interrupt/interrupt_sam_nvic.o
 .comment       0x00000059       0x5a src/ASF/sam0/boards/samr21_xplained_pro/board_init.o
 .comment       0x00000059       0x5a src/ASF/sam0/drivers/port/port.o
 .comment       0x00000059       0x5a src/ASF/sam0/drivers/sercom/sercom.o
 .comment       0x00000059       0x5a src/ASF/sam0/drivers/sercom/sercom_interrupt.o
 .comment       0x00000059       0x5a src/ASF/sam0/drivers/sercom/spi/spi.o
 .comment       0x00000059       0x5a src/ASF/sam0/drivers/sercom/spi/spi_interrupt.o
 .comment       0x00000059       0x5a src/ASF/sam0/drivers/system/clock/clock_samd21_r21_da/clock.o
 .comment       0x00000059       0x5a src/ASF/sam0/drivers/system/clock/clock_samd21_r21_da/gclk.o
 .comment       0x00000059       0x5a src/ASF/sam0/drivers/system/pinmux/pinmux.o
 .comment       0x00000059       0x5a src/ASF/sam0/drivers/system/system.o
 .comment       0x00000059       0x5a src/ASF/sam0/utils/cmsis/samr21/source/gcc/startup_samr21.o
 .comment       0x00000059       0x5a src/ASF/sam0/utils/syscalls/gcc/syscalls.o
 .comment       0x00000059       0x5a src/qs_spi_slave_callback.o

.debug_info     0x00000000    0x221a0
 .debug_info    0x00000000      0x26b src/ASF/common2/services/delay/sam0/systick_counter.o
 .debug_info    0x0000026b      0x1c4 src/ASF/sam0/utils/stdio/read.o
 .debug_info    0x0000042f      0x1c1 src/ASF/sam0/utils/stdio/write.o
 .debug_info    0x000005f0     0x40e3 src/ASF/sam0/drivers/sercom/usart/usart.o
 .debug_info    0x000046d3     0x2789 src/ASF/sam0/drivers/sercom/usart/usart_interrupt.o
 .debug_info    0x00006e5c      0x1ea src/ASF/common/utils/interrupt/interrupt_sam_nvic.o
 .debug_info    0x00007046      0x98c src/ASF/sam0/boards/samr21_xplained_pro/board_init.o
 .debug_info    0x000079d2      0x982 src/ASF/sam0/drivers/port/port.o
 .debug_info    0x00008354     0x253f src/ASF/sam0/drivers/sercom/sercom.o
 .debug_info    0x0000a893     0x230f src/ASF/sam0/drivers/sercom/sercom_interrupt.o
 .debug_info    0x0000cba2     0x5cdb src/ASF/sam0/drivers/sercom/spi/spi.o
 .debug_info    0x0001287d     0x28bd src/ASF/sam0/drivers/sercom/spi/spi_interrupt.o
 .debug_info    0x0001513a     0x2d2f src/ASF/sam0/drivers/system/clock/clock_samd21_r21_da/clock.o
 .debug_info    0x00017e69     0x149c src/ASF/sam0/drivers/system/clock/clock_samd21_r21_da/gclk.o
 .debug_info    0x00019305      0xa62 src/ASF/sam0/drivers/system/pinmux/pinmux.o
 .debug_info    0x00019d67      0x17c src/ASF/sam0/drivers/system/system.o
 .debug_info    0x00019ee3     0x3a76 src/ASF/sam0/utils/cmsis/samr21/source/gcc/startup_samr21.o
 .debug_info    0x0001d959      0x40f src/ASF/sam0/utils/syscalls/gcc/syscalls.o
 .debug_info    0x0001dd68     0x4438 src/qs_spi_slave_callback.o

.debug_abbrev   0x00000000     0x2ecb
 .debug_abbrev  0x00000000      0x13e src/ASF/common2/services/delay/sam0/systick_counter.o
 .debug_abbrev  0x0000013e      0x10a src/ASF/sam0/utils/stdio/read.o
 .debug_abbrev  0x00000248       0xf7 src/ASF/sam0/utils/stdio/write.o
 .debug_abbrev  0x0000033f      0x3f8 src/ASF/sam0/drivers/sercom/usart/usart.o
 .debug_abbrev  0x00000737      0x37f src/ASF/sam0/drivers/sercom/usart/usart_interrupt.o
 .debug_abbrev  0x00000ab6       0xf6 src/ASF/common/utils/interrupt/interrupt_sam_nvic.o
 .debug_abbrev  0x00000bac      0x224 src/ASF/sam0/boards/samr21_xplained_pro/board_init.o
 .debug_abbrev  0x00000dd0      0x1dc src/ASF/sam0/drivers/port/port.o
 .debug_abbrev  0x00000fac      0x308 src/ASF/sam0/drivers/sercom/sercom.o
 .debug_abbrev  0x000012b4      0x237 src/ASF/sam0/drivers/sercom/sercom_interrupt.o
 .debug_abbrev  0x000014eb      0x460 src/ASF/sam0/drivers/sercom/spi/spi.o
 .debug_abbrev  0x0000194b      0x365 src/ASF/sam0/drivers/sercom/spi/spi_interrupt.o
 .debug_abbrev  0x00001cb0      0x3be src/ASF/sam0/drivers/system/clock/clock_samd21_r21_da/clock.o
 .debug_abbrev  0x0000206e      0x338 src/ASF/sam0/drivers/system/clock/clock_samd21_r21_da/gclk.o
 .debug_abbrev  0x000023a6      0x289 src/ASF/sam0/drivers/system/pinmux/pinmux.o
 .debug_abbrev  0x0000262f       0xbb src/ASF/sam0/drivers/system/system.o
 .debug_abbrev  0x000026ea      0x217 src/ASF/sam0/utils/cmsis/samr21/source/gcc/startup_samr21.o
 .debug_abbrev  0x00002901      0x13e src/ASF/sam0/utils/syscalls/gcc/syscalls.o
 .debug_abbrev  0x00002a3f      0x48c src/qs_spi_slave_callback.o

.debug_loc      0x00000000     0x68db
 .debug_loc     0x00000000       0xe4 src/ASF/common2/services/delay/sam0/systick_counter.o
 .debug_loc     0x000000e4       0xf0 src/ASF/sam0/utils/stdio/read.o
 .debug_loc     0x000001d4      0x130 src/ASF/sam0/utils/stdio/write.o
 .debug_loc     0x00000304      0xc45 src/ASF/sam0/drivers/sercom/usart/usart.o
 .debug_loc     0x00000f49      0x5bb src/ASF/sam0/drivers/sercom/usart/usart_interrupt.o
 .debug_loc     0x00001504       0x8a src/ASF/sam0/boards/samr21_xplained_pro/board_init.o
 .debug_loc     0x0000158e      0x13d src/ASF/sam0/drivers/port/port.o
 .debug_loc     0x000016cb      0x9ae src/ASF/sam0/drivers/sercom/sercom.o
 .debug_loc     0x00002079      0x16c src/ASF/sam0/drivers/sercom/sercom_interrupt.o
 .debug_loc     0x000021e5     0x24c4 src/ASF/sam0/drivers/sercom/spi/spi.o
 .debug_loc     0x000046a9      0x57a src/ASF/sam0/drivers/sercom/spi/spi_interrupt.o
 .debug_loc     0x00004c23      0xf0c src/ASF/sam0/drivers/system/clock/clock_samd21_r21_da/clock.o
 .debug_loc     0x00005b2f      0x4e3 src/ASF/sam0/drivers/system/clock/clock_samd21_r21_da/gclk.o
 .debug_loc     0x00006012      0x32f src/ASF/sam0/drivers/system/pinmux/pinmux.o
 .debug_loc     0x00006341       0x20 src/ASF/sam0/drivers/system/system.o
 .debug_loc     0x00006361       0x20 src/ASF/sam0/utils/cmsis/samr21/source/gcc/startup_samr21.o
 .debug_loc     0x00006381       0xd1 src/ASF/sam0/utils/syscalls/gcc/syscalls.o
 .debug_loc     0x00006452      0x489 src/qs_spi_slave_callback.o

.debug_aranges  0x00000000      0x508
 .debug_aranges
                0x00000000       0x30 src/ASF/common2/services/delay/sam0/systick_counter.o
 .debug_aranges
                0x00000030       0x20 src/ASF/sam0/utils/stdio/read.o
 .debug_aranges
                0x00000050       0x20 src/ASF/sam0/utils/stdio/write.o
 .debug_aranges
                0x00000070       0x40 src/ASF/sam0/drivers/sercom/usart/usart.o
 .debug_aranges
                0x000000b0       0x70 src/ASF/sam0/drivers/sercom/usart/usart_interrupt.o
 .debug_aranges
                0x00000120       0x28 src/ASF/common/utils/interrupt/interrupt_sam_nvic.o
 .debug_aranges
                0x00000148       0x20 src/ASF/sam0/boards/samr21_xplained_pro/board_init.o
 .debug_aranges
                0x00000168       0x28 src/ASF/sam0/drivers/port/port.o
 .debug_aranges
                0x00000190       0x40 src/ASF/sam0/drivers/sercom/sercom.o
 .debug_aranges
                0x000001d0       0x60 src/ASF/sam0/drivers/sercom/sercom_interrupt.o
 .debug_aranges
                0x00000230       0x58 src/ASF/sam0/drivers/sercom/spi/spi.o
 .debug_aranges
                0x00000288       0x50 src/ASF/sam0/drivers/sercom/spi/spi_interrupt.o
 .debug_aranges
                0x000002d8       0x78 src/ASF/sam0/drivers/system/clock/clock_samd21_r21_da/clock.o
 .debug_aranges
                0x00000350       0x80 src/ASF/sam0/drivers/system/clock/clock_samd21_r21_da/gclk.o
 .debug_aranges
                0x000003d0       0x38 src/ASF/sam0/drivers/system/pinmux/pinmux.o
 .debug_aranges
                0x00000408       0x28 src/ASF/sam0/drivers/system/system.o
 .debug_aranges
                0x00000430       0x28 src/ASF/sam0/utils/cmsis/samr21/source/gcc/startup_samr21.o
 .debug_aranges
                0x00000458       0x60 src/ASF/sam0/utils/syscalls/gcc/syscalls.o
 .debug_aranges
                0x000004b8       0x50 src/qs_spi_slave_callback.o

.debug_ranges   0x00000000      0x828
 .debug_ranges  0x00000000       0x50 src/ASF/common2/services/delay/sam0/systick_counter.o
 .debug_ranges  0x00000050       0x10 src/ASF/sam0/utils/stdio/read.o
 .debug_ranges  0x00000060       0x10 src/ASF/sam0/utils/stdio/write.o
 .debug_ranges  0x00000070       0xe0 src/ASF/sam0/drivers/sercom/usart/usart.o
 .debug_ranges  0x00000150       0x60 src/ASF/sam0/drivers/sercom/usart/usart_interrupt.o
 .debug_ranges  0x000001b0       0x18 src/ASF/common/utils/interrupt/interrupt_sam_nvic.o
 .debug_ranges  0x000001c8       0x10 src/ASF/sam0/boards/samr21_xplained_pro/board_init.o
 .debug_ranges  0x000001d8       0x18 src/ASF/sam0/drivers/port/port.o
 .debug_ranges  0x000001f0       0x48 src/ASF/sam0/drivers/sercom/sercom.o
 .debug_ranges  0x00000238       0x50 src/ASF/sam0/drivers/sercom/sercom_interrupt.o
 .debug_ranges  0x00000288      0x340 src/ASF/sam0/drivers/sercom/spi/spi.o
 .debug_ranges  0x000005c8       0x70 src/ASF/sam0/drivers/sercom/spi/spi_interrupt.o
 .debug_ranges  0x00000638       0x68 src/ASF/sam0/drivers/system/clock/clock_samd21_r21_da/clock.o
 .debug_ranges  0x000006a0       0x70 src/ASF/sam0/drivers/system/clock/clock_samd21_r21_da/gclk.o
 .debug_ranges  0x00000710       0x28 src/ASF/sam0/drivers/system/pinmux/pinmux.o
 .debug_ranges  0x00000738       0x18 src/ASF/sam0/drivers/system/system.o
 .debug_ranges  0x00000750       0x18 src/ASF/sam0/utils/cmsis/samr21/source/gcc/startup_samr21.o
 .debug_ranges  0x00000768       0x50 src/ASF/sam0/utils/syscalls/gcc/syscalls.o
 .debug_ranges  0x000007b8       0x70 src/qs_spi_slave_callback.o

.debug_macro    0x00000000    0x193e7
 .debug_macro   0x00000000      0x4fa src/ASF/common2/services/delay/sam0/systick_counter.o
 .debug_macro   0x000004fa      0x84a src/ASF/common2/services/delay/sam0/systick_counter.o
 .debug_macro   0x00000d44      0x16d src/ASF/common2/services/delay/sam0/systick_counter.o
 .debug_macro   0x00000eb1      0x652 src/ASF/common2/services/delay/sam0/systick_counter.o
 .debug_macro   0x00001503       0x22 src/ASF/common2/services/delay/sam0/systick_counter.o
 .debug_macro   0x00001525       0x87 src/ASF/common2/services/delay/sam0/systick_counter.o
 .debug_macro   0x000015ac       0x44 src/ASF/common2/services/delay/sam0/systick_counter.o
 .debug_macro   0x000015f0       0xfd src/ASF/common2/services/delay/sam0/systick_counter.o
 .debug_macro   0x000016ed       0x22 src/ASF/common2/services/delay/sam0/systick_counter.o
 .debug_macro   0x0000170f      0x1df src/ASF/common2/services/delay/sam0/systick_counter.o
 .debug_macro   0x000018ee       0x10 src/ASF/common2/services/delay/sam0/systick_counter.o
 .debug_macro   0x000018fe       0x76 src/ASF/common2/services/delay/sam0/systick_counter.o
 .debug_macro   0x00001974       0x16 src/ASF/common2/services/delay/sam0/systick_counter.o
 .debug_macro   0x0000198a      0x6e5 src/ASF/common2/services/delay/sam0/systick_counter.o
 .debug_macro   0x0000206f      0xde2 src/ASF/common2/services/delay/sam0/systick_counter.o
 .debug_macro   0x00002e51       0x22 src/ASF/common2/services/delay/sam0/systick_counter.o
 .debug_macro   0x00002e73       0x40 src/ASF/common2/services/delay/sam0/systick_counter.o
 .debug_macro   0x00002eb3       0x3a src/ASF/common2/services/delay/sam0/systick_counter.o
 .debug_macro   0x00002eed       0x1f src/ASF/common2/services/delay/sam0/systick_counter.o
 .debug_macro   0x00002f0c      0x250 src/ASF/common2/services/delay/sam0/systick_counter.o
 .debug_macro   0x0000315c      0x682 src/ASF/common2/services/delay/sam0/systick_counter.o
 .debug_macro   0x000037de      0x8bf src/ASF/common2/services/delay/sam0/systick_counter.o
 .debug_macro   0x0000409d      0xd6a src/ASF/common2/services/delay/sam0/systick_counter.o
 .debug_macro   0x00004e07      0x4ce src/ASF/common2/services/delay/sam0/systick_counter.o
 .debug_macro   0x000052d5      0x9f8 src/ASF/common2/services/delay/sam0/systick_counter.o
 .debug_macro   0x00005ccd      0x82b src/ASF/common2/services/delay/sam0/systick_counter.o
 .debug_macro   0x000064f8      0x45f src/ASF/common2/services/delay/sam0/systick_counter.o
 .debug_macro   0x00006957       0x5e src/ASF/common2/services/delay/sam0/systick_counter.o
 .debug_macro   0x000069b5      0x225 src/ASF/common2/services/delay/sam0/systick_counter.o
 .debug_macro   0x00006bda      0x797 src/ASF/common2/services/delay/sam0/systick_counter.o
 .debug_macro   0x00007371       0x5e src/ASF/common2/services/delay/sam0/systick_counter.o
 .debug_macro   0x000073cf      0x60a src/ASF/common2/services/delay/sam0/systick_counter.o
 .debug_macro   0x000079d9      0x3b6 src/ASF/common2/services/delay/sam0/systick_counter.o
 .debug_macro   0x00007d8f       0x94 src/ASF/common2/services/delay/sam0/systick_counter.o
 .debug_macro   0x00007e23      0xc55 src/ASF/common2/services/delay/sam0/systick_counter.o
 .debug_macro   0x00008a78     0x1092 src/ASF/common2/services/delay/sam0/systick_counter.o
 .debug_macro   0x00009b0a      0xc4a src/ASF/common2/services/delay/sam0/systick_counter.o
 .debug_macro   0x0000a754      0x6bf src/ASF/common2/services/delay/sam0/systick_counter.o
 .debug_macro   0x0000ae13     0x1b4b src/ASF/common2/services/delay/sam0/systick_counter.o
 .debug_macro   0x0000c95e     0x144a src/ASF/common2/services/delay/sam0/systick_counter.o
 .debug_macro   0x0000dda8      0x34e src/ASF/common2/services/delay/sam0/systick_counter.o
 .debug_macro   0x0000e0f6       0x7c src/ASF/common2/services/delay/sam0/systick_counter.o
 .debug_macro   0x0000e172       0xa0 src/ASF/common2/services/delay/sam0/systick_counter.o
 .debug_macro   0x0000e212       0xca src/ASF/common2/services/delay/sam0/systick_counter.o
 .debug_macro   0x0000e2dc       0x94 src/ASF/common2/services/delay/sam0/systick_counter.o
 .debug_macro   0x0000e370       0x58 src/ASF/common2/services/delay/sam0/systick_counter.o
 .debug_macro   0x0000e3c8      0x364 src/ASF/common2/services/delay/sam0/systick_counter.o
 .debug_macro   0x0000e72c       0x82 src/ASF/common2/services/delay/sam0/systick_counter.o
 .debug_macro   0x0000e7ae      0x197 src/ASF/common2/services/delay/sam0/systick_counter.o
 .debug_macro   0x0000e945       0xa0 src/ASF/common2/services/delay/sam0/systick_counter.o
 .debug_macro   0x0000e9e5       0xb2 src/ASF/common2/services/delay/sam0/systick_counter.o
 .debug_macro   0x0000ea97       0x1c src/ASF/common2/services/delay/sam0/systick_counter.o
 .debug_macro   0x0000eab3       0x1c src/ASF/common2/services/delay/sam0/systick_counter.o
 .debug_macro   0x0000eacf       0x1c src/ASF/common2/services/delay/sam0/systick_counter.o
 .debug_macro   0x0000eaeb       0x7c src/ASF/common2/services/delay/sam0/systick_counter.o
 .debug_macro   0x0000eb67      0x1c6 src/ASF/common2/services/delay/sam0/systick_counter.o
 .debug_macro   0x0000ed2d       0x16 src/ASF/common2/services/delay/sam0/systick_counter.o
 .debug_macro   0x0000ed43       0xdc src/ASF/common2/services/delay/sam0/systick_counter.o
 .debug_macro   0x0000ee1f      0x12f src/ASF/common2/services/delay/sam0/systick_counter.o
 .debug_macro   0x0000ef4e      0x12f src/ASF/common2/services/delay/sam0/systick_counter.o
 .debug_macro   0x0000f07d      0x12f src/ASF/common2/services/delay/sam0/systick_counter.o
 .debug_macro   0x0000f1ac      0x12f src/ASF/common2/services/delay/sam0/systick_counter.o
 .debug_macro   0x0000f2db      0x12f src/ASF/common2/services/delay/sam0/systick_counter.o
 .debug_macro   0x0000f40a      0x12f src/ASF/common2/services/delay/sam0/systick_counter.o
 .debug_macro   0x0000f539      0x11e src/ASF/common2/services/delay/sam0/systick_counter.o
 .debug_macro   0x0000f657       0xe2 src/ASF/common2/services/delay/sam0/systick_counter.o
 .debug_macro   0x0000f739       0xe2 src/ASF/common2/services/delay/sam0/systick_counter.o
 .debug_macro   0x0000f81b       0xe2 src/ASF/common2/services/delay/sam0/systick_counter.o
 .debug_macro   0x0000f8fd      0x12c src/ASF/common2/services/delay/sam0/systick_counter.o
 .debug_macro   0x0000fa29      0x100 src/ASF/common2/services/delay/sam0/systick_counter.o
 .debug_macro   0x0000fb29       0xf4 src/ASF/common2/services/delay/sam0/systick_counter.o
 .debug_macro   0x0000fc1d      0x40f src/ASF/common2/services/delay/sam0/systick_counter.o
 .debug_macro   0x0001002c       0x40 src/ASF/common2/services/delay/sam0/systick_counter.o
 .debug_macro   0x0001006c      0x345 src/ASF/common2/services/delay/sam0/systick_counter.o
 .debug_macro   0x000103b1     0x174b src/ASF/common2/services/delay/sam0/systick_counter.o
 .debug_macro   0x00011afc       0x74 src/ASF/common2/services/delay/sam0/systick_counter.o
 .debug_macro   0x00011b70       0x52 src/ASF/common2/services/delay/sam0/systick_counter.o
 .debug_macro   0x00011bc2       0x35 src/ASF/common2/services/delay/sam0/systick_counter.o
 .debug_macro   0x00011bf7       0x9c src/ASF/common2/services/delay/sam0/systick_counter.o
 .debug_macro   0x00011c93       0x16 src/ASF/common2/services/delay/sam0/systick_counter.o
 .debug_macro   0x00011ca9       0x35 src/ASF/common2/services/delay/sam0/systick_counter.o
 .debug_macro   0x00011cde      0x330 src/ASF/common2/services/delay/sam0/systick_counter.o
 .debug_macro   0x0001200e       0x10 src/ASF/common2/services/delay/sam0/systick_counter.o
 .debug_macro   0x0001201e       0x52 src/ASF/common2/services/delay/sam0/systick_counter.o
 .debug_macro   0x00012070       0x16 src/ASF/common2/services/delay/sam0/systick_counter.o
 .debug_macro   0x00012086       0x43 src/ASF/common2/services/delay/sam0/systick_counter.o
 .debug_macro   0x000120c9      0x187 src/ASF/common2/services/delay/sam0/systick_counter.o
 .debug_macro   0x00012250       0x22 src/ASF/common2/services/delay/sam0/systick_counter.o
 .debug_macro   0x00012272       0x3a src/ASF/common2/services/delay/sam0/systick_counter.o
 .debug_macro   0x000122ac       0x10 src/ASF/common2/services/delay/sam0/systick_counter.o
 .debug_macro   0x000122bc       0x40 src/ASF/common2/services/delay/sam0/systick_counter.o
 .debug_macro   0x000122fc       0x6c src/ASF/common2/services/delay/sam0/systick_counter.o
 .debug_macro   0x00012368       0x16 src/ASF/common2/services/delay/sam0/systick_counter.o
 .debug_macro   0x0001237e      0x182 src/ASF/common2/services/delay/sam0/systick_counter.o
 .debug_macro   0x00012500       0x16 src/ASF/common2/services/delay/sam0/systick_counter.o
 .debug_macro   0x00012516       0x16 src/ASF/common2/services/delay/sam0/systick_counter.o
 .debug_macro   0x0001252c       0x29 src/ASF/common2/services/delay/sam0/systick_counter.o
 .debug_macro   0x00012555       0x51 src/ASF/common2/services/delay/sam0/systick_counter.o
 .debug_macro   0x000125a6       0x3f src/ASF/common2/services/delay/sam0/systick_counter.o
 .debug_macro   0x000125e5      0x3df src/ASF/common2/services/delay/sam0/systick_counter.o
 .debug_macro   0x000129c4       0x11 src/ASF/common2/services/delay/sam0/systick_counter.o
 .debug_macro   0x000129d5       0x16 src/ASF/common2/services/delay/sam0/systick_counter.o
 .debug_macro   0x000129eb       0x16 src/ASF/common2/services/delay/sam0/systick_counter.o
 .debug_macro   0x00012a01      0x4bf src/ASF/sam0/utils/stdio/read.o
 .debug_macro   0x00012ec0      0x4bf src/ASF/sam0/utils/stdio/write.o
 .debug_macro   0x0001337f      0x55e src/ASF/sam0/drivers/sercom/usart/usart.o
 .debug_macro   0x000138dd       0x11 src/ASF/sam0/drivers/sercom/usart/usart.o
 .debug_macro   0x000138ee       0x2e src/ASF/sam0/drivers/sercom/usart/usart.o
 .debug_macro   0x0001391c       0xa0 src/ASF/sam0/drivers/sercom/usart/usart.o
 .debug_macro   0x000139bc       0x10 src/ASF/sam0/drivers/sercom/usart/usart.o
 .debug_macro   0x000139cc       0x51 src/ASF/sam0/drivers/sercom/usart/usart.o
 .debug_macro   0x00013a1d      0x55e src/ASF/sam0/drivers/sercom/usart/usart_interrupt.o
 .debug_macro   0x00013f7b      0x4bf src/ASF/common/utils/interrupt/interrupt_sam_nvic.o
 .debug_macro   0x0001443a      0x4fb src/ASF/sam0/boards/samr21_xplained_pro/board_init.o
 .debug_macro   0x00014935      0x2bf src/ASF/sam0/boards/samr21_xplained_pro/board_init.o
 .debug_macro   0x00014bf4      0x69f src/ASF/sam0/boards/samr21_xplained_pro/board_init.o
 .debug_macro   0x00015293       0x19 src/ASF/sam0/boards/samr21_xplained_pro/board_init.o
 .debug_macro   0x000152ac      0x4d9 src/ASF/sam0/drivers/port/port.o
 .debug_macro   0x00015785      0x54d src/ASF/sam0/drivers/sercom/sercom.o
 .debug_macro   0x00015cd2      0x54a src/ASF/sam0/drivers/sercom/sercom_interrupt.o
 .debug_macro   0x0001621c      0x587 src/ASF/sam0/drivers/sercom/spi/spi.o
 .debug_macro   0x000167a3       0x16 src/ASF/sam0/drivers/sercom/spi/spi.o
 .debug_macro   0x000167b9       0x3a src/ASF/sam0/drivers/sercom/spi/spi.o
 .debug_macro   0x000167f3       0x35 src/ASF/sam0/drivers/sercom/spi/spi.o
 .debug_macro   0x00016828      0x591 src/ASF/sam0/drivers/sercom/spi/spi_interrupt.o
 .debug_macro   0x00016db9      0x531 src/ASF/sam0/drivers/system/clock/clock_samd21_r21_da/clock.o
 .debug_macro   0x000172ea      0x29d src/ASF/sam0/drivers/system/clock/clock_samd21_r21_da/clock.o
 .debug_macro   0x00017587      0x4f5 src/ASF/sam0/drivers/system/clock/clock_samd21_r21_da/gclk.o
 .debug_macro   0x00017a7c      0x4d1 src/ASF/sam0/drivers/system/pinmux/pinmux.o
 .debug_macro   0x00017f4d      0x503 src/ASF/sam0/drivers/system/system.o
 .debug_macro   0x00018450      0x2d1 src/ASF/sam0/utils/cmsis/samr21/source/gcc/startup_samr21.o
 .debug_macro   0x00018721       0x3a src/ASF/sam0/utils/cmsis/samr21/source/gcc/startup_samr21.o
 .debug_macro   0x0001875b      0x19c src/ASF/sam0/utils/syscalls/gcc/syscalls.o
 .debug_macro   0x000188f7       0x4c src/ASF/sam0/utils/syscalls/gcc/syscalls.o
 .debug_macro   0x00018943       0x8d src/ASF/sam0/utils/syscalls/gcc/syscalls.o
 .debug_macro   0x000189d0       0x4a src/ASF/sam0/utils/syscalls/gcc/syscalls.o
 .debug_macro   0x00018a1a       0x97 src/ASF/sam0/utils/syscalls/gcc/syscalls.o
 .debug_macro   0x00018ab1       0xf6 src/ASF/sam0/utils/syscalls/gcc/syscalls.o
 .debug_macro   0x00018ba7       0x52 src/ASF/sam0/utils/syscalls/gcc/syscalls.o
 .debug_macro   0x00018bf9       0x16 src/ASF/sam0/utils/syscalls/gcc/syscalls.o
 .debug_macro   0x00018c0f       0x10 src/ASF/sam0/utils/syscalls/gcc/syscalls.o
 .debug_macro   0x00018c1f       0x41 src/ASF/sam0/utils/syscalls/gcc/syscalls.o
 .debug_macro   0x00018c60      0x122 src/ASF/sam0/utils/syscalls/gcc/syscalls.o
 .debug_macro   0x00018d82      0x61c src/qs_spi_slave_callback.o
 .debug_macro   0x0001939e       0x49 src/qs_spi_slave_callback.o

.debug_line     0x00000000     0xc685
 .debug_line    0x00000000      0x982 src/ASF/common2/services/delay/sam0/systick_counter.o
 .debug_line    0x00000982      0x86c src/ASF/sam0/utils/stdio/read.o
 .debug_line    0x000011ee      0x862 src/ASF/sam0/utils/stdio/write.o
 .debug_line    0x00001a50      0xcba src/ASF/sam0/drivers/sercom/usart/usart.o
 .debug_line    0x0000270a      0xc4d src/ASF/sam0/drivers/sercom/usart/usart_interrupt.o
 .debug_line    0x00003357      0x88e src/ASF/common/utils/interrupt/interrupt_sam_nvic.o
 .debug_line    0x00003be5      0x935 src/ASF/sam0/boards/samr21_xplained_pro/board_init.o
 .debug_line    0x0000451a      0x8ba src/ASF/sam0/drivers/port/port.o
 .debug_line    0x00004dd4      0xb8a src/ASF/sam0/drivers/sercom/sercom.o
 .debug_line    0x0000595e      0xb2f src/ASF/sam0/drivers/sercom/sercom_interrupt.o
 .debug_line    0x0000648d     0x1265 src/ASF/sam0/drivers/sercom/spi/spi.o
 .debug_line    0x000076f2      0xc66 src/ASF/sam0/drivers/sercom/spi/spi_interrupt.o
 .debug_line    0x00008358      0xbea src/ASF/sam0/drivers/system/clock/clock_samd21_r21_da/clock.o
 .debug_line    0x00008f42      0xc29 src/ASF/sam0/drivers/system/clock/clock_samd21_r21_da/gclk.o
 .debug_line    0x00009b6b      0x8d9 src/ASF/sam0/drivers/system/pinmux/pinmux.o
 .debug_line    0x0000a444      0x9a9 src/ASF/sam0/drivers/system/system.o
 .debug_line    0x0000aded      0x63c src/ASF/sam0/utils/cmsis/samr21/source/gcc/startup_samr21.o
 .debug_line    0x0000b429      0x3d0 src/ASF/sam0/utils/syscalls/gcc/syscalls.o
 .debug_line    0x0000b7f9      0xe8c src/qs_spi_slave_callback.o

.debug_str      0x00000000    0x83871
 .debug_str     0x00000000    0x78b02 src/ASF/common2/services/delay/sam0/systick_counter.o
                              0x78eb1 (size before relaxing)
 .debug_str     0x00078b02       0x3d src/ASF/sam0/utils/stdio/read.o
                              0x78c65 (size before relaxing)
 .debug_str     0x00078b3f       0x2c src/ASF/sam0/utils/stdio/write.o
                              0x78c67 (size before relaxing)
 .debug_str     0x00078b6b     0x21d5 src/ASF/sam0/drivers/sercom/usart/usart.o
                              0x7afda (size before relaxing)
 .debug_str     0x0007ad40      0x1e8 src/ASF/sam0/drivers/sercom/usart/usart_interrupt.o
                              0x7a324 (size before relaxing)
 .debug_str     0x0007af28       0x94 src/ASF/common/utils/interrupt/interrupt_sam_nvic.o
                              0x78cb8 (size before relaxing)
 .debug_str     0x0007afbc     0x2c97 src/ASF/sam0/boards/samr21_xplained_pro/board_init.o
                              0x7b96e (size before relaxing)
 .debug_str     0x0007dc53       0x53 src/ASF/sam0/drivers/port/port.o
                              0x79097 (size before relaxing)
 .debug_str     0x0007dca6      0x41e src/ASF/sam0/drivers/sercom/sercom.o
                              0x7a301 (size before relaxing)
 .debug_str     0x0007e0c4      0x4ec src/ASF/sam0/drivers/sercom/sercom_interrupt.o
                              0x7a13c (size before relaxing)
 .debug_str     0x0007e5b0      0xa76 src/ASF/sam0/drivers/sercom/spi/spi.o
                              0x7b6cf (size before relaxing)
 .debug_str     0x0007f026      0x170 src/ASF/sam0/drivers/sercom/spi/spi_interrupt.o
                              0x7a6fa (size before relaxing)
 .debug_str     0x0007f196     0x274e src/ASF/sam0/drivers/system/clock/clock_samd21_r21_da/clock.o
                              0x7bd34 (size before relaxing)
 .debug_str     0x000818e4      0x285 src/ASF/sam0/drivers/system/clock/clock_samd21_r21_da/gclk.o
                              0x798fe (size before relaxing)
 .debug_str     0x00081b69      0x130 src/ASF/sam0/drivers/system/pinmux/pinmux.o
                              0x790af (size before relaxing)
 .debug_str     0x00081c99       0x47 src/ASF/sam0/drivers/system/system.o
                              0x78d3d (size before relaxing)
 .debug_str     0x00081ce0      0xf04 src/ASF/sam0/utils/cmsis/samr21/source/gcc/startup_samr21.o
                              0x65445 (size before relaxing)
 .debug_str     0x00082be4      0x742 src/ASF/sam0/utils/syscalls/gcc/syscalls.o
                               0x6893 (size before relaxing)
 .debug_str     0x00083326      0x54b src/qs_spi_slave_callback.o
                              0x7e7f6 (size before relaxing)

.debug_frame    0x00000000     0x1368
 .debug_frame   0x00000000       0x64 src/ASF/common2/services/delay/sam0/systick_counter.o
 .debug_frame   0x00000064       0x34 src/ASF/sam0/utils/stdio/read.o
 .debug_frame   0x00000098       0x34 src/ASF/sam0/utils/stdio/write.o
 .debug_frame   0x000000cc       0xac src/ASF/sam0/drivers/sercom/usart/usart.o
 .debug_frame   0x00000178      0x110 src/ASF/sam0/drivers/sercom/usart/usart_interrupt.o
 .debug_frame   0x00000288       0x30 src/ASF/common/utils/interrupt/interrupt_sam_nvic.o
 .debug_frame   0x000002b8       0x30 src/ASF/sam0/boards/samr21_xplained_pro/board_init.o
 .debug_frame   0x000002e8       0x44 src/ASF/sam0/drivers/port/port.o
 .debug_frame   0x0000032c       0x9c src/ASF/sam0/drivers/sercom/sercom.o
 .debug_frame   0x000003c8       0xec src/ASF/sam0/drivers/sercom/sercom_interrupt.o
 .debug_frame   0x000004b4      0x120 src/ASF/sam0/drivers/sercom/spi/spi.o
 .debug_frame   0x000005d4       0xa8 src/ASF/sam0/drivers/sercom/spi/spi_interrupt.o
 .debug_frame   0x0000067c      0x158 src/ASF/sam0/drivers/system/clock/clock_samd21_r21_da/clock.o
 .debug_frame   0x000007d4      0x148 src/ASF/sam0/drivers/system/clock/clock_samd21_r21_da/gclk.o
 .debug_frame   0x0000091c       0x74 src/ASF/sam0/drivers/system/pinmux/pinmux.o
 .debug_frame   0x00000990       0x38 src/ASF/sam0/drivers/system/system.o
 .debug_frame   0x000009c8       0x3c src/ASF/sam0/utils/cmsis/samr21/source/gcc/startup_samr21.o
 .debug_frame   0x00000a04       0xa0 src/ASF/sam0/utils/syscalls/gcc/syscalls.o
 .debug_frame   0x00000aa4       0xd8 src/qs_spi_slave_callback.o
 .debug_frame   0x00000b7c       0x20 c:/program files (x86)/atmel/studio/7.0/toolchain/arm/arm-gnu-toolchain/bin/../lib/gcc/arm-none-eabi/5.3.1/armv6-m\libgcc.a(_udivsi3.o)
 .debug_frame   0x00000b9c       0x34 c:/program files (x86)/atmel/studio/7.0/toolchain/arm/arm-gnu-toolchain/bin/../lib/gcc/arm-none-eabi/5.3.1/armv6-m\libgcc.a(_muldi3.o)
 .debug_frame   0x00000bd0       0x2c c:/program files (x86)/atmel/studio/7.0/toolchain/arm/arm-gnu-toolchain/bin/../lib/gcc/arm-none-eabi/5.3.1/../../../../arm-none-eabi/lib/armv6-m\libc_nano.a(lib_a-init.o)
 .debug_frame   0x00000bfc       0x28 c:/program files (x86)/atmel/studio/7.0/toolchain/arm/arm-gnu-toolchain/bin/../lib/gcc/arm-none-eabi/5.3.1/../../../../arm-none-eabi/lib/armv6-m\libc_nano.a(lib_a-memcpy-stub.o)
 .debug_frame   0x00000c24       0x20 c:/program files (x86)/atmel/studio/7.0/toolchain/arm/arm-gnu-toolchain/bin/../lib/gcc/arm-none-eabi/5.3.1/../../../../arm-none-eabi/lib/armv6-m\libc_nano.a(lib_a-memset.o)
 .debug_frame   0x00000c44       0x50 c:/program files (x86)/atmel/studio/7.0/toolchain/arm/arm-gnu-toolchain/bin/../lib/gcc/arm-none-eabi/5.3.1/../../../../arm-none-eabi/lib/armv6-m\libc_nano.a(lib_a-printf.o)
 .debug_frame   0x00000c94       0x28 c:/program files (x86)/atmel/studio/7.0/toolchain/arm/arm-gnu-toolchain/bin/../lib/gcc/arm-none-eabi/5.3.1/../../../../arm-none-eabi/lib/armv6-m\libc_nano.a(lib_a-setbuf.o)
 .debug_frame   0x00000cbc       0x30 c:/program files (x86)/atmel/studio/7.0/toolchain/arm/arm-gnu-toolchain/bin/../lib/gcc/arm-none-eabi/5.3.1/../../../../arm-none-eabi/lib/armv6-m\libc_nano.a(lib_a-setvbuf.o)
 .debug_frame   0x00000cec       0x68 c:/program files (x86)/atmel/studio/7.0/toolchain/arm/arm-gnu-toolchain/bin/../lib/gcc/arm-none-eabi/5.3.1/../../../../arm-none-eabi/lib/armv6-m\libc_nano.a(lib_a-fflush.o)
 .debug_frame   0x00000d54      0x140 c:/program files (x86)/atmel/studio/7.0/toolchain/arm/arm-gnu-toolchain/bin/../lib/gcc/arm-none-eabi/5.3.1/../../../../arm-none-eabi/lib/armv6-m\libc_nano.a(lib_a-findfp.o)
 .debug_frame   0x00000e94       0x58 c:/program files (x86)/atmel/studio/7.0/toolchain/arm/arm-gnu-toolchain/bin/../lib/gcc/arm-none-eabi/5.3.1/../../../../arm-none-eabi/lib/armv6-m\libc_nano.a(lib_a-fwalk.o)
 .debug_frame   0x00000eec       0x54 c:/program files (x86)/atmel/studio/7.0/toolchain/arm/arm-gnu-toolchain/bin/../lib/gcc/arm-none-eabi/5.3.1/../../../../arm-none-eabi/lib/armv6-m\libc_nano.a(lib_a-makebuf.o)
 .debug_frame   0x00000f40       0x40 c:/program files (x86)/atmel/studio/7.0/toolchain/arm/arm-gnu-toolchain/bin/../lib/gcc/arm-none-eabi/5.3.1/../../../../arm-none-eabi/lib/armv6-m\libc_nano.a(lib_a-malloc.o)
 .debug_frame   0x00000f80       0x2c c:/program files (x86)/atmel/studio/7.0/toolchain/arm/arm-gnu-toolchain/bin/../lib/gcc/arm-none-eabi/5.3.1/../../../../arm-none-eabi/lib/armv6-m\libc_nano.a(lib_a-nano-freer.o)
 .debug_frame   0x00000fac       0x2c c:/program files (x86)/atmel/studio/7.0/toolchain/arm/arm-gnu-toolchain/bin/../lib/gcc/arm-none-eabi/5.3.1/../../../../arm-none-eabi/lib/armv6-m\libc_nano.a(lib_a-nano-mallocr.o)
 .debug_frame   0x00000fd8       0x9c c:/program files (x86)/atmel/studio/7.0/toolchain/arm/arm-gnu-toolchain/bin/../lib/gcc/arm-none-eabi/5.3.1/../../../../arm-none-eabi/lib/armv6-m\libc_nano.a(lib_a-nano-vfprintf.o)
 .debug_frame   0x00001074       0x54 c:/program files (x86)/atmel/studio/7.0/toolchain/arm/arm-gnu-toolchain/bin/../lib/gcc/arm-none-eabi/5.3.1/../../../../arm-none-eabi/lib/armv6-m\libc_nano.a(lib_a-nano-vfprintf_i.o)
 .debug_frame   0x000010c8       0x2c c:/program files (x86)/atmel/studio/7.0/toolchain/arm/arm-gnu-toolchain/bin/../lib/gcc/arm-none-eabi/5.3.1/../../../../arm-none-eabi/lib/armv6-m\libc_nano.a(lib_a-sbrkr.o)
 .debug_frame   0x000010f4       0x90 c:/program files (x86)/atmel/studio/7.0/toolchain/arm/arm-gnu-toolchain/bin/../lib/gcc/arm-none-eabi/5.3.1/../../../../arm-none-eabi/lib/armv6-m\libc_nano.a(lib_a-stdio.o)
 .debug_frame   0x00001184       0x48 c:/program files (x86)/atmel/studio/7.0/toolchain/arm/arm-gnu-toolchain/bin/../lib/gcc/arm-none-eabi/5.3.1/../../../../arm-none-eabi/lib/armv6-m\libc_nano.a(lib_a-wbuf.o)
 .debug_frame   0x000011cc       0x2c c:/program files (x86)/atmel/studio/7.0/toolchain/arm/arm-gnu-toolchain/bin/../lib/gcc/arm-none-eabi/5.3.1/../../../../arm-none-eabi/lib/armv6-m\libc_nano.a(lib_a-writer.o)
 .debug_frame   0x000011f8       0x2c c:/program files (x86)/atmel/studio/7.0/toolchain/arm/arm-gnu-toolchain/bin/../lib/gcc/arm-none-eabi/5.3.1/../../../../arm-none-eabi/lib/armv6-m\libc_nano.a(lib_a-wsetup.o)
 .debug_frame   0x00001224       0x2c c:/program files (x86)/atmel/studio/7.0/toolchain/arm/arm-gnu-toolchain/bin/../lib/gcc/arm-none-eabi/5.3.1/../../../../arm-none-eabi/lib/armv6-m\libc_nano.a(lib_a-closer.o)
 .debug_frame   0x00001250       0x2c c:/program files (x86)/atmel/studio/7.0/toolchain/arm/arm-gnu-toolchain/bin/../lib/gcc/arm-none-eabi/5.3.1/../../../../arm-none-eabi/lib/armv6-m\libc_nano.a(lib_a-fstatr.o)
 .debug_frame   0x0000127c       0x2c c:/program files (x86)/atmel/studio/7.0/toolchain/arm/arm-gnu-toolchain/bin/../lib/gcc/arm-none-eabi/5.3.1/../../../../arm-none-eabi/lib/armv6-m\libc_nano.a(lib_a-isattyr.o)
 .debug_frame   0x000012a8       0x2c c:/program files (x86)/atmel/studio/7.0/toolchain/arm/arm-gnu-toolchain/bin/../lib/gcc/arm-none-eabi/5.3.1/../../../../arm-none-eabi/lib/armv6-m\libc_nano.a(lib_a-lseekr.o)
 .debug_frame   0x000012d4       0x20 c:/program files (x86)/atmel/studio/7.0/toolchain/arm/arm-gnu-toolchain/bin/../lib/gcc/arm-none-eabi/5.3.1/../../../../arm-none-eabi/lib/armv6-m\libc_nano.a(lib_a-memchr-stub.o)
 .debug_frame   0x000012f4       0x2c c:/program files (x86)/atmel/studio/7.0/toolchain/arm/arm-gnu-toolchain/bin/../lib/gcc/arm-none-eabi/5.3.1/../../../../arm-none-eabi/lib/armv6-m\libc_nano.a(lib_a-readr.o)
 .debug_frame   0x00001320       0x48 c:/program files (x86)/atmel/studio/7.0/toolchain/arm/arm-gnu-toolchain/bin/../lib/gcc/arm-none-eabi/5.3.1/../../../../arm-none-eabi/lib/armv6-m\libc_nano.a(lib_a-reent.o)

Cross Reference Table

Symbol                                            File
AC_Handler                                        src/ASF/sam0/utils/cmsis/samr21/source/gcc/startup_samr21.o
ADC_Handler                                       src/ASF/sam0/utils/cmsis/samr21/source/gcc/startup_samr21.o
DMAC_Handler                                      src/ASF/sam0/utils/cmsis/samr21/source/gcc/startup_samr21.o
Dummy_Handler                                     src/ASF/sam0/utils/cmsis/samr21/source/gcc/startup_samr21.o
EIC_Handler                                       src/ASF/sam0/utils/cmsis/samr21/source/gcc/startup_samr21.o
EVSYS_Handler                                     src/ASF/sam0/utils/cmsis/samr21/source/gcc/startup_samr21.o
HardFault_Handler                                 src/ASF/sam0/utils/cmsis/samr21/source/gcc/startup_samr21.o
NMI_Handler                                       src/ASF/sam0/utils/cmsis/samr21/source/gcc/startup_samr21.o
NVMCTRL_Handler                                   src/ASF/sam0/utils/cmsis/samr21/source/gcc/startup_samr21.o
PM_Handler                                        src/ASF/sam0/utils/cmsis/samr21/source/gcc/startup_samr21.o
PTC_Handler                                       src/ASF/sam0/utils/cmsis/samr21/source/gcc/startup_samr21.o
PendSV_Handler                                    src/ASF/sam0/utils/cmsis/samr21/source/gcc/startup_samr21.o
RTC_Handler                                       src/ASF/sam0/utils/cmsis/samr21/source/gcc/startup_samr21.o
Reset_Handler                                     src/ASF/sam0/utils/cmsis/samr21/source/gcc/startup_samr21.o
SERCOM0_Handler                                   src/ASF/sam0/drivers/sercom/sercom_interrupt.o
SERCOM1_Handler                                   src/ASF/sam0/drivers/sercom/sercom_interrupt.o
SERCOM2_Handler                                   src/ASF/sam0/drivers/sercom/sercom_interrupt.o
SERCOM3_Handler                                   src/ASF/sam0/drivers/sercom/sercom_interrupt.o
SERCOM4_Handler                                   src/ASF/sam0/drivers/sercom/sercom_interrupt.o
SERCOM5_Handler                                   src/ASF/sam0/drivers/sercom/sercom_interrupt.o
SVC_Handler                                       src/ASF/sam0/utils/cmsis/samr21/source/gcc/startup_samr21.o
SYSCTRL_Handler                                   src/ASF/sam0/utils/cmsis/samr21/source/gcc/startup_samr21.o
SysTick_Handler                                   src/ASF/sam0/utils/cmsis/samr21/source/gcc/startup_samr21.o
SystemCoreClock                                   src/ASF/sam0/utils/cmsis/samr21/source/system_samr21.o
SystemCoreClockUpdate                             src/ASF/sam0/utils/cmsis/samr21/source/system_samr21.o
SystemInit                                        src/ASF/sam0/utils/cmsis/samr21/source/system_samr21.o
TC3_Handler                                       src/ASF/sam0/utils/cmsis/samr21/source/gcc/startup_samr21.o
TC4_Handler                                       src/ASF/sam0/utils/cmsis/samr21/source/gcc/startup_samr21.o
TC5_Handler                                       src/ASF/sam0/utils/cmsis/samr21/source/gcc/startup_samr21.o
TCC0_Handler                                      src/ASF/sam0/utils/cmsis/samr21/source/gcc/startup_samr21.o
TCC1_Handler                                      src/ASF/sam0/utils/cmsis/samr21/source/gcc/startup_samr21.o
TCC2_Handler                                      src/ASF/sam0/utils/cmsis/samr21/source/gcc/startup_samr21.o
USB_Handler                                       src/ASF/sam0/utils/cmsis/samr21/source/gcc/startup_samr21.o
WDT_Handler                                       src/ASF/sam0/utils/cmsis/samr21/source/gcc/startup_samr21.o
_Jv_RegisterClasses                               c:/program files (x86)/atmel/studio/7.0/toolchain/arm/arm-gnu-toolchain/bin/../lib/gcc/arm-none-eabi/5.3.1/armv6-m/crtbegin.o
__aeabi_idiv                                      c:/program files (x86)/atmel/studio/7.0/toolchain/arm/arm-gnu-toolchain/bin/../lib/gcc/arm-none-eabi/5.3.1/armv6-m\libgcc.a(_divsi3.o)
                                                  c:/program files (x86)/atmel/studio/7.0/toolchain/arm/arm-gnu-toolchain/bin/../lib/gcc/arm-none-eabi/5.3.1/../../../../arm-none-eabi/lib/armv6-m\libc_nano.a(lib_a-fvwrite.o)
__aeabi_idiv0                                     c:/program files (x86)/atmel/studio/7.0/toolchain/arm/arm-gnu-toolchain/bin/../lib/gcc/arm-none-eabi/5.3.1/armv6-m\libgcc.a(_dvmd_tls.o)
                                                  c:/program files (x86)/atmel/studio/7.0/toolchain/arm/arm-gnu-toolchain/bin/../lib/gcc/arm-none-eabi/5.3.1/armv6-m\libgcc.a(_divsi3.o)
                                                  c:/program files (x86)/atmel/studio/7.0/toolchain/arm/arm-gnu-toolchain/bin/../lib/gcc/arm-none-eabi/5.3.1/armv6-m\libgcc.a(_udivsi3.o)
__aeabi_idivmod                                   c:/program files (x86)/atmel/studio/7.0/toolchain/arm/arm-gnu-toolchain/bin/../lib/gcc/arm-none-eabi/5.3.1/armv6-m\libgcc.a(_divsi3.o)
__aeabi_ldiv0                                     c:/program files (x86)/atmel/studio/7.0/toolchain/arm/arm-gnu-toolchain/bin/../lib/gcc/arm-none-eabi/5.3.1/armv6-m\libgcc.a(_dvmd_tls.o)
__aeabi_lmul                                      c:/program files (x86)/atmel/studio/7.0/toolchain/arm/arm-gnu-toolchain/bin/../lib/gcc/arm-none-eabi/5.3.1/armv6-m\libgcc.a(_muldi3.o)
                                                  src/ASF/sam0/drivers/sercom/sercom.o
__aeabi_uidiv                                     c:/program files (x86)/atmel/studio/7.0/toolchain/arm/arm-gnu-toolchain/bin/../lib/gcc/arm-none-eabi/5.3.1/armv6-m\libgcc.a(_udivsi3.o)
                                                  c:/program files (x86)/atmel/studio/7.0/toolchain/arm/arm-gnu-toolchain/bin/../lib/gcc/arm-none-eabi/5.3.1/../../../../arm-none-eabi/lib/armv6-m\libc_nano.a(lib_a-nano-vfprintf_i.o)
                                                  src/ASF/sam0/drivers/system/clock/clock_samd21_r21_da/gclk.o
                                                  src/ASF/sam0/drivers/system/clock/clock_samd21_r21_da/clock.o
                                                  src/ASF/common2/services/delay/sam0/systick_counter.o
__aeabi_uidivmod                                  c:/program files (x86)/atmel/studio/7.0/toolchain/arm/arm-gnu-toolchain/bin/../lib/gcc/arm-none-eabi/5.3.1/armv6-m\libgcc.a(_udivsi3.o)
                                                  c:/program files (x86)/atmel/studio/7.0/toolchain/arm/arm-gnu-toolchain/bin/../lib/gcc/arm-none-eabi/5.3.1/../../../../arm-none-eabi/lib/armv6-m\libc_nano.a(lib_a-nano-vfprintf_i.o)
__bss_end__                                       c:/program files (x86)/atmel/studio/7.0/toolchain/arm/arm-gnu-toolchain/bin/../lib/gcc/arm-none-eabi/5.3.1/../../../../arm-none-eabi/lib/armv6-m/crt0.o
__bss_start__                                     c:/program files (x86)/atmel/studio/7.0/toolchain/arm/arm-gnu-toolchain/bin/../lib/gcc/arm-none-eabi/5.3.1/../../../../arm-none-eabi/lib/armv6-m/crt0.o
__call_exitprocs                                  c:/program files (x86)/atmel/studio/7.0/toolchain/arm/arm-gnu-toolchain/bin/../lib/gcc/arm-none-eabi/5.3.1/../../../../arm-none-eabi/lib/armv6-m\libc_nano.a(lib_a-exit.o)
__deregister_frame_info                           c:/program files (x86)/atmel/studio/7.0/toolchain/arm/arm-gnu-toolchain/bin/../lib/gcc/arm-none-eabi/5.3.1/armv6-m/crtbegin.o
__divsi3                                          c:/program files (x86)/atmel/studio/7.0/toolchain/arm/arm-gnu-toolchain/bin/../lib/gcc/arm-none-eabi/5.3.1/armv6-m\libgcc.a(_divsi3.o)
__dso_handle                                      c:/program files (x86)/atmel/studio/7.0/toolchain/arm/arm-gnu-toolchain/bin/../lib/gcc/arm-none-eabi/5.3.1/armv6-m/crtbegin.o
__fp_lock_all                                     c:/program files (x86)/atmel/studio/7.0/toolchain/arm/arm-gnu-toolchain/bin/../lib/gcc/arm-none-eabi/5.3.1/../../../../arm-none-eabi/lib/armv6-m\libc_nano.a(lib_a-findfp.o)
__fp_unlock_all                                   c:/program files (x86)/atmel/studio/7.0/toolchain/arm/arm-gnu-toolchain/bin/../lib/gcc/arm-none-eabi/5.3.1/../../../../arm-none-eabi/lib/armv6-m\libc_nano.a(lib_a-findfp.o)
__init_array_end                                  c:/program files (x86)/atmel/studio/7.0/toolchain/arm/arm-gnu-toolchain/bin/../lib/gcc/arm-none-eabi/5.3.1/../../../../arm-none-eabi/lib/armv6-m\libc_nano.a(lib_a-init.o)
__init_array_start                                c:/program files (x86)/atmel/studio/7.0/toolchain/arm/arm-gnu-toolchain/bin/../lib/gcc/arm-none-eabi/5.3.1/../../../../arm-none-eabi/lib/armv6-m\libc_nano.a(lib_a-init.o)
__libc_fini_array                                 c:/program files (x86)/atmel/studio/7.0/toolchain/arm/arm-gnu-toolchain/bin/../lib/gcc/arm-none-eabi/5.3.1/../../../../arm-none-eabi/lib/armv6-m/crt0.o
__libc_init_array                                 c:/program files (x86)/atmel/studio/7.0/toolchain/arm/arm-gnu-toolchain/bin/../lib/gcc/arm-none-eabi/5.3.1/../../../../arm-none-eabi/lib/armv6-m\libc_nano.a(lib_a-init.o)
                                                  src/ASF/sam0/utils/cmsis/samr21/source/gcc/startup_samr21.o
                                                  c:/program files (x86)/atmel/studio/7.0/toolchain/arm/arm-gnu-toolchain/bin/../lib/gcc/arm-none-eabi/5.3.1/../../../../arm-none-eabi/lib/armv6-m/crt0.o
__malloc_free_list                                c:/program files (x86)/atmel/studio/7.0/toolchain/arm/arm-gnu-toolchain/bin/../lib/gcc/arm-none-eabi/5.3.1/../../../../arm-none-eabi/lib/armv6-m\libc_nano.a(lib_a-nano-mallocr.o)
                                                  c:/program files (x86)/atmel/studio/7.0/toolchain/arm/arm-gnu-toolchain/bin/../lib/gcc/arm-none-eabi/5.3.1/../../../../arm-none-eabi/lib/armv6-m\libc_nano.a(lib_a-nano-freer.o)
__malloc_sbrk_start                               c:/program files (x86)/atmel/studio/7.0/toolchain/arm/arm-gnu-toolchain/bin/../lib/gcc/arm-none-eabi/5.3.1/../../../../arm-none-eabi/lib/armv6-m\libc_nano.a(lib_a-nano-mallocr.o)
__muldi3                                          c:/program files (x86)/atmel/studio/7.0/toolchain/arm/arm-gnu-toolchain/bin/../lib/gcc/arm-none-eabi/5.3.1/armv6-m\libgcc.a(_muldi3.o)
__preinit_array_end                               c:/program files (x86)/atmel/studio/7.0/toolchain/arm/arm-gnu-toolchain/bin/../lib/gcc/arm-none-eabi/5.3.1/../../../../arm-none-eabi/lib/armv6-m\libc_nano.a(lib_a-init.o)
__preinit_array_start                             c:/program files (x86)/atmel/studio/7.0/toolchain/arm/arm-gnu-toolchain/bin/../lib/gcc/arm-none-eabi/5.3.1/../../../../arm-none-eabi/lib/armv6-m\libc_nano.a(lib_a-init.o)
__register_frame_info                             c:/program files (x86)/atmel/studio/7.0/toolchain/arm/arm-gnu-toolchain/bin/../lib/gcc/arm-none-eabi/5.3.1/armv6-m/crtbegin.o
__sclose                                          c:/program files (x86)/atmel/studio/7.0/toolchain/arm/arm-gnu-toolchain/bin/../lib/gcc/arm-none-eabi/5.3.1/../../../../arm-none-eabi/lib/armv6-m\libc_nano.a(lib_a-stdio.o)
                                                  c:/program files (x86)/atmel/studio/7.0/toolchain/arm/arm-gnu-toolchain/bin/../lib/gcc/arm-none-eabi/5.3.1/../../../../arm-none-eabi/lib/armv6-m\libc_nano.a(lib_a-findfp.o)
__seofread                                        c:/program files (x86)/atmel/studio/7.0/toolchain/arm/arm-gnu-toolchain/bin/../lib/gcc/arm-none-eabi/5.3.1/../../../../arm-none-eabi/lib/armv6-m\libc_nano.a(lib_a-stdio.o)
__sf_fake_stderr                                  c:/program files (x86)/atmel/studio/7.0/toolchain/arm/arm-gnu-toolchain/bin/../lib/gcc/arm-none-eabi/5.3.1/../../../../arm-none-eabi/lib/armv6-m\libc_nano.a(lib_a-findfp.o)
                                                  c:/program files (x86)/atmel/studio/7.0/toolchain/arm/arm-gnu-toolchain/bin/../lib/gcc/arm-none-eabi/5.3.1/../../../../arm-none-eabi/lib/armv6-m\libc_nano.a(lib_a-wsetup.o)