Archive member included to satisfy reference by file (symbol)

c:/program files (x86)/atmel/studio/7.0/toolchain/arm/arm-gnu-toolchain/bin/../lib/gcc/arm-none-eabi/5.3.1/armv6-m\libgcc.a(_udivsi3.o)
                              src/ASF/sam0/drivers/sercom/i2c/i2c_sam0/i2c_master.o (__aeabi_uidiv)
c:/program files (x86)/atmel/studio/7.0/toolchain/arm/arm-gnu-toolchain/bin/../lib/gcc/arm-none-eabi/5.3.1/armv6-m\libgcc.a(_divsi3.o)
                              src/color_sensor.o (__aeabi_idiv)
c:/program files (x86)/atmel/studio/7.0/toolchain/arm/arm-gnu-toolchain/bin/../lib/gcc/arm-none-eabi/5.3.1/armv6-m\libgcc.a(_dvmd_tls.o)
                              c:/program files (x86)/atmel/studio/7.0/toolchain/arm/arm-gnu-toolchain/bin/../lib/gcc/arm-none-eabi/5.3.1/armv6-m\libgcc.a(_udivsi3.o) (__aeabi_idiv0)
c:/program files (x86)/atmel/studio/7.0/toolchain/arm/arm-gnu-toolchain/bin/../lib/gcc/arm-none-eabi/5.3.1/armv6-m\libgcc.a(_arm_cmpdf2.o)
                              src/color_sensor.o (__aeabi_dcmpgt)
c:/program files (x86)/atmel/studio/7.0/toolchain/arm/arm-gnu-toolchain/bin/../lib/gcc/arm-none-eabi/5.3.1/armv6-m\libgcc.a(_arm_cmpsf2.o)
                              src/color_sensor.o (__aeabi_fcmpeq)
c:/program files (x86)/atmel/studio/7.0/toolchain/arm/arm-gnu-toolchain/bin/../lib/gcc/arm-none-eabi/5.3.1/armv6-m\libgcc.a(_muldi3.o)
                              src/ASF/sam0/drivers/sercom/sercom.o (__aeabi_lmul)
c:/program files (x86)/atmel/studio/7.0/toolchain/arm/arm-gnu-toolchain/bin/../lib/gcc/arm-none-eabi/5.3.1/armv6-m\libgcc.a(divsf3.o)
                              src/color_sensor.o (__aeabi_fdiv)
c:/program files (x86)/atmel/studio/7.0/toolchain/arm/arm-gnu-toolchain/bin/../lib/gcc/arm-none-eabi/5.3.1/armv6-m\libgcc.a(eqsf2.o)
                              c:/program files (x86)/atmel/studio/7.0/toolchain/arm/arm-gnu-toolchain/bin/../lib/gcc/arm-none-eabi/5.3.1/armv6-m\libgcc.a(_arm_cmpsf2.o) (__eqsf2)
c:/program files (x86)/atmel/studio/7.0/toolchain/arm/arm-gnu-toolchain/bin/../lib/gcc/arm-none-eabi/5.3.1/armv6-m\libgcc.a(gesf2.o)
                              c:/program files (x86)/atmel/studio/7.0/toolchain/arm/arm-gnu-toolchain/bin/../lib/gcc/arm-none-eabi/5.3.1/armv6-m\libgcc.a(_arm_cmpsf2.o) (__gesf2)
c:/program files (x86)/atmel/studio/7.0/toolchain/arm/arm-gnu-toolchain/bin/../lib/gcc/arm-none-eabi/5.3.1/armv6-m\libgcc.a(lesf2.o)
                              c:/program files (x86)/atmel/studio/7.0/toolchain/arm/arm-gnu-toolchain/bin/../lib/gcc/arm-none-eabi/5.3.1/armv6-m\libgcc.a(_arm_cmpsf2.o) (__lesf2)
c:/program files (x86)/atmel/studio/7.0/toolchain/arm/arm-gnu-toolchain/bin/../lib/gcc/arm-none-eabi/5.3.1/armv6-m\libgcc.a(floatsisf.o)
                              src/color_sensor.o (__aeabi_i2f)
c:/program files (x86)/atmel/studio/7.0/toolchain/arm/arm-gnu-toolchain/bin/../lib/gcc/arm-none-eabi/5.3.1/armv6-m\libgcc.a(adddf3.o)
                              src/ASF/sam0/drivers/sercom/i2c/i2c_sam0/i2c_master.o (__aeabi_dadd)
c:/program files (x86)/atmel/studio/7.0/toolchain/arm/arm-gnu-toolchain/bin/../lib/gcc/arm-none-eabi/5.3.1/armv6-m\libgcc.a(divdf3.o)
                              src/ASF/sam0/drivers/sercom/i2c/i2c_sam0/i2c_master.o (__aeabi_ddiv)
c:/program files (x86)/atmel/studio/7.0/toolchain/arm/arm-gnu-toolchain/bin/../lib/gcc/arm-none-eabi/5.3.1/armv6-m\libgcc.a(eqdf2.o)
                              c:/program files (x86)/atmel/studio/7.0/toolchain/arm/arm-gnu-toolchain/bin/../lib/gcc/arm-none-eabi/5.3.1/armv6-m\libgcc.a(_arm_cmpdf2.o) (__eqdf2)
c:/program files (x86)/atmel/studio/7.0/toolchain/arm/arm-gnu-toolchain/bin/../lib/gcc/arm-none-eabi/5.3.1/armv6-m\libgcc.a(gedf2.o)
                              c:/program files (x86)/atmel/studio/7.0/toolchain/arm/arm-gnu-toolchain/bin/../lib/gcc/arm-none-eabi/5.3.1/armv6-m\libgcc.a(_arm_cmpdf2.o) (__gedf2)
c:/program files (x86)/atmel/studio/7.0/toolchain/arm/arm-gnu-toolchain/bin/../lib/gcc/arm-none-eabi/5.3.1/armv6-m\libgcc.a(ledf2.o)
                              c:/program files (x86)/atmel/studio/7.0/toolchain/arm/arm-gnu-toolchain/bin/../lib/gcc/arm-none-eabi/5.3.1/armv6-m\libgcc.a(_arm_cmpdf2.o) (__ledf2)
c:/program files (x86)/atmel/studio/7.0/toolchain/arm/arm-gnu-toolchain/bin/../lib/gcc/arm-none-eabi/5.3.1/armv6-m\libgcc.a(muldf3.o)
                              src/ASF/sam0/drivers/sercom/i2c/i2c_sam0/i2c_master.o (__aeabi_dmul)
c:/program files (x86)/atmel/studio/7.0/toolchain/arm/arm-gnu-toolchain/bin/../lib/gcc/arm-none-eabi/5.3.1/armv6-m\libgcc.a(subdf3.o)
                              src/ASF/sam0/drivers/sercom/i2c/i2c_sam0/i2c_master.o (__aeabi_dsub)
c:/program files (x86)/atmel/studio/7.0/toolchain/arm/arm-gnu-toolchain/bin/../lib/gcc/arm-none-eabi/5.3.1/armv6-m\libgcc.a(fixdfsi.o)
                              src/ASF/sam0/drivers/sercom/i2c/i2c_sam0/i2c_master.o (__aeabi_d2iz)
[...]
Memory Configuration

Name             Origin             Length             Attributes
rom              0x00000000         0x00040000         xr
ram              0x20000000         0x00008000         xrw
*default*        0x00000000         0xffffffff

Linker script and memory map

LOAD c:/program files (x86)/atmel/studio/7.0/toolchain/arm/arm-gnu-toolchain/bin/../lib/gcc/arm-none-eabi/5.3.1/armv6-m/crti.o
LOAD c:/program files (x86)/atmel/studio/7.0/toolchain/arm/arm-gnu-toolchain/bin/../lib/gcc/arm-none-eabi/5.3.1/armv6-m/crtbegin.o
LOAD c:/program files (x86)/atmel/studio/7.0/toolchain/arm/arm-gnu-toolchain/bin/../lib/gcc/arm-none-eabi/5.3.1/../../../../arm-none-eabi/lib/armv6-m/crt0.o
LOAD src/ASF/sam0/drivers/sercom/i2c/i2c_sam0/i2c_master.o
LOAD src/ASF/sam0/drivers/sercom/i2c/i2c_sam0/i2c_master_interrupt.o
LOAD src/buzzer.o
LOAD src/color_sensor.o
LOAD src/i2_master.o
LOAD src/spi_master.o
LOAD src/ASF/sam0/drivers/events/events_hooks.o
LOAD src/ASF/sam0/drivers/events/events_sam_d_r/events.o
LOAD src/ASF/sam0/drivers/extint/extint_sam_d_r/extint.o
LOAD src/ASF/sam0/drivers/tcc/tcc.o
LOAD src/ASF/sam0/drivers/tcc/tcc_callback.o
LOAD src/ASF/sam0/drivers/tc/tc_sam_d_r/tc.o
LOAD src/ASF/sam0/utils/stdio/read.o
LOAD src/ASF/sam0/utils/stdio/write.o
LOAD src/ASF/sam0/drivers/tc/tc_interrupt.o
LOAD src/ASF/sam0/drivers/sercom/usart/usart.o
LOAD src/ASF/sam0/drivers/sercom/usart/usart_interrupt.o
LOAD src/ASF/sam0/drivers/extint/extint_callback.o
LOAD src/ASF/common2/services/delay/sam0/systick_counter.o
LOAD src/ASF/sam0/drivers/sercom/sercom.o
LOAD src/ASF/sam0/drivers/sercom/spi/spi.o
LOAD src/ASF/sam0/drivers/sercom/spi/spi_interrupt.o
LOAD src/ASF/sam0/drivers/sercom/sercom_interrupt.o
LOAD src/ASF/common/utils/interrupt/interrupt_sam_nvic.o
LOAD src/ASF/sam0/boards/samr21_xplained_pro/board_init.o
LOAD src/ASF/sam0/drivers/port/port.o
LOAD src/ASF/sam0/drivers/system/clock/clock_samd21_r21_da/clock.o
LOAD src/ASF/sam0/drivers/system/clock/clock_samd21_r21_da/gclk.o
LOAD src/ASF/sam0/drivers/system/interrupt/system_interrupt.o
LOAD src/ASF/sam0/drivers/system/pinmux/pinmux.o
LOAD src/ASF/sam0/drivers/system/system.o
LOAD src/ASF/sam0/utils/cmsis/samr21/source/gcc/startup_samr21.o
LOAD src/ASF/sam0/utils/cmsis/samr21/source/system_samr21.o
LOAD src/ASF/sam0/utils/syscalls/gcc/syscalls.o
LOAD src/infrared_sensor.o
LOAD src/main.o
START GROUP
LOAD ../src/ASF/thirdparty/CMSIS/Lib/GCC\libarm_cortexM0l_math.a
LOAD c:/program files (x86)/atmel/studio/7.0/toolchain/arm/arm-gnu-toolchain/bin/../lib/gcc/arm-none-eabi/5.3.1/../../../../arm-none-eabi/lib/armv6-m\libm.a
END GROUP
START GROUP
LOAD c:/program files (x86)/atmel/studio/7.0/toolchain/arm/arm-gnu-toolchain/bin/../lib/gcc/arm-none-eabi/5.3.1/armv6-m\libgcc.a
LOAD c:/program files (x86)/atmel/studio/7.0/toolchain/arm/arm-gnu-toolchain/bin/../lib/gcc/arm-none-eabi/5.3.1/../../../../arm-none-eabi/lib/armv6-m\libc_nano.a
END GROUP
START GROUP
LOAD c:/program files (x86)/atmel/studio/7.0/toolchain/arm/arm-gnu-toolchain/bin/../lib/gcc/arm-none-eabi/5.3.1/armv6-m\libgcc.a
LOAD c:/program files (x86)/atmel/studio/7.0/toolchain/arm/arm-gnu-toolchain/bin/../lib/gcc/arm-none-eabi/5.3.1/../../../../arm-none-eabi/lib/armv6-m\libc_nano.a
END GROUP
LOAD c:/program files (x86)/atmel/studio/7.0/toolchain/arm/arm-gnu-toolchain/bin/../lib/gcc/arm-none-eabi/5.3.1/armv6-m/crtend.o
LOAD c:/program files (x86)/atmel/studio/7.0/toolchain/arm/arm-gnu-toolchain/bin/../lib/gcc/arm-none-eabi/5.3.1/armv6-m/crtn.o
                0x00002000                STACK_SIZE = DEFINED (STACK_SIZE)?STACK_SIZE:DEFINED (__stack_size__)?__stack_size__:0x2000

.text           0x00000000     0x52b0
                0x00000000                . = ALIGN (0x4)
                0x00000000                _sfixed = .
 *(.vectors .vectors.*)
 .vectors       0x00000000       0xb4 src/ASF/sam0/utils/cmsis/samr21/source/gcc/startup_samr21.o
                0x00000000                exception_table
 *(.text .text.* .gnu.linkonce.t.*)
 .text          0x000000b4       0x60 c:/program files (x86)/atmel/studio/7.0/toolchain/arm/arm-gnu-toolchain/bin/../lib/gcc/arm-none-eabi/5.3.1/armv6-m/crtbegin.o
 .text._i2c_master_wait_for_sync
                0x00000114        0xc src/ASF/sam0/drivers/sercom/i2c/i2c_sam0/i2c_master.o
 .text.i2c_master_init
                0x00000120      0x2e0 src/ASF/sam0/drivers/sercom/i2c/i2c_sam0/i2c_master.o
                0x00000120                i2c_master_init
 .text._i2c_master_address_response
                0x00000400       0x30 src/ASF/sam0/drivers/sercom/i2c/i2c_sam0/i2c_master.o
                0x00000400                _i2c_master_address_response
 .text._i2c_master_wait_for_bus
                0x00000430       0x30 src/ASF/sam0/drivers/sercom/i2c/i2c_sam0/i2c_master.o
                0x00000430                _i2c_master_wait_for_bus
 .text._i2c_master_send_hs_master_code
                0x00000460       0x20 src/ASF/sam0/drivers/sercom/i2c/i2c_sam0/i2c_master.o
                0x00000460                _i2c_master_send_hs_master_code
 .text._i2c_master_write_packet
                0x00000480       0xf0 src/ASF/sam0/drivers/sercom/i2c/i2c_sam0/i2c_master.o
 .text.i2c_master_write_packet_wait
                0x00000570       0x20 src/ASF/sam0/drivers/sercom/i2c/i2c_sam0/i2c_master.o
                0x00000570                i2c_master_write_packet_wait
 .text._i2c_master_wait_for_sync
                0x00000590        0xc src/ASF/sam0/drivers/sercom/i2c/i2c_sam0/i2c_master_interrupt.o
 .text._i2c_master_read
                0x0000059c       0x84 src/ASF/sam0/drivers/sercom/i2c/i2c_sam0/i2c_master_interrupt.o
 .text._i2c_master_write
                0x00000620       0x3c src/ASF/sam0/drivers/sercom/i2c/i2c_sam0/i2c_master_interrupt.o
 .text._i2c_master_interrupt_handler
                0x0000065c      0x1d4 src/ASF/sam0/drivers/sercom/i2c/i2c_sam0/i2c_master_interrupt.o
                0x0000065c                _i2c_master_interrupt_handler
 .text.basic_pin_setting
                0x00000830       0x64 src/color_sensor.o
                0x00000830                basic_pin_setting
 .text.configure_tc
                0x00000894       0x68 src/color_sensor.o
                0x00000894                configure_tc
 .text.configure_i2c_master
                0x000008fc       0xb8 src/i2_master.o
                0x000008fc                configure_i2c_master
 .text.EVSYS_Handler
                0x000009b4       0x3c src/ASF/sam0/drivers/events/events_hooks.o
                0x000009b4                EVSYS_Handler
 .text._system_events_init
                0x000009f0       0x24 src/ASF/sam0/drivers/events/events_sam_d_r/events.o
                0x000009f0                _system_events_init
 .text._extint_enable
                0x00000a14       0x18 src/ASF/sam0/drivers/extint/extint_sam_d_r/extint.o
 .text._system_extint_init
                0x00000a2c       0x6c src/ASF/sam0/drivers/extint/extint_sam_d_r/extint.o
                0x00000a2c                _system_extint_init
 .text._tcc_interrupt_handler
                0x00000a98       0x58 src/ASF/sam0/drivers/tcc/tcc_callback.o
                0x00000a98                _tcc_interrupt_handler
 .text.TCC0_Handler
                0x00000af0       0x10 src/ASF/sam0/drivers/tcc/tcc_callback.o
                0x00000af0                TCC0_Handler
 .text.TCC1_Handler
                0x00000b00       0x10 src/ASF/sam0/drivers/tcc/tcc_callback.o
                0x00000b00                TCC1_Handler
 .text.TCC2_Handler
                0x00000b10       0x10 src/ASF/sam0/drivers/tcc/tcc_callback.o
                0x00000b10                TCC2_Handler
 .text._tc_get_inst_index
                0x00000b20       0x38 src/ASF/sam0/drivers/tc/tc_sam_d_r/tc.o
                0x00000b20                _tc_get_inst_index
 .text.tc_init  0x00000b58      0x27c src/ASF/sam0/drivers/tc/tc_sam_d_r/tc.o
                0x00000b58                tc_init
 .text._read    0x00000dd4       0x40 src/ASF/sam0/utils/stdio/read.o
                0x00000dd4                _read
 .text._write   0x00000e14       0x50 src/ASF/sam0/utils/stdio/write.o
                0x00000e14                _write
 .text._tc_interrupt_handler
                0x00000e64       0x5c src/ASF/sam0/drivers/tc/tc_interrupt.o
                0x00000e64                _tc_interrupt_handler
 .text.TC3_Handler
                0x00000ec0       0x10 src/ASF/sam0/drivers/tc/tc_interrupt.o
                0x00000ec0                TC3_Handler
 .text.TC4_Handler
                0x00000ed0       0x10 src/ASF/sam0/drivers/tc/tc_interrupt.o
                0x00000ed0                TC4_Handler
 .text.TC5_Handler
                0x00000ee0       0x10 src/ASF/sam0/drivers/tc/tc_interrupt.o
                0x00000ee0                TC5_Handler
 .text.usart_init
                0x00000ef0      0x338 src/ASF/sam0/drivers/sercom/usart/usart.o
                0x00000ef0                usart_init
 .text.usart_write_wait
                0x00001228       0x2c src/ASF/sam0/drivers/sercom/usart/usart.o
                0x00001228                usart_write_wait
 .text.usart_read_wait
                0x00001254       0x70 src/ASF/sam0/drivers/sercom/usart/usart.o
                0x00001254                usart_read_wait
 .text._usart_interrupt_handler
                0x000012c4      0x18c src/ASF/sam0/drivers/sercom/usart/usart_interrupt.o
                0x000012c4                _usart_interrupt_handler
 .text.EIC_Handler
                0x00001450       0x68 src/ASF/sam0/drivers/extint/extint_callback.o
                0x00001450                EIC_Handler
 .text.delay_init
                0x000014b8       0x40 src/ASF/common2/services/delay/sam0/systick_counter.o
                0x000014b8                delay_init
 .text.delay_cycles_ms
                0x000014f8       0x2c src/ASF/common2/services/delay/sam0/systick_counter.o
                0x000014f8                delay_cycles_ms
 .text._sercom_get_sync_baud_val
                0x00001524       0x28 src/ASF/sam0/drivers/sercom/sercom.o
                0x00001524                _sercom_get_sync_baud_val
 .text._sercom_get_async_baud_val
                0x0000154c      0x1c8 src/ASF/sam0/drivers/sercom/sercom.o
                0x0000154c                _sercom_get_async_baud_val
 .text.sercom_set_gclk_generator
                0x00001714       0x4c src/ASF/sam0/drivers/sercom/sercom.o
                0x00001714                sercom_set_gclk_generator
 .text._sercom_get_default_pad
                0x00001760      0x188 src/ASF/sam0/drivers/sercom/sercom.o
                0x00001760                _sercom_get_default_pad
 .text._sercom_get_sercom_inst_index
                0x000018e8       0x3c src/ASF/sam0/drivers/sercom/sercom.o
                0x000018e8                _sercom_get_sercom_inst_index
 .text._sercom_default_handler
                0x00001924        0x4 src/ASF/sam0/drivers/sercom/sercom_interrupt.o
 .text._sercom_set_handler
                0x00001928       0x3c src/ASF/sam0/drivers/sercom/sercom_interrupt.o
                0x00001928                _sercom_set_handler
 .text._sercom_get_interrupt_vector
                0x00001964       0x2c src/ASF/sam0/drivers/sercom/sercom_interrupt.o
                0x00001964                _sercom_get_interrupt_vector
 .text.SERCOM0_Handler
                0x00001990       0x10 src/ASF/sam0/drivers/sercom/sercom_interrupt.o
                0x00001990                SERCOM0_Handler
 .text.SERCOM1_Handler
                0x000019a0       0x10 src/ASF/sam0/drivers/sercom/sercom_interrupt.o
                0x000019a0                SERCOM1_Handler
 .text.SERCOM2_Handler
                0x000019b0       0x10 src/ASF/sam0/drivers/sercom/sercom_interrupt.o
                0x000019b0                SERCOM2_Handler
 .text.SERCOM3_Handler
                0x000019c0       0x10 src/ASF/sam0/drivers/sercom/sercom_interrupt.o
                0x000019c0                SERCOM3_Handler
 .text.SERCOM4_Handler
                0x000019d0       0x10 src/ASF/sam0/drivers/sercom/sercom_interrupt.o
                0x000019d0                SERCOM4_Handler
 .text.SERCOM5_Handler
                0x000019e0       0x10 src/ASF/sam0/drivers/sercom/sercom_interrupt.o
                0x000019e0                SERCOM5_Handler
 .text.cpu_irq_enter_critical
                0x000019f0       0x40 src/ASF/common/utils/interrupt/interrupt_sam_nvic.o
                0x000019f0                cpu_irq_enter_critical
 .text.cpu_irq_leave_critical
                0x00001a30       0x30 src/ASF/common/utils/interrupt/interrupt_sam_nvic.o
                0x00001a30                cpu_irq_leave_critical
 .text.system_board_init
                0x00001a60       0x38 src/ASF/sam0/boards/samr21_xplained_pro/board_init.o
                0x00001a60                board_init
                0x00001a60                system_board_init
 .text.port_pin_set_config
                0x00001a98       0x24 src/ASF/sam0/drivers/port/port.o
                0x00001a98                port_pin_set_config
 .text.system_clock_source_get_hz
                0x00001abc       0x90 src/ASF/sam0/drivers/system/clock/clock_samd21_r21_da/clock.o
                0x00001abc                system_clock_source_get_hz
 .text.system_clock_source_osc8m_set_config
                0x00001b4c       0x3c src/ASF/sam0/drivers/system/clock/clock_samd21_r21_da/clock.o
                0x00001b4c                system_clock_source_osc8m_set_config
 .text.system_clock_source_enable
                0x00001b88       0xa8 src/ASF/sam0/drivers/system/clock/clock_samd21_r21_da/clock.o
                0x00001b88                system_clock_source_enable
 .text.system_clock_init
                0x00001c30       0xbc src/ASF/sam0/drivers/system/clock/clock_samd21_r21_da/clock.o
                0x00001c30                system_clock_init
 .text.system_gclk_init
                0x00001cec       0x24 src/ASF/sam0/drivers/system/clock/clock_samd21_r21_da/gclk.o
                0x00001cec                system_gclk_init
 .text.system_gclk_gen_set_config
                0x00001d10       0xb8 src/ASF/sam0/drivers/system/clock/clock_samd21_r21_da/gclk.o
                0x00001d10                system_gclk_gen_set_config
 .text.system_gclk_gen_enable
                0x00001dc8       0x44 src/ASF/sam0/drivers/system/clock/clock_samd21_r21_da/gclk.o
                0x00001dc8                system_gclk_gen_enable
 .text.system_gclk_gen_get_hz
                0x00001e0c       0x8c src/ASF/sam0/drivers/system/clock/clock_samd21_r21_da/gclk.o
                0x00001e0c                system_gclk_gen_get_hz
 .text.system_gclk_chan_enable
                0x00001e98       0x30 src/ASF/sam0/drivers/system/clock/clock_samd21_r21_da/gclk.o
                0x00001e98                system_gclk_chan_enable
 .text.system_gclk_chan_disable
                0x00001ec8       0x5c src/ASF/sam0/drivers/system/clock/clock_samd21_r21_da/gclk.o
                0x00001ec8                system_gclk_chan_disable
 .text.system_gclk_chan_set_config
                0x00001f24       0x1c src/ASF/sam0/drivers/system/clock/clock_samd21_r21_da/gclk.o
                0x00001f24                system_gclk_chan_set_config
 .text.system_gclk_chan_get_hz
                0x00001f40       0x34 src/ASF/sam0/drivers/system/clock/clock_samd21_r21_da/gclk.o
                0x00001f40                system_gclk_chan_get_hz
 .text._system_pinmux_config
                0x00001f74       0xa8 src/ASF/sam0/drivers/system/pinmux/pinmux.o
 .text.system_pinmux_pin_set_config
                0x0000201c       0x30 src/ASF/sam0/drivers/system/pinmux/pinmux.o
                0x0000201c                system_pinmux_pin_set_config
 .text._system_dummy_init
                0x0000204c        0x4 src/ASF/sam0/drivers/system/system.o
                0x0000204c                _system_dummy_init
                0x0000204c                _system_divas_init
 .text.system_init
                0x00002050       0x2c src/ASF/sam0/drivers/system/system.o
                0x00002050                system_init
 .text.Dummy_Handler
                0x0000207c        0x4 src/ASF/sam0/utils/cmsis/samr21/source/gcc/startup_samr21.o
                0x0000207c                DMAC_Handler
                0x0000207c                HardFault_Handler
                0x0000207c                AC_Handler
                0x0000207c                SysTick_Handler
                0x0000207c                PendSV_Handler
                0x0000207c                NMI_Handler
                0x0000207c                ADC_Handler
                0x0000207c                RTC_Handler
                0x0000207c                WDT_Handler
                0x0000207c                USB_Handler
                0x0000207c                Dummy_Handler
                0x0000207c                PM_Handler
                0x0000207c                SVC_Handler
                0x0000207c                NVMCTRL_Handler
                0x0000207c                PTC_Handler
                0x0000207c                SYSCTRL_Handler
 .text.Reset_Handler
                0x00002080       0xf8 src/ASF/sam0/utils/cmsis/samr21/source/gcc/startup_samr21.o
                0x00002080                Reset_Handler
 .text._sbrk    0x00002178       0x24 src/ASF/sam0/utils/syscalls/gcc/syscalls.o
                0x00002178                _sbrk
 .text._close   0x0000219c        0x8 src/ASF/sam0/utils/syscalls/gcc/syscalls.o
                0x0000219c                _close
 .text._fstat   0x000021a4        0xc src/ASF/sam0/utils/syscalls/gcc/syscalls.o
                0x000021a4                _fstat
 .text._isatty  0x000021b0        0x4 src/ASF/sam0/utils/syscalls/gcc/syscalls.o
                0x000021b0                _isatty
 .text._lseek   0x000021b4        0x4 src/ASF/sam0/utils/syscalls/gcc/syscalls.o
                0x000021b4                _lseek
 .text.line_sensor_init
                0x000021b8       0x5c src/infrared_sensor.o
                0x000021b8                line_sensor_init
 .text.usart_serial_getchar
                0x00002214       0x2c src/main.o
 .text.usart_serial_putchar
                0x00002240       0x18 src/main.o
 .text.configure_usart
                0x00002258      0x108 src/main.o
                0x00002258                configure_usart
 .text.main     0x00002360       0xd4 src/main.o
                0x00002360                main
 .text          0x00002434      0x114 c:/program files (x86)/atmel/studio/7.0/toolchain/arm/arm-gnu-toolchain/bin/../lib/gcc/arm-none-eabi/5.3.1/armv6-m\libgcc.a(_udivsi3.o)
                0x00002434                __aeabi_uidiv
                0x00002434                __udivsi3
                0x00002540                __aeabi_uidivmod
 .text          0x00002548        0x4 c:/program files (x86)/atmel/studio/7.0/toolchain/arm/arm-gnu-toolchain/bin/../lib/gcc/arm-none-eabi/5.3.1/armv6-m\libgcc.a(_dvmd_tls.o)
                0x00002548                __aeabi_idiv0
                0x00002548                __aeabi_ldiv0
 .text          0x0000254c       0x58 c:/program files (x86)/atmel/studio/7.0/toolchain/arm/arm-gnu-toolchain/bin/../lib/gcc/arm-none-eabi/5.3.1/armv6-m\libgcc.a(_muldi3.o)
                0x0000254c                __muldi3
                0x0000254c                __aeabi_lmul
 .text          0x000025a4      0x658 c:/program files (x86)/atmel/studio/7.0/toolchain/arm/arm-gnu-toolchain/bin/../lib/gcc/arm-none-eabi/5.3.1/armv6-m\libgcc.a(adddf3.o)
                0x000025a4                __aeabi_dadd
 .text          0x00002bfc      0x62c c:/program files (x86)/atmel/studio/7.0/toolchain/arm/arm-gnu-toolchain/bin/../lib/gcc/arm-none-eabi/5.3.1/armv6-m\libgcc.a(divdf3.o)
                0x00002bfc                __aeabi_ddiv
 .text          0x00003228      0x4f4 c:/program files (x86)/atmel/studio/7.0/toolchain/arm/arm-gnu-toolchain/bin/../lib/gcc/arm-none-eabi/5.3.1/armv6-m\libgcc.a(muldf3.o)
                0x00003228                __aeabi_dmul
 .text          0x0000371c      0x6a8 c:/program files (x86)/atmel/studio/7.0/toolchain/arm/arm-gnu-toolchain/bin/../lib/gcc/arm-none-eabi/5.3.1/armv6-m\libgcc.a(subdf3.o)
                0x0000371c                __aeabi_dsub
 .text          0x00003dc4       0x6c c:/program files (x86)/atmel/studio/7.0/toolchain/arm/arm-gnu-toolchain/bin/../lib/gcc/arm-none-eabi/5.3.1/armv6-m\libgcc.a(fixdfsi.o)
                0x00003dc4                __aeabi_d2iz
 .text          0x00003e30       0x70 c:/program files (x86)/atmel/studio/7.0/toolchain/arm/arm-gnu-toolchain/bin/../lib/gcc/arm-none-eabi/5.3.1/armv6-m\libgcc.a(floatunsidf.o)
                0x00003e30                __aeabi_ui2d
 .text          0x00003ea0       0x3c c:/program files (x86)/atmel/studio/7.0/toolchain/arm/arm-gnu-toolchain/bin/../lib/gcc/arm-none-eabi/5.3.1/armv6-m\libgcc.a(_clzsi2.o)
                0x00003ea0                __clzsi2
 .text.__libc_init_array
                0x00003edc       0x4c c:/program files (x86)/atmel/studio/7.0/toolchain/arm/arm-gnu-toolchain/bin/../lib/gcc/arm-none-eabi/5.3.1/../../../../arm-none-eabi/lib/armv6-m\libc_nano.a(lib_a-init.o)
                0x00003edc                __libc_init_array
 .text.memcpy   0x00003f28       0x12 c:/program files (x86)/atmel/studio/7.0/toolchain/arm/arm-gnu-toolchain/bin/../lib/gcc/arm-none-eabi/5.3.1/../../../../arm-none-eabi/lib/armv6-m\libc_nano.a(lib_a-memcpy-stub.o)
                0x00003f28                memcpy
 .text.memset   0x00003f3a       0x10 c:/program files (x86)/atmel/studio/7.0/toolchain/arm/arm-gnu-toolchain/bin/../lib/gcc/arm-none-eabi/5.3.1/../../../../arm-none-eabi/lib/armv6-m\libc_nano.a(lib_a-memset.o)
                0x00003f3a                memset
 *fill*         0x00003f4a        0x2 
 .text.printf   0x00003f4c       0x34 c:/program files (x86)/atmel/studio/7.0/toolchain/arm/arm-gnu-toolchain/bin/../lib/gcc/arm-none-eabi/5.3.1/../../../../arm-none-eabi/lib/armv6-m\libc_nano.a(lib_a-printf.o)
                0x00003f4c                iprintf
                0x00003f4c                printf
 .text.putchar  0x00003f80       0x28 c:/program files (x86)/atmel/studio/7.0/toolchain/arm/arm-gnu-toolchain/bin/../lib/gcc/arm-none-eabi/5.3.1/../../../../arm-none-eabi/lib/armv6-m\libc_nano.a(lib_a-putchar.o)
                0x00003f80                putchar
 .text._puts_r  0x00003fa8       0xc4 c:/program files (x86)/atmel/studio/7.0/toolchain/arm/arm-gnu-toolchain/bin/../lib/gcc/arm-none-eabi/5.3.1/../../../../arm-none-eabi/lib/armv6-m\libc_nano.a(lib_a-puts.o)
                0x00003fa8                _puts_r
 .text.puts     0x0000406c       0x14 c:/program files (x86)/atmel/studio/7.0/toolchain/arm/arm-gnu-toolchain/bin/../lib/gcc/arm-none-eabi/5.3.1/../../../../arm-none-eabi/lib/armv6-m\libc_nano.a(lib_a-puts.o)
                0x0000406c                puts
 .text.setbuf   0x00004080       0x12 c:/program files (x86)/atmel/studio/7.0/toolchain/arm/arm-gnu-toolchain/bin/../lib/gcc/arm-none-eabi/5.3.1/../../../../arm-none-eabi/lib/armv6-m\libc_nano.a(lib_a-setbuf.o)
                0x00004080                setbuf
 *fill*         0x00004092        0x2 
 .text.setvbuf  0x00004094      0x160 c:/program files (x86)/atmel/studio/7.0/toolchain/arm/arm-gnu-toolchain/bin/../lib/gcc/arm-none-eabi/5.3.1/../../../../arm-none-eabi/lib/armv6-m\libc_nano.a(lib_a-setvbuf.o)
                0x00004094                setvbuf
 .text.__swbuf_r
                0x000041f4       0xb0 c:/program files (x86)/atmel/studio/7.0/toolchain/arm/arm-gnu-toolchain/bin/../lib/gcc/arm-none-eabi/5.3.1/../../../../arm-none-eabi/lib/armv6-m\libc_nano.a(lib_a-wbuf.o)
                0x000041f4                __swbuf_r
 .text.__swsetup_r
                0x000042a4       0xec c:/program files (x86)/atmel/studio/7.0/toolchain/arm/arm-gnu-toolchain/bin/../lib/gcc/arm-none-eabi/5.3.1/../../../../arm-none-eabi/lib/armv6-m\libc_nano.a(lib_a-wsetup.o)
                0x000042a4                __swsetup_r
 .text.__sflush_r
                0x00004390      0x10c c:/program files (x86)/atmel/studio/7.0/toolchain/arm/arm-gnu-toolchain/bin/../lib/gcc/arm-none-eabi/5.3.1/../../../../arm-none-eabi/lib/armv6-m\libc_nano.a(lib_a-fflush.o)
                0x00004390                __sflush_r
 .text._fflush_r
                0x0000449c       0x58 c:/program files (x86)/atmel/studio/7.0/toolchain/arm/arm-gnu-toolchain/bin/../lib/gcc/arm-none-eabi/5.3.1/../../../../arm-none-eabi/lib/armv6-m\libc_nano.a(lib_a-fflush.o)
                0x0000449c                _fflush_r
 .text._cleanup_r
                0x000044f4       0x10 c:/program files (x86)/atmel/studio/7.0/toolchain/arm/arm-gnu-toolchain/bin/../lib/gcc/arm-none-eabi/5.3.1/../../../../arm-none-eabi/lib/armv6-m\libc_nano.a(lib_a-findfp.o)
                0x000044f4                _cleanup_r
 .text.std.isra.0
                0x00004504       0x48 c:/program files (x86)/atmel/studio/7.0/toolchain/arm/arm-gnu-toolchain/bin/../lib/gcc/arm-none-eabi/5.3.1/../../../../arm-none-eabi/lib/armv6-m\libc_nano.a(lib_a-findfp.o)
 .text.__sfmoreglue
                0x0000454c       0x2c c:/program files (x86)/atmel/studio/7.0/toolchain/arm/arm-gnu-toolchain/bin/../lib/gcc/arm-none-eabi/5.3.1/../../../../arm-none-eabi/lib/armv6-m\libc_nano.a(lib_a-findfp.o)
                0x0000454c                __sfmoreglue
 .text.__sinit  0x00004578       0x68 c:/program files (x86)/atmel/studio/7.0/toolchain/arm/arm-gnu-toolchain/bin/../lib/gcc/arm-none-eabi/5.3.1/../../../../arm-none-eabi/lib/armv6-m\libc_nano.a(lib_a-findfp.o)
                0x00004578                __sinit
 .text.__sfp    0x000045e0       0x7c c:/program files (x86)/atmel/studio/7.0/toolchain/arm/arm-gnu-toolchain/bin/../lib/gcc/arm-none-eabi/5.3.1/../../../../arm-none-eabi/lib/armv6-m\libc_nano.a(lib_a-findfp.o)
                0x000045e0                __sfp
 .text._fwalk_reent
                0x0000465c       0x42 c:/program files (x86)/atmel/studio/7.0/toolchain/arm/arm-gnu-toolchain/bin/../lib/gcc/arm-none-eabi/5.3.1/../../../../arm-none-eabi/lib/armv6-m\libc_nano.a(lib_a-fwalk.o)
                0x0000465c                _fwalk_reent
 *fill*         0x0000469e        0x2 
 .text.__swhatbuf_r
                0x000046a0       0x4c c:/program files (x86)/atmel/studio/7.0/toolchain/arm/arm-gnu-toolchain/bin/../lib/gcc/arm-none-eabi/5.3.1/../../../../arm-none-eabi/lib/armv6-m\libc_nano.a(lib_a-makebuf.o)
                0x000046a0                __swhatbuf_r
 .text.__smakebuf_r
                0x000046ec       0x7c c:/program files (x86)/atmel/studio/7.0/toolchain/arm/arm-gnu-toolchain/bin/../lib/gcc/arm-none-eabi/5.3.1/../../../../arm-none-eabi/lib/armv6-m\libc_nano.a(lib_a-makebuf.o)
                0x000046ec                __smakebuf_r
 .text.malloc   0x00004768       0x14 c:/program files (x86)/atmel/studio/7.0/toolchain/arm/arm-gnu-toolchain/bin/../lib/gcc/arm-none-eabi/5.3.1/../../../../arm-none-eabi/lib/armv6-m\libc_nano.a(lib_a-malloc.o)
                0x00004768                malloc
 .text._free_r  0x0000477c       0x8c c:/program files (x86)/atmel/studio/7.0/toolchain/arm/arm-gnu-toolchain/bin/../lib/gcc/arm-none-eabi/5.3.1/../../../../arm-none-eabi/lib/armv6-m\libc_nano.a(lib_a-nano-freer.o)
                0x0000477c                _free_r
 .text._malloc_r
                0x00004808       0xac c:/program files (x86)/atmel/studio/7.0/toolchain/arm/arm-gnu-toolchain/bin/../lib/gcc/arm-none-eabi/5.3.1/../../../../arm-none-eabi/lib/armv6-m\libc_nano.a(lib_a-nano-mallocr.o)
                0x00004808                _malloc_r
 .text.__sfputc_r
                0x000048b4       0x2a c:/program files (x86)/atmel/studio/7.0/toolchain/arm/arm-gnu-toolchain/bin/../lib/gcc/arm-none-eabi/5.3.1/../../../../arm-none-eabi/lib/armv6-m\libc_nano.a(lib_a-nano-vfprintf.o)
 .text.__sfputs_r
                0x000048de       0x24 c:/program files (x86)/atmel/studio/7.0/toolchain/arm/arm-gnu-toolchain/bin/../lib/gcc/arm-none-eabi/5.3.1/../../../../arm-none-eabi/lib/armv6-m\libc_nano.a(lib_a-nano-vfprintf.o)
                0x000048de                __sfputs_r
 *fill*         0x00004902        0x2 
 .text._vfprintf_r
                0x00004904      0x238 c:/program files (x86)/atmel/studio/7.0/toolchain/arm/arm-gnu-toolchain/bin/../lib/gcc/arm-none-eabi/5.3.1/../../../../arm-none-eabi/lib/armv6-m\libc_nano.a(lib_a-nano-vfprintf.o)
                0x00004904                _vfprintf_r
                0x00004904                _vfiprintf_r
 .text._printf_common
                0x00004b3c       0xdc c:/program files (x86)/atmel/studio/7.0/toolchain/arm/arm-gnu-toolchain/bin/../lib/gcc/arm-none-eabi/5.3.1/../../../../arm-none-eabi/lib/armv6-m\libc_nano.a(lib_a-nano-vfprintf_i.o)
                0x00004b3c                _printf_common
 .text._printf_i
                0x00004c18      0x244 c:/program files (x86)/atmel/studio/7.0/toolchain/arm/arm-gnu-toolchain/bin/../lib/gcc/arm-none-eabi/5.3.1/../../../../arm-none-eabi/lib/armv6-m\libc_nano.a(lib_a-nano-vfprintf_i.o)
                0x00004c18                _printf_i
 .text._putc_r  0x00004e5c       0x6c c:/program files (x86)/atmel/studio/7.0/toolchain/arm/arm-gnu-toolchain/bin/../lib/gcc/arm-none-eabi/5.3.1/../../../../arm-none-eabi/lib/armv6-m\libc_nano.a(lib_a-putc.o)
                0x00004e5c                _putc_r
 .text._sbrk_r  0x00004ec8       0x24 c:/program files (x86)/atmel/studio/7.0/toolchain/arm/arm-gnu-toolchain/bin/../lib/gcc/arm-none-eabi/5.3.1/../../../../arm-none-eabi/lib/armv6-m\libc_nano.a(lib_a-sbrkr.o)
                0x00004ec8                _sbrk_r
 .text.__sread  0x00004eec       0x28 c:/program files (x86)/atmel/studio/7.0/toolchain/arm/arm-gnu-toolchain/bin/../lib/gcc/arm-none-eabi/5.3.1/../../../../arm-none-eabi/lib/armv6-m\libc_nano.a(lib_a-stdio.o)
                0x00004eec                __sread
 .text.__swrite
                0x00004f14       0x38 c:/program files (x86)/atmel/studio/7.0/toolchain/arm/arm-gnu-toolchain/bin/../lib/gcc/arm-none-eabi/5.3.1/../../../../arm-none-eabi/lib/armv6-m\libc_nano.a(lib_a-stdio.o)
                0x00004f14                __swrite
 .text.__sseek  0x00004f4c       0x2c c:/program files (x86)/atmel/studio/7.0/toolchain/arm/arm-gnu-toolchain/bin/../lib/gcc/arm-none-eabi/5.3.1/../../../../arm-none-eabi/lib/armv6-m\libc_nano.a(lib_a-stdio.o)
                0x00004f4c                __sseek
 .text.__sclose
                0x00004f78        0xc c:/program files (x86)/atmel/studio/7.0/toolchain/arm/arm-gnu-toolchain/bin/../lib/gcc/arm-none-eabi/5.3.1/../../../../arm-none-eabi/lib/armv6-m\libc_nano.a(lib_a-stdio.o)
                0x00004f78                __sclose
 .text._write_r
                0x00004f84       0x28 c:/program files (x86)/atmel/studio/7.0/toolchain/arm/arm-gnu-toolchain/bin/../lib/gcc/arm-none-eabi/5.3.1/../../../../arm-none-eabi/lib/armv6-m\libc_nano.a(lib_a-writer.o)
                0x00004f84                _write_r
 .text._close_r
                0x00004fac       0x24 c:/program files (x86)/atmel/studio/7.0/toolchain/arm/arm-gnu-toolchain/bin/../lib/gcc/arm-none-eabi/5.3.1/../../../../arm-none-eabi/lib/armv6-m\libc_nano.a(lib_a-closer.o)
                0x00004fac                _close_r
 .text._fstat_r
                0x00004fd0       0x24 c:/program files (x86)/atmel/studio/7.0/toolchain/arm/arm-gnu-toolchain/bin/../lib/gcc/arm-none-eabi/5.3.1/../../../../arm-none-eabi/lib/armv6-m\libc_nano.a(lib_a-fstatr.o)
                0x00004fd0                _fstat_r
 .text._isatty_r
                0x00004ff4       0x24 c:/program files (x86)/atmel/studio/7.0/toolchain/arm/arm-gnu-toolchain/bin/../lib/gcc/arm-none-eabi/5.3.1/../../../../arm-none-eabi/lib/armv6-m\libc_nano.a(lib_a-isattyr.o)
                0x00004ff4                _isatty_r
 .text._lseek_r
                0x00005018       0x28 c:/program files (x86)/atmel/studio/7.0/toolchain/arm/arm-gnu-toolchain/bin/../lib/gcc/arm-none-eabi/5.3.1/../../../../arm-none-eabi/lib/armv6-m\libc_nano.a(lib_a-lseekr.o)
                0x00005018                _lseek_r
 .text.memchr   0x00005040       0x16 c:/program files (x86)/atmel/studio/7.0/toolchain/arm/arm-gnu-toolchain/bin/../lib/gcc/arm-none-eabi/5.3.1/../../../../arm-none-eabi/lib/armv6-m\libc_nano.a(lib_a-memchr-stub.o)
                0x00005040                memchr
 *fill*         0x00005056        0x2 
 .text._read_r  0x00005058       0x28 c:/program files (x86)/atmel/studio/7.0/toolchain/arm/arm-gnu-toolchain/bin/../lib/gcc/arm-none-eabi/5.3.1/../../../../arm-none-eabi/lib/armv6-m\libc_nano.a(lib_a-readr.o)
                0x00005058                _read_r
 *(.glue_7t)
 .glue_7t       0x00005080        0x0 linker stubs
 *(.glue_7)
 .glue_7        0x00005080        0x0 linker stubs
 *(.rodata .rodata* .gnu.linkonce.r.*)
 .rodata._tcc_intflag
                0x00005080       0x30 src/ASF/sam0/drivers/tcc/tcc_callback.o
                0x00005080                _tcc_intflag
 .rodata        0x000050b0       0x16 src/ASF/sam0/drivers/tc/tc_sam_d_r/tc.o
 *fill*         0x000050c6        0x2 
 .rodata        0x000050c8       0x18 src/ASF/sam0/drivers/sercom/sercom.o
 .rodata        0x000050e0        0x6 src/ASF/sam0/drivers/sercom/sercom_interrupt.o
 *fill*         0x000050e6        0x2 
 .rodata.system_clock_source_get_hz
                0x000050e8       0x24 src/ASF/sam0/drivers/system/clock/clock_samd21_r21_da/clock.o
 .rodata.system_clock_source_enable
                0x0000510c       0x24 src/ASF/sam0/drivers/system/clock/clock_samd21_r21_da/clock.o
 .rodata        0x00005130        0xc src/main.o
 .rodata.str1.4
                0x0000513c       0x38 src/main.o
                                 0x35 (size before relaxing)
 .rodata        0x00005174       0x40 c:/program files (x86)/atmel/studio/7.0/toolchain/arm/arm-gnu-toolchain/bin/../lib/gcc/arm-none-eabi/5.3.1/armv6-m\libgcc.a(divdf3.o)
 .rodata        0x000051b4       0x40 c:/program files (x86)/atmel/studio/7.0/toolchain/arm/arm-gnu-toolchain/bin/../lib/gcc/arm-none-eabi/5.3.1/armv6-m\libgcc.a(muldf3.o)
 .rodata.str1.1
                0x000051f4        0x2 c:/program files (x86)/atmel/studio/7.0/toolchain/arm/arm-gnu-toolchain/bin/../lib/gcc/arm-none-eabi/5.3.1/../../../../arm-none-eabi/lib/armv6-m\libc_nano.a(lib_a-impure.o)
 *fill*         0x000051f6        0x2 
 .rodata._global_impure_ptr
                0x000051f8        0x4 c:/program files (x86)/atmel/studio/7.0/toolchain/arm/arm-gnu-toolchain/bin/../lib/gcc/arm-none-eabi/5.3.1/../../../../arm-none-eabi/lib/armv6-m\libc_nano.a(lib_a-impure.o)
                0x000051f8                _global_impure_ptr
 .rodata.__sf_fake_stdin
                0x000051fc       0x20 c:/program files (x86)/atmel/studio/7.0/toolchain/arm/arm-gnu-toolchain/bin/../lib/gcc/arm-none-eabi/5.3.1/../../../../arm-none-eabi/lib/armv6-m\libc_nano.a(lib_a-findfp.o)
                0x000051fc                __sf_fake_stdin
 .rodata.__sf_fake_stdout
                0x0000521c       0x20 c:/program files (x86)/atmel/studio/7.0/toolchain/arm/arm-gnu-toolchain/bin/../lib/gcc/arm-none-eabi/5.3.1/../../../../arm-none-eabi/lib/armv6-m\libc_nano.a(lib_a-findfp.o)
                0x0000521c                __sf_fake_stdout
 .rodata.__sf_fake_stderr
                0x0000523c       0x20 c:/program files (x86)/atmel/studio/7.0/toolchain/arm/arm-gnu-toolchain/bin/../lib/gcc/arm-none-eabi/5.3.1/../../../../arm-none-eabi/lib/armv6-m\libc_nano.a(lib_a-findfp.o)
                0x0000523c                __sf_fake_stderr
 .rodata.str1.1
                0x0000525c       0x11 c:/program files (x86)/atmel/studio/7.0/toolchain/arm/arm-gnu-toolchain/bin/../lib/gcc/arm-none-eabi/5.3.1/../../../../arm-none-eabi/lib/armv6-m\libc_nano.a(lib_a-nano-vfprintf.o)
 .rodata.str1.1
                0x0000526d       0x22 c:/program files (x86)/atmel/studio/7.0/toolchain/arm/arm-gnu-toolchain/bin/../lib/gcc/arm-none-eabi/5.3.1/../../../../arm-none-eabi/lib/armv6-m\libc_nano.a(lib_a-nano-vfprintf_i.o)
 *(.ARM.extab* .gnu.linkonce.armextab.*)
                0x00005290                . = ALIGN (0x4)
 *fill*         0x0000528f        0x1 
 *(.init)
 .init          0x00005290        0x4 c:/program files (x86)/atmel/studio/7.0/toolchain/arm/arm-gnu-toolchain/bin/../lib/gcc/arm-none-eabi/5.3.1/armv6-m/crti.o
                0x00005290                _init
 .init          0x00005294        0x8 c:/program files (x86)/atmel/studio/7.0/toolchain/arm/arm-gnu-toolchain/bin/../lib/gcc/arm-none-eabi/5.3.1/armv6-m/crtn.o
                0x0000529c                . = ALIGN (0x4)
                0x0000529c                __preinit_array_start = .
 *(.preinit_array)
                0x0000529c                __preinit_array_end = .
                0x0000529c                . = ALIGN (0x4)
                0x0000529c                __init_array_start = .
 *(SORT(.init_array.*))
 *(.init_array)
 .init_array    0x0000529c        0x4 c:/program files (x86)/atmel/studio/7.0/toolchain/arm/arm-gnu-toolchain/bin/../lib/gcc/arm-none-eabi/5.3.1/armv6-m/crtbegin.o
                0x000052a0                __init_array_end = .
                0x000052a0                . = ALIGN (0x4)
 *crtbegin.o(.ctors)
 *(EXCLUDE_FILE(*crtend.o) .ctors)
 *(SORT(.ctors.*))
 *crtend.o(.ctors)
                0x000052a0                . = ALIGN (0x4)
 *(.fini)
 .fini          0x000052a0        0x4 c:/program files (x86)/atmel/studio/7.0/toolchain/arm/arm-gnu-toolchain/bin/../lib/gcc/arm-none-eabi/5.3.1/armv6-m/crti.o
                0x000052a0                _fini
 .fini          0x000052a4        0x8 c:/program files (x86)/atmel/studio/7.0/toolchain/arm/arm-gnu-toolchain/bin/../lib/gcc/arm-none-eabi/5.3.1/armv6-m/crtn.o
                0x000052ac                . = ALIGN (0x4)
                0x000052ac                __fini_array_start = .
 *(.fini_array)
 .fini_array    0x000052ac        0x4 c:/program files (x86)/atmel/studio/7.0/toolchain/arm/arm-gnu-toolchain/bin/../lib/gcc/arm-none-eabi/5.3.1/armv6-m/crtbegin.o
 *(SORT(.fini_array.*))
                0x000052b0                __fini_array_end = .
 *crtbegin.o(.dtors)
 *(EXCLUDE_FILE(*crtend.o) .dtors)
 *(SORT(.dtors.*))
 *crtend.o(.dtors)
                0x000052b0                . = ALIGN (0x4)
                0x000052b0                _efixed = .
                [!provide]                PROVIDE (__exidx_start, .)

.vfp11_veneer   0x000052b0        0x0
 .vfp11_veneer  0x000052b0        0x0 linker stubs

.v4_bx          0x000052b0        0x0
 .v4_bx         0x000052b0        0x0 linker stubs

.iplt           0x000052b0        0x0
 .iplt          0x000052b0        0x0 c:/program files (x86)/atmel/studio/7.0/toolchain/arm/arm-gnu-toolchain/bin/../lib/gcc/arm-none-eabi/5.3.1/armv6-m/crtbegin.o

.eh_frame       0x000052b0        0x0
 .eh_frame      0x000052b0        0x0 c:/program files (x86)/atmel/studio/7.0/toolchain/arm/arm-gnu-toolchain/bin/../lib/gcc/arm-none-eabi/5.3.1/armv6-m/crtbegin.o

.rel.dyn        0x000052b0        0x0
 .rel.iplt      0x000052b0        0x0 c:/program files (x86)/atmel/studio/7.0/toolchain/arm/arm-gnu-toolchain/bin/../lib/gcc/arm-none-eabi/5.3.1/armv6-m/crtbegin.o

.jcr            0x000052b0        0x0
 .jcr           0x000052b0        0x0 c:/program files (x86)/atmel/studio/7.0/toolchain/arm/arm-gnu-toolchain/bin/../lib/gcc/arm-none-eabi/5.3.1/armv6-m/crtbegin.o

.igot.plt       0x000052b0        0x0
 .igot.plt      0x000052b0        0x0 c:/program files (x86)/atmel/studio/7.0/toolchain/arm/arm-gnu-toolchain/bin/../lib/gcc/arm-none-eabi/5.3.1/armv6-m/crtbegin.o

.ARM.exidx
 *(.ARM.exidx* .gnu.linkonce.armexidx.*)
                [!provide]                PROVIDE (__exidx_end, .)
                0x000052b0                . = ALIGN (0x4)
                0x000052b0                _etext = .

.relocate       0x20000000       0x84 load address 0x000052b0
                0x20000000                . = ALIGN (0x4)
                0x20000000                _srelocate = .
 *(.ramfunc .ramfunc.*)
 *(.data .data.*)
 .data._events_inst
                0x20000000       0x14 src/ASF/sam0/drivers/events/events_sam_d_r/events.o
                0x20000000                _events_inst
 .data.cycles_per_us
                0x20000014        0x4 src/ASF/common2/services/delay/sam0/systick_counter.o
 .data.cycles_per_ms
                0x20000018        0x4 src/ASF/common2/services/delay/sam0/systick_counter.o
 .data.g_interrupt_enabled
                0x2000001c        0x1 src/ASF/common/utils/interrupt/interrupt_sam_nvic.o
                0x2000001c                g_interrupt_enabled
 *fill*         0x2000001d        0x3 
 .data.impure_data
                0x20000020       0x60 c:/program files (x86)/atmel/studio/7.0/toolchain/arm/arm-gnu-toolchain/bin/../lib/gcc/arm-none-eabi/5.3.1/../../../../arm-none-eabi/lib/armv6-m\libc_nano.a(lib_a-impure.o)
 .data._impure_ptr
                0x20000080        0x4 c:/program files (x86)/atmel/studio/7.0/toolchain/arm/arm-gnu-toolchain/bin/../lib/gcc/arm-none-eabi/5.3.1/../../../../arm-none-eabi/lib/armv6-m\libc_nano.a(lib_a-impure.o)
                0x20000080                _impure_ptr
                0x20000084                . = ALIGN (0x4)
                0x20000084                _erelocate = .

.bss            0x20000084      0x198 load address 0x00005334
                0x20000084                . = ALIGN (0x4)
                0x20000084                _sbss = .
                0x20000084                _szero = .
 *(.bss .bss.*)
 .bss           0x20000084       0x1c c:/program files (x86)/atmel/studio/7.0/toolchain/arm/arm-gnu-toolchain/bin/../lib/gcc/arm-none-eabi/5.3.1/armv6-m/crtbegin.o
 .bss._sercom_config
                0x200000a0        0x2 src/ASF/sam0/drivers/sercom/sercom.o
 .bss._handler_table_initialized
                0x200000a2        0x1 src/ASF/sam0/drivers/sercom/sercom_interrupt.o
 *fill*         0x200000a3        0x1 
 .bss._sercom_interrupt_handlers
                0x200000a4       0x18 src/ASF/sam0/drivers/sercom/sercom_interrupt.o
 .bss.cpu_irq_critical_section_counter
                0x200000bc        0x4 src/ASF/common/utils/interrupt/interrupt_sam_nvic.o
 .bss.cpu_irq_prev_interrupt_state
                0x200000c0        0x1 src/ASF/common/utils/interrupt/interrupt_sam_nvic.o
 *fill*         0x200000c1        0x3 
 .bss._system_clock_inst
                0x200000c4       0x18 src/ASF/sam0/drivers/system/clock/clock_samd21_r21_da/clock.o
 .bss.heap.5286
                0x200000dc        0x4 src/ASF/sam0/utils/syscalls/gcc/syscalls.o
 .bss.infrared_buffer
                0x200000e0        0x3 src/infrared_sensor.o
                0x200000e0                infrared_buffer
 *fill*         0x200000e3        0x1 
 .bss.__malloc_sbrk_start
                0x200000e4        0x4 c:/program files (x86)/atmel/studio/7.0/toolchain/arm/arm-gnu-toolchain/bin/../lib/gcc/arm-none-eabi/5.3.1/../../../../arm-none-eabi/lib/armv6-m\libc_nano.a(lib_a-nano-mallocr.o)
                0x200000e4                __malloc_sbrk_start
 .bss.__malloc_free_list
                0x200000e8        0x4 c:/program files (x86)/atmel/studio/7.0/toolchain/arm/arm-gnu-toolchain/bin/../lib/gcc/arm-none-eabi/5.3.1/../../../../arm-none-eabi/lib/armv6-m\libc_nano.a(lib_a-nano-mallocr.o)
                0x200000e8                __malloc_free_list
 *(COMMON)
 COMMON         0x200000ec       0x50 src/color_sensor.o
                0x200000ec                config_tc
                0x20000120                tc_instance
 COMMON         0x2000013c       0x28 src/i2_master.o
                0x2000013c                i2c_master_instance
 COMMON         0x20000164       0x40 src/ASF/sam0/drivers/extint/extint_sam_d_r/extint.o
                0x20000164                _extint_dev
 COMMON         0x200001a4        0xc src/ASF/sam0/drivers/tcc/tcc_callback.o
                0x200001a4                _tcc_instances
 COMMON         0x200001b0        0x4 src/ASF/sam0/utils/stdio/read.o
                0x200001b0                ptr_get
 COMMON         0x200001b4        0x8 src/ASF/sam0/utils/stdio/write.o
                0x200001b4                ptr_put
                0x200001b8                stdio_base
 COMMON         0x200001bc        0xc src/ASF/sam0/drivers/tc/tc_interrupt.o
                0x200001bc                _tc_instances
 COMMON         0x200001c8        0x1 src/ASF/sam0/drivers/extint/extint_callback.o
                0x200001c8                _current_channel
 *fill*         0x200001c9        0x3 
 COMMON         0x200001cc       0x18 src/ASF/sam0/drivers/sercom/sercom_interrupt.o
                0x200001cc                _sercom_instances
 COMMON         0x200001e4       0x34 src/main.o
                0x200001e4                usart_instance
 COMMON         0x20000218        0x4 c:/program files (x86)/atmel/studio/7.0/toolchain/arm/arm-gnu-toolchain/bin/../lib/gcc/arm-none-eabi/5.3.1/../../../../arm-none-eabi/lib/armv6-m\libc_nano.a(lib_a-reent.o)
                0x20000218                errno
                0x2000021c                . = ALIGN (0x4)
                0x2000021c                _ebss = .
                0x2000021c                _ezero = .

.stack          0x2000021c     0x2004 load address 0x000054cc
                0x20000220                . = ALIGN (0x8)
 *fill*         0x2000021c        0x4 
                0x20000220                _sstack = .
                0x20002220                . = (. + STACK_SIZE)
 *fill*         0x20000220     0x2000 
                0x20002220                . = ALIGN (0x8)
                0x20002220                _estack = .
                0x20002220                . = ALIGN (0x4)
                0x20002220                _end = .
OUTPUT(MasterBoard.elf elf32-littlearm)

.ARM.attributes
                0x00000000       0x28
 .ARM.attributes
                0x00000000       0x1e c:/program files (x86)/atmel/studio/7.0/toolchain/arm/arm-gnu-toolchain/bin/../lib/gcc/arm-none-eabi/5.3.1/armv6-m/crti.o
 .ARM.attributes
                0x0000001e       0x2c c:/program files (x86)/atmel/studio/7.0/toolchain/arm/arm-gnu-toolchain/bin/../lib/gcc/arm-none-eabi/5.3.1/armv6-m/crtbegin.o
 .ARM.attributes
                0x0000004a       0x32 src/ASF/sam0/drivers/sercom/i2c/i2c_sam0/i2c_master.o
 .ARM.attributes
                0x0000007c       0x32 src/ASF/sam0/drivers/sercom/i2c/i2c_sam0/i2c_master_interrupt.o
 .ARM.attributes
                0x000000ae       0x32 src/color_sensor.o
 .ARM.attributes
                0x000000e0       0x32 src/i2_master.o
 .ARM.attributes
                0x00000112       0x32 src/ASF/sam0/drivers/events/events_hooks.o
 .ARM.attributes
                0x00000144       0x32 src/ASF/sam0/drivers/events/events_sam_d_r/events.o
 .ARM.attributes
                0x00000176       0x32 src/ASF/sam0/drivers/extint/extint_sam_d_r/extint.o
 .ARM.attributes
                0x000001a8       0x32 src/ASF/sam0/drivers/tcc/tcc_callback.o
 .ARM.attributes
                0x000001da       0x32 src/ASF/sam0/drivers/tc/tc_sam_d_r/tc.o
 .ARM.attributes
                0x0000020c       0x32 src/ASF/sam0/utils/stdio/read.o
 .ARM.attributes
                0x0000023e       0x32 src/ASF/sam0/utils/stdio/write.o
 .ARM.attributes
                0x00000270       0x32 src/ASF/sam0/drivers/tc/tc_interrupt.o
 .ARM.attributes
                0x000002a2       0x32 src/ASF/sam0/drivers/sercom/usart/usart.o
 .ARM.attributes
                0x000002d4       0x32 src/ASF/sam0/drivers/sercom/usart/usart_interrupt.o
 .ARM.attributes
                0x00000306       0x32 src/ASF/sam0/drivers/extint/extint_callback.o
 .ARM.attributes
                0x00000338       0x32 src/ASF/common2/services/delay/sam0/systick_counter.o
 .ARM.attributes
                0x0000036a       0x32 src/ASF/sam0/drivers/sercom/sercom.o
 .ARM.attributes
                0x0000039c       0x32 src/ASF/sam0/drivers/sercom/sercom_interrupt.o
 .ARM.attributes
                0x000003ce       0x32 src/ASF/common/utils/interrupt/interrupt_sam_nvic.o
 .ARM.attributes
                0x00000400       0x32 src/ASF/sam0/boards/samr21_xplained_pro/board_init.o
 .ARM.attributes
                0x00000432       0x32 src/ASF/sam0/drivers/port/port.o
 .ARM.attributes
                0x00000464       0x32 src/ASF/sam0/drivers/system/clock/clock_samd21_r21_da/clock.o
 .ARM.attributes
                0x00000496       0x32 src/ASF/sam0/drivers/system/clock/clock_samd21_r21_da/gclk.o
 .ARM.attributes
                0x000004c8       0x32 src/ASF/sam0/drivers/system/pinmux/pinmux.o
 .ARM.attributes
                0x000004fa       0x32 src/ASF/sam0/drivers/system/system.o
 .ARM.attributes
                0x0000052c       0x32 src/ASF/sam0/utils/cmsis/samr21/source/gcc/startup_samr21.o
 .ARM.attributes
                0x0000055e       0x32 src/ASF/sam0/utils/syscalls/gcc/syscalls.o
 .ARM.attributes
                0x00000590       0x32 src/infrared_sensor.o
 .ARM.attributes
                0x000005c2       0x32 src/main.o
 .ARM.attributes
                0x000005f4       0x1e c:/program files (x86)/atmel/studio/7.0/toolchain/arm/arm-gnu-toolchain/bin/../lib/gcc/arm-none-eabi/5.3.1/armv6-m\libgcc.a(_udivsi3.o)
 .ARM.attributes
                0x00000612       0x1e c:/program files (x86)/atmel/studio/7.0/toolchain/arm/arm-gnu-toolchain/bin/../lib/gcc/arm-none-eabi/5.3.1/armv6-m\libgcc.a(_dvmd_tls.o)
 .ARM.attributes
                0x00000630       0x2c c:/program files (x86)/atmel/studio/7.0/toolchain/arm/arm-gnu-toolchain/bin/../lib/gcc/arm-none-eabi/5.3.1/armv6-m\libgcc.a(_muldi3.o)
 .ARM.attributes
                0x0000065c       0x2c c:/program files (x86)/atmel/studio/7.0/toolchain/arm/arm-gnu-toolchain/bin/../lib/gcc/arm-none-eabi/5.3.1/armv6-m\libgcc.a(adddf3.o)
 .ARM.attributes
                0x00000688       0x2c c:/program files (x86)/atmel/studio/7.0/toolchain/arm/arm-gnu-toolchain/bin/../lib/gcc/arm-none-eabi/5.3.1/armv6-m\libgcc.a(divdf3.o)
 .ARM.attributes
                0x000006b4       0x2c c:/program files (x86)/atmel/studio/7.0/toolchain/arm/arm-gnu-toolchain/bin/../lib/gcc/arm-none-eabi/5.3.1/armv6-m\libgcc.a(muldf3.o)
 .ARM.attributes
                0x000006e0       0x2c c:/program files (x86)/atmel/studio/7.0/toolchain/arm/arm-gnu-toolchain/bin/../lib/gcc/arm-none-eabi/5.3.1/armv6-m\libgcc.a(subdf3.o)
 .ARM.attributes
                0x0000070c       0x2c c:/program files (x86)/atmel/studio/7.0/toolchain/arm/arm-gnu-toolchain/bin/../lib/gcc/arm-none-eabi/5.3.1/armv6-m\libgcc.a(fixdfsi.o)
 .ARM.attributes
                0x00000738       0x2c c:/program files (x86)/atmel/studio/7.0/toolchain/arm/arm-gnu-toolchain/bin/../lib/gcc/arm-none-eabi/5.3.1/armv6-m\libgcc.a(floatunsidf.o)
 .ARM.attributes
                0x00000764       0x1e c:/program files (x86)/atmel/studio/7.0/toolchain/arm/arm-gnu-toolchain/bin/../lib/gcc/arm-none-eabi/5.3.1/armv6-m\libgcc.a(_clzsi2.o)
 .ARM.attributes
                0x00000782       0x2c c:/program files (x86)/atmel/studio/7.0/toolchain/arm/arm-gnu-toolchain/bin/../lib/gcc/arm-none-eabi/5.3.1/../../../../arm-none-eabi/lib/armv6-m\libc_nano.a(lib_a-impure.o)
 .ARM.attributes
                0x000007ae       0x2c c:/program files (x86)/atmel/studio/7.0/toolchain/arm/arm-gnu-toolchain/bin/../lib/gcc/arm-none-eabi/5.3.1/../../../../arm-none-eabi/lib/armv6-m\libc_nano.a(lib_a-init.o)
 .ARM.attributes
                0x000007da       0x2c c:/program files (x86)/atmel/studio/7.0/toolchain/arm/arm-gnu-toolchain/bin/../lib/gcc/arm-none-eabi/5.3.1/../../../../arm-none-eabi/lib/armv6-m\libc_nano.a(lib_a-memcpy-stub.o)
 .ARM.attributes
                0x00000806       0x2c c:/program files (x86)/atmel/studio/7.0/toolchain/arm/arm-gnu-toolchain/bin/../lib/gcc/arm-none-eabi/5.3.1/../../../../arm-none-eabi/lib/armv6-m\libc_nano.a(lib_a-memset.o)
 .ARM.attributes
                0x00000832       0x2c c:/program files (x86)/atmel/studio/7.0/toolchain/arm/arm-gnu-toolchain/bin/../lib/gcc/arm-none-eabi/5.3.1/../../../../arm-none-eabi/lib/armv6-m\libc_nano.a(lib_a-printf.o)
 .ARM.attributes
                0x0000085e       0x2c c:/program files (x86)/atmel/studio/7.0/toolchain/arm/arm-gnu-toolchain/bin/../lib/gcc/arm-none-eabi/5.3.1/../../../../arm-none-eabi/lib/armv6-m\libc_nano.a(lib_a-putchar.o)
 .ARM.attributes
                0x0000088a       0x2c c:/program files (x86)/atmel/studio/7.0/toolchain/arm/arm-gnu-toolchain/bin/../lib/gcc/arm-none-eabi/5.3.1/../../../../arm-none-eabi/lib/armv6-m\libc_nano.a(lib_a-puts.o)
 .ARM.attributes
                0x000008b6       0x2c c:/program files (x86)/atmel/studio/7.0/toolchain/arm/arm-gnu-toolchain/bin/../lib/gcc/arm-none-eabi/5.3.1/../../../../arm-none-eabi/lib/armv6-m\libc_nano.a(lib_a-setbuf.o)
 .ARM.attributes
                0x000008e2       0x2c c:/program files (x86)/atmel/studio/7.0/toolchain/arm/arm-gnu-toolchain/bin/../lib/gcc/arm-none-eabi/5.3.1/../../../../arm-none-eabi/lib/armv6-m\libc_nano.a(lib_a-setvbuf.o)
 .ARM.attributes
                0x0000090e       0x2c c:/program files (x86)/atmel/studio/7.0/toolchain/arm/arm-gnu-toolchain/bin/../lib/gcc/arm-none-eabi/5.3.1/../../../../arm-none-eabi/lib/armv6-m\libc_nano.a(lib_a-wbuf.o)
 .ARM.attributes
                0x0000093a       0x2c c:/program files (x86)/atmel/studio/7.0/toolchain/arm/arm-gnu-toolchain/bin/../lib/gcc/arm-none-eabi/5.3.1/../../../../arm-none-eabi/lib/armv6-m\libc_nano.a(lib_a-wsetup.o)
 .ARM.attributes
                0x00000966       0x2c c:/program files (x86)/atmel/studio/7.0/toolchain/arm/arm-gnu-toolchain/bin/../lib/gcc/arm-none-eabi/5.3.1/../../../../arm-none-eabi/lib/armv6-m\libc_nano.a(lib_a-fflush.o)
 .ARM.attributes
                0x00000992       0x2c c:/program files (x86)/atmel/studio/7.0/toolchain/arm/arm-gnu-toolchain/bin/../lib/gcc/arm-none-eabi/5.3.1/../../../../arm-none-eabi/lib/armv6-m\libc_nano.a(lib_a-findfp.o)
 .ARM.attributes
                0x000009be       0x2c c:/program files (x86)/atmel/studio/7.0/toolchain/arm/arm-gnu-toolchain/bin/../lib/gcc/arm-none-eabi/5.3.1/../../../../arm-none-eabi/lib/armv6-m\libc_nano.a(lib_a-fwalk.o)
 .ARM.attributes
                0x000009ea       0x2c c:/program files (x86)/atmel/studio/7.0/toolchain/arm/arm-gnu-toolchain/bin/../lib/gcc/arm-none-eabi/5.3.1/../../../../arm-none-eabi/lib/armv6-m\libc_nano.a(lib_a-makebuf.o)
 .ARM.attributes
                0x00000a16       0x2c c:/program files (x86)/atmel/studio/7.0/toolchain/arm/arm-gnu-toolchain/bin/../lib/gcc/arm-none-eabi/5.3.1/../../../../arm-none-eabi/lib/armv6-m\libc_nano.a(lib_a-malloc.o)
 .ARM.attributes
                0x00000a42       0x2c c:/program files (x86)/atmel/studio/7.0/toolchain/arm/arm-gnu-toolchain/bin/../lib/gcc/arm-none-eabi/5.3.1/../../../../arm-none-eabi/lib/armv6-m\libc_nano.a(lib_a-nano-freer.o)
 .ARM.attributes
                0x00000a6e       0x2c c:/program files (x86)/atmel/studio/7.0/toolchain/arm/arm-gnu-toolchain/bin/../lib/gcc/arm-none-eabi/5.3.1/../../../../arm-none-eabi/lib/armv6-m\libc_nano.a(lib_a-nano-mallocr.o)
 .ARM.attributes
                0x00000a9a       0x2c c:/program files (x86)/atmel/studio/7.0/toolchain/arm/arm-gnu-toolchain/bin/../lib/gcc/arm-none-eabi/5.3.1/../../../../arm-none-eabi/lib/armv6-m\libc_nano.a(lib_a-nano-vfprintf.o)
 .ARM.attributes
                0x00000ac6       0x2c c:/program files (x86)/atmel/studio/7.0/toolchain/arm/arm-gnu-toolchain/bin/../lib/gcc/arm-none-eabi/5.3.1/../../../../arm-none-eabi/lib/armv6-m\libc_nano.a(lib_a-nano-vfprintf_i.o)
 .ARM.attributes
                0x00000af2       0x2c c:/program files (x86)/atmel/studio/7.0/toolchain/arm/arm-gnu-toolchain/bin/../lib/gcc/arm-none-eabi/5.3.1/../../../../arm-none-eabi/lib/armv6-m\libc_nano.a(lib_a-putc.o)
 .ARM.attributes
                0x00000b1e       0x2c c:/program files (x86)/atmel/studio/7.0/toolchain/arm/arm-gnu-toolchain/bin/../lib/gcc/arm-none-eabi/5.3.1/../../../../arm-none-eabi/lib/armv6-m\libc_nano.a(lib_a-sbrkr.o)
 .ARM.attributes
                0x00000b4a       0x2c c:/program files (x86)/atmel/studio/7.0/toolchain/arm/arm-gnu-toolchain/bin/../lib/gcc/arm-none-eabi/5.3.1/../../../../arm-none-eabi/lib/armv6-m\libc_nano.a(lib_a-stdio.o)
 .ARM.attributes
                0x00000b76       0x2c c:/program files (x86)/atmel/studio/7.0/toolchain/arm/arm-gnu-toolchain/bin/../lib/gcc/arm-none-eabi/5.3.1/../../../../arm-none-eabi/lib/armv6-m\libc_nano.a(lib_a-writer.o)
 .ARM.attributes
                0x00000ba2       0x2c c:/program files (x86)/atmel/studio/7.0/toolchain/arm/arm-gnu-toolchain/bin/../lib/gcc/arm-none-eabi/5.3.1/../../../../arm-none-eabi/lib/armv6-m\libc_nano.a(lib_a-closer.o)
 .ARM.attributes
                0x00000bce       0x2c c:/program files (x86)/atmel/studio/7.0/toolchain/arm/arm-gnu-toolchain/bin/../lib/gcc/arm-none-eabi/5.3.1/../../../../arm-none-eabi/lib/armv6-m\libc_nano.a(lib_a-fstatr.o)
 .ARM.attributes
                0x00000bfa       0x2c c:/program files (x86)/atmel/studio/7.0/toolchain/arm/arm-gnu-toolchain/bin/../lib/gcc/arm-none-eabi/5.3.1/../../../../arm-none-eabi/lib/armv6-m\libc_nano.a(lib_a-isattyr.o)
 .ARM.attributes
                0x00000c26       0x2c c:/program files (x86)/atmel/studio/7.0/toolchain/arm/arm-gnu-toolchain/bin/../lib/gcc/arm-none-eabi/5.3.1/../../../../arm-none-eabi/lib/armv6-m\libc_nano.a(lib_a-lseekr.o)
 .ARM.attributes
                0x00000c52       0x2c c:/program files (x86)/atmel/studio/7.0/toolchain/arm/arm-gnu-toolchain/bin/../lib/gcc/arm-none-eabi/5.3.1/../../../../arm-none-eabi/lib/armv6-m\libc_nano.a(lib_a-memchr-stub.o)
 .ARM.attributes
                0x00000c7e       0x2c c:/program files (x86)/atmel/studio/7.0/toolchain/arm/arm-gnu-toolchain/bin/../lib/gcc/arm-none-eabi/5.3.1/../../../../arm-none-eabi/lib/armv6-m\libc_nano.a(lib_a-readr.o)
 .ARM.attributes
                0x00000caa       0x2c c:/program files (x86)/atmel/studio/7.0/toolchain/arm/arm-gnu-toolchain/bin/../lib/gcc/arm-none-eabi/5.3.1/../../../../arm-none-eabi/lib/armv6-m\libc_nano.a(lib_a-reent.o)
 .ARM.attributes
                0x00000cd6       0x1e c:/program files (x86)/atmel/studio/7.0/toolchain/arm/arm-gnu-toolchain/bin/../lib/gcc/arm-none-eabi/5.3.1/armv6-m/crtn.o

.comment        0x00000000       0x59
 .comment       0x00000000       0x59 src/ASF/sam0/drivers/sercom/i2c/i2c_sam0/i2c_master.o
                                 0x5a (size before relaxing)
 .comment       0x00000059       0x5a src/ASF/sam0/drivers/sercom/i2c/i2c_sam0/i2c_master_interrupt.o
 .comment       0x00000059       0x5a src/color_sensor.o
 .comment       0x00000059       0x5a src/i2_master.o
 .comment       0x00000059       0x5a src/ASF/sam0/drivers/events/events_hooks.o
 .comment       0x00000059       0x5a src/ASF/sam0/drivers/events/events_sam_d_r/events.o
 .comment       0x00000059       0x5a src/ASF/sam0/drivers/extint/extint_sam_d_r/extint.o
 .comment       0x00000059       0x5a src/ASF/sam0/drivers/tcc/tcc_callback.o
 .comment       0x00000059       0x5a src/ASF/sam0/drivers/tc/tc_sam_d_r/tc.o
 .comment       0x00000059       0x5a src/ASF/sam0/utils/stdio/read.o
 .comment       0x00000059       0x5a src/ASF/sam0/utils/stdio/write.o
 .comment       0x00000059       0x5a src/ASF/sam0/drivers/tc/tc_interrupt.o
 .comment       0x00000059       0x5a src/ASF/sam0/drivers/sercom/usart/usart.o
 .comment       0x00000059       0x5a src/ASF/sam0/drivers/sercom/usart/usart_interrupt.o
 .comment       0x00000059       0x5a src/ASF/sam0/drivers/extint/extint_callback.o
 .comment       0x00000059       0x5a src/ASF/common2/services/delay/sam0/systick_counter.o
 .comment       0x00000059       0x5a src/ASF/sam0/drivers/sercom/sercom.o
 .comment       0x00000059       0x5a src/ASF/sam0/drivers/sercom/sercom_interrupt.o
 .comment       0x00000059       0x5a src/ASF/common/utils/interrupt/interrupt_sam_nvic.o
 .comment       0x00000059       0x5a src/ASF/sam0/boards/samr21_xplained_pro/board_init.o
 .comment       0x00000059       0x5a src/ASF/sam0/drivers/port/port.o
 .comment       0x00000059       0x5a src/ASF/sam0/drivers/system/clock/clock_samd21_r21_da/clock.o
 .comment       0x00000059       0x5a src/ASF/sam0/drivers/system/clock/clock_samd21_r21_da/gclk.o
 .comment       0x00000059       0x5a src/ASF/sam0/drivers/system/pinmux/pinmux.o
 .comment       0x00000059       0x5a src/ASF/sam0/drivers/system/system.o
 .comment       0x00000059       0x5a src/ASF/sam0/utils/cmsis/samr21/source/gcc/startup_samr21.o
 .comment       0x00000059       0x5a src/ASF/sam0/utils/syscalls/gcc/syscalls.o
 .comment       0x00000059       0x5a src/infrared_sensor.o
 .comment       0x00000059       0x5a src/main.o

.debug_info     0x00000000    0x37717
 .debug_info    0x00000000     0x45a5 src/ASF/sam0/drivers/sercom/i2c/i2c_sam0/i2c_master.o
 .debug_info    0x000045a5     0x289b src/ASF/sam0/drivers/sercom/i2c/i2c_sam0/i2c_master_interrupt.o
 .debug_info    0x00006e40     0x35dc src/color_sensor.o
 .debug_info    0x0000a41c     0x32aa src/i2_master.o
 .debug_info    0x0000d6c6     0x12ce src/ASF/sam0/drivers/events/events_hooks.o
 .debug_info    0x0000e994     0x1d6d src/ASF/sam0/drivers/events/events_sam_d_r/events.o
 .debug_info    0x00010701     0x2129 src/ASF/sam0/drivers/extint/extint_sam_d_r/extint.o
 .debug_info    0x0001282a     0x2807 src/ASF/sam0/drivers/tcc/tcc_callback.o
 .debug_info    0x00015031     0x258a src/ASF/sam0/drivers/tc/tc_sam_d_r/tc.o
 .debug_info    0x000175bb      0x1c4 src/ASF/sam0/utils/stdio/read.o
 .debug_info    0x0001777f      0x1c1 src/ASF/sam0/utils/stdio/write.o
 .debug_info    0x00017940     0x1250 src/ASF/sam0/drivers/tc/tc_interrupt.o
 .debug_info    0x00018b90     0x40e3 src/ASF/sam0/drivers/sercom/usart/usart.o
 .debug_info    0x0001cc73     0x2789 src/ASF/sam0/drivers/sercom/usart/usart_interrupt.o
 .debug_info    0x0001f3fc     0x10c3 src/ASF/sam0/drivers/extint/extint_callback.o
 .debug_info    0x000204bf      0x26b src/ASF/common2/services/delay/sam0/systick_counter.o
 .debug_info    0x0002072a     0x253f src/ASF/sam0/drivers/sercom/sercom.o
 .debug_info    0x00022c69     0x230f src/ASF/sam0/drivers/sercom/sercom_interrupt.o
 .debug_info    0x00024f78      0x1ea src/ASF/common/utils/interrupt/interrupt_sam_nvic.o
 .debug_info    0x00025162      0x98c src/ASF/sam0/boards/samr21_xplained_pro/board_init.o
 .debug_info    0x00025aee      0x982 src/ASF/sam0/drivers/port/port.o
 .debug_info    0x00026470     0x2d96 src/ASF/sam0/drivers/system/clock/clock_samd21_r21_da/clock.o
 .debug_info    0x00029206     0x149c src/ASF/sam0/drivers/system/clock/clock_samd21_r21_da/gclk.o
 .debug_info    0x0002a6a2      0xa62 src/ASF/sam0/drivers/system/pinmux/pinmux.o
 .debug_info    0x0002b104      0x17c src/ASF/sam0/drivers/system/system.o
 .debug_info    0x0002b280     0x3a76 src/ASF/sam0/utils/cmsis/samr21/source/gcc/startup_samr21.o
 .debug_info    0x0002ecf6      0x40f src/ASF/sam0/utils/syscalls/gcc/syscalls.o
 .debug_info    0x0002f105     0x16f4 src/infrared_sensor.o
 .debug_info    0x000307f9     0x6f1e src/main.o

.debug_abbrev   0x00000000     0x5062
 .debug_abbrev  0x00000000      0x489 src/ASF/sam0/drivers/sercom/i2c/i2c_sam0/i2c_master.o
 .debug_abbrev  0x00000489      0x3a6 src/ASF/sam0/drivers/sercom/i2c/i2c_sam0/i2c_master_interrupt.o
 .debug_abbrev  0x0000082f      0x478 src/color_sensor.o
 .debug_abbrev  0x00000ca7      0x31f src/i2_master.o
 .debug_abbrev  0x00000fc6      0x299 src/ASF/sam0/drivers/events/events_hooks.o
 .debug_abbrev  0x0000125f      0x3ea src/ASF/sam0/drivers/events/events_sam_d_r/events.o
 .debug_abbrev  0x00001649      0x40f src/ASF/sam0/drivers/extint/extint_sam_d_r/extint.o
 .debug_abbrev  0x00001a58      0x2f7 src/ASF/sam0/drivers/tcc/tcc_callback.o
 .debug_abbrev  0x00001d4f      0x3d8 src/ASF/sam0/drivers/tc/tc_sam_d_r/tc.o
 .debug_abbrev  0x00002127      0x10a src/ASF/sam0/utils/stdio/read.o
 .debug_abbrev  0x00002231       0xf7 src/ASF/sam0/utils/stdio/write.o
 .debug_abbrev  0x00002328      0x266 src/ASF/sam0/drivers/tc/tc_interrupt.o
 .debug_abbrev  0x0000258e      0x3f8 src/ASF/sam0/drivers/sercom/usart/usart.o
 .debug_abbrev  0x00002986      0x37f src/ASF/sam0/drivers/sercom/usart/usart_interrupt.o
 .debug_abbrev  0x00002d05      0x299 src/ASF/sam0/drivers/extint/extint_callback.o
 .debug_abbrev  0x00002f9e      0x13e src/ASF/common2/services/delay/sam0/systick_counter.o
 .debug_abbrev  0x000030dc      0x308 src/ASF/sam0/drivers/sercom/sercom.o
 .debug_abbrev  0x000033e4      0x237 src/ASF/sam0/drivers/sercom/sercom_interrupt.o
 .debug_abbrev  0x0000361b       0xf6 src/ASF/common/utils/interrupt/interrupt_sam_nvic.o
 .debug_abbrev  0x00003711      0x224 src/ASF/sam0/boards/samr21_xplained_pro/board_init.o
 .debug_abbrev  0x00003935      0x1dc src/ASF/sam0/drivers/port/port.o
 .debug_abbrev  0x00003b11      0x3bf src/ASF/sam0/drivers/system/clock/clock_samd21_r21_da/clock.o
 .debug_abbrev  0x00003ed0      0x338 src/ASF/sam0/drivers/system/clock/clock_samd21_r21_da/gclk.o
 .debug_abbrev  0x00004208      0x289 src/ASF/sam0/drivers/system/pinmux/pinmux.o
 .debug_abbrev  0x00004491       0xbb src/ASF/sam0/drivers/system/system.o
 .debug_abbrev  0x0000454c      0x217 src/ASF/sam0/utils/cmsis/samr21/source/gcc/startup_samr21.o
 .debug_abbrev  0x00004763      0x13e src/ASF/sam0/utils/syscalls/gcc/syscalls.o
 .debug_abbrev  0x000048a1      0x33c src/infrared_sensor.o
 .debug_abbrev  0x00004bdd      0x485 src/main.o

.debug_loc      0x00000000     0x824d
 .debug_loc     0x00000000      0xde5 src/ASF/sam0/drivers/sercom/i2c/i2c_sam0/i2c_master.o
 .debug_loc     0x00000de5      0x5fb src/ASF/sam0/drivers/sercom/i2c/i2c_sam0/i2c_master_interrupt.o
 .debug_loc     0x000013e0      0xe3e src/color_sensor.o
 .debug_loc     0x0000221e       0xe1 src/i2_master.o
 .debug_loc     0x000022ff      0x4ba src/ASF/sam0/drivers/events/events_hooks.o
 .debug_loc     0x000027b9      0x448 src/ASF/sam0/drivers/events/events_sam_d_r/events.o
 .debug_loc     0x00002c01      0x413 src/ASF/sam0/drivers/extint/extint_sam_d_r/extint.o
 .debug_loc     0x00003014      0x250 src/ASF/sam0/drivers/tcc/tcc_callback.o
 .debug_loc     0x00003264      0xe17 src/ASF/sam0/drivers/tc/tc_sam_d_r/tc.o
 .debug_loc     0x0000407b       0xf0 src/ASF/sam0/utils/stdio/read.o
 .debug_loc     0x0000416b      0x130 src/ASF/sam0/utils/stdio/write.o
 .debug_loc     0x0000429b      0x15c src/ASF/sam0/drivers/tc/tc_interrupt.o
 .debug_loc     0x000043f7      0xc45 src/ASF/sam0/drivers/sercom/usart/usart.o
 .debug_loc     0x0000503c      0x5bb src/ASF/sam0/drivers/sercom/usart/usart_interrupt.o
 .debug_loc     0x000055f7      0x219 src/ASF/sam0/drivers/extint/extint_callback.o
 .debug_loc     0x00005810       0xe4 src/ASF/common2/services/delay/sam0/systick_counter.o
 .debug_loc     0x000058f4      0x9ae src/ASF/sam0/drivers/sercom/sercom.o
 .debug_loc     0x000062a2      0x16c src/ASF/sam0/drivers/sercom/sercom_interrupt.o
 .debug_loc     0x0000640e       0x8a src/ASF/sam0/boards/samr21_xplained_pro/board_init.o
 .debug_loc     0x00006498      0x13d src/ASF/sam0/drivers/port/port.o
 .debug_loc     0x000065d5      0xeed src/ASF/sam0/drivers/system/clock/clock_samd21_r21_da/clock.o
 .debug_loc     0x000074c2      0x4e3 src/ASF/sam0/drivers/system/clock/clock_samd21_r21_da/gclk.o
 .debug_loc     0x000079a5      0x32f src/ASF/sam0/drivers/system/pinmux/pinmux.o
 .debug_loc     0x00007cd4       0x20 src/ASF/sam0/drivers/system/system.o
 .debug_loc     0x00007cf4       0x20 src/ASF/sam0/utils/cmsis/samr21/source/gcc/startup_samr21.o
 .debug_loc     0x00007d14       0xd1 src/ASF/sam0/utils/syscalls/gcc/syscalls.o
 .debug_loc     0x00007de5      0x1a2 src/infrared_sensor.o
 .debug_loc     0x00007f87      0x2c6 src/main.o

.debug_aranges  0x00000000      0x890
 .debug_aranges
                0x00000000       0xa0 src/ASF/sam0/drivers/sercom/i2c/i2c_sam0/i2c_master.o
 .debug_aranges
                0x000000a0       0x90 src/ASF/sam0/drivers/sercom/i2c/i2c_sam0/i2c_master_interrupt.o
 .debug_aranges
                0x00000130       0x68 src/color_sensor.o
 .debug_aranges
                0x00000198       0x20 src/i2_master.o
 .debug_aranges
                0x000001b8       0x58 src/ASF/sam0/drivers/events/events_hooks.o
 .debug_aranges
                0x00000210       0x80 src/ASF/sam0/drivers/events/events_sam_d_r/events.o
 .debug_aranges
                0x00000290       0x50 src/ASF/sam0/drivers/extint/extint_sam_d_r/extint.o
 .debug_aranges
                0x000002e0       0x58 src/ASF/sam0/drivers/tcc/tcc_callback.o
 .debug_aranges
                0x00000338       0x58 src/ASF/sam0/drivers/tc/tc_sam_d_r/tc.o
 .debug_aranges
                0x00000390       0x20 src/ASF/sam0/utils/stdio/read.o
 .debug_aranges
                0x000003b0       0x20 src/ASF/sam0/utils/stdio/write.o
 .debug_aranges
                0x000003d0       0x48 src/ASF/sam0/drivers/tc/tc_interrupt.o
 .debug_aranges
                0x00000418       0x40 src/ASF/sam0/drivers/sercom/usart/usart.o
 .debug_aranges
                0x00000458       0x70 src/ASF/sam0/drivers/sercom/usart/usart_interrupt.o
 .debug_aranges
                0x000004c8       0x48 src/ASF/sam0/drivers/extint/extint_callback.o
 .debug_aranges
                0x00000510       0x30 src/ASF/common2/services/delay/sam0/systick_counter.o
 .debug_aranges
                0x00000540       0x40 src/ASF/sam0/drivers/sercom/sercom.o
 .debug_aranges
                0x00000580       0x60 src/ASF/sam0/drivers/sercom/sercom_interrupt.o
 .debug_aranges
                0x000005e0       0x28 src/ASF/common/utils/interrupt/interrupt_sam_nvic.o
 .debug_aranges
                0x00000608       0x20 src/ASF/sam0/boards/samr21_xplained_pro/board_init.o
 .debug_aranges
                0x00000628       0x28 src/ASF/sam0/drivers/port/port.o
 .debug_aranges
                0x00000650       0x78 src/ASF/sam0/drivers/system/clock/clock_samd21_r21_da/clock.o
 .debug_aranges
                0x000006c8       0x80 src/ASF/sam0/drivers/system/clock/clock_samd21_r21_da/gclk.o
 .debug_aranges
                0x00000748       0x38 src/ASF/sam0/drivers/system/pinmux/pinmux.o
 .debug_aranges
                0x00000780       0x28 src/ASF/sam0/drivers/system/system.o
 .debug_aranges
                0x000007a8       0x28 src/ASF/sam0/utils/cmsis/samr21/source/gcc/startup_samr21.o
 .debug_aranges
                0x000007d0       0x60 src/ASF/sam0/utils/syscalls/gcc/syscalls.o
 .debug_aranges
                0x00000830       0x28 src/infrared_sensor.o
 .debug_aranges
                0x00000858       0x38 src/main.o

.debug_ranges   0x00000000      0xa78
 .debug_ranges  0x00000000       0xc0 src/ASF/sam0/drivers/sercom/i2c/i2c_sam0/i2c_master.o
 .debug_ranges  0x000000c0       0x98 src/ASF/sam0/drivers/sercom/i2c/i2c_sam0/i2c_master_interrupt.o
 .debug_ranges  0x00000158       0xe8 src/color_sensor.o
 .debug_ranges  0x00000240       0x10 src/i2_master.o
 .debug_ranges  0x00000250       0x48 src/ASF/sam0/drivers/events/events_hooks.o
 .debug_ranges  0x00000298       0xb0 src/ASF/sam0/drivers/events/events_sam_d_r/events.o
 .debug_ranges  0x00000348       0x40 src/ASF/sam0/drivers/extint/extint_sam_d_r/extint.o
 .debug_ranges  0x00000388       0x48 src/ASF/sam0/drivers/tcc/tcc_callback.o
 .debug_ranges  0x000003d0      0x1c8 src/ASF/sam0/drivers/tc/tc_sam_d_r/tc.o
 .debug_ranges  0x00000598       0x10 src/ASF/sam0/utils/stdio/read.o
 .debug_ranges  0x000005a8       0x10 src/ASF/sam0/utils/stdio/write.o
 .debug_ranges  0x000005b8       0x38 src/ASF/sam0/drivers/tc/tc_interrupt.o
 .debug_ranges  0x000005f0       0xe0 src/ASF/sam0/drivers/sercom/usart/usart.o
 .debug_ranges  0x000006d0       0x60 src/ASF/sam0/drivers/sercom/usart/usart_interrupt.o
 .debug_ranges  0x00000730       0x60 src/ASF/sam0/drivers/extint/extint_callback.o
 .debug_ranges  0x00000790       0x50 src/ASF/common2/services/delay/sam0/systick_counter.o
 .debug_ranges  0x000007e0       0x48 src/ASF/sam0/drivers/sercom/sercom.o
 .debug_ranges  0x00000828       0x50 src/ASF/sam0/drivers/sercom/sercom_interrupt.o
 .debug_ranges  0x00000878       0x18 src/ASF/common/utils/interrupt/interrupt_sam_nvic.o
 .debug_ranges  0x00000890       0x10 src/ASF/sam0/boards/samr21_xplained_pro/board_init.o
 .debug_ranges  0x000008a0       0x18 src/ASF/sam0/drivers/port/port.o
 .debug_ranges  0x000008b8       0x68 src/ASF/sam0/drivers/system/clock/clock_samd21_r21_da/clock.o
 .debug_ranges  0x00000920       0x70 src/ASF/sam0/drivers/system/clock/clock_samd21_r21_da/gclk.o
 .debug_ranges  0x00000990       0x28 src/ASF/sam0/drivers/system/pinmux/pinmux.o
 .debug_ranges  0x000009b8       0x18 src/ASF/sam0/drivers/system/system.o
 .debug_ranges  0x000009d0       0x18 src/ASF/sam0/utils/cmsis/samr21/source/gcc/startup_samr21.o
 .debug_ranges  0x000009e8       0x50 src/ASF/sam0/utils/syscalls/gcc/syscalls.o
 .debug_ranges  0x00000a38       0x18 src/infrared_sensor.o
 .debug_ranges  0x00000a50       0x28 src/main.o

.debug_macro    0x00000000    0x1c3e1
 .debug_macro   0x00000000      0x56f src/ASF/sam0/drivers/sercom/i2c/i2c_sam0/i2c_master.o
 .debug_macro   0x0000056f      0x868 src/ASF/sam0/drivers/sercom/i2c/i2c_sam0/i2c_master.o
 .debug_macro   0x00000dd7      0x16d src/ASF/sam0/drivers/sercom/i2c/i2c_sam0/i2c_master.o
 .debug_macro   0x00000f44      0x652 src/ASF/sam0/drivers/sercom/i2c/i2c_sam0/i2c_master.o
 .debug_macro   0x00001596       0x22 src/ASF/sam0/drivers/sercom/i2c/i2c_sam0/i2c_master.o
 .debug_macro   0x000015b8       0x87 src/ASF/sam0/drivers/sercom/i2c/i2c_sam0/i2c_master.o
 .debug_macro   0x0000163f       0x44 src/ASF/sam0/drivers/sercom/i2c/i2c_sam0/i2c_master.o
 .debug_macro   0x00001683       0xfd src/ASF/sam0/drivers/sercom/i2c/i2c_sam0/i2c_master.o
 .debug_macro   0x00001780       0x22 src/ASF/sam0/drivers/sercom/i2c/i2c_sam0/i2c_master.o
 .debug_macro   0x000017a2      0x1df src/ASF/sam0/drivers/sercom/i2c/i2c_sam0/i2c_master.o
 .debug_macro   0x00001981       0x10 src/ASF/sam0/drivers/sercom/i2c/i2c_sam0/i2c_master.o
 .debug_macro   0x00001991       0x76 src/ASF/sam0/drivers/sercom/i2c/i2c_sam0/i2c_master.o
 .debug_macro   0x00001a07       0x16 src/ASF/sam0/drivers/sercom/i2c/i2c_sam0/i2c_master.o
 .debug_macro   0x00001a1d      0x6e5 src/ASF/sam0/drivers/sercom/i2c/i2c_sam0/i2c_master.o
 .debug_macro   0x00002102      0xde2 src/ASF/sam0/drivers/sercom/i2c/i2c_sam0/i2c_master.o
 .debug_macro   0x00002ee4       0x22 src/ASF/sam0/drivers/sercom/i2c/i2c_sam0/i2c_master.o
 .debug_macro   0x00002f06       0x40 src/ASF/sam0/drivers/sercom/i2c/i2c_sam0/i2c_master.o
 .debug_macro   0x00002f46       0x3a src/ASF/sam0/drivers/sercom/i2c/i2c_sam0/i2c_master.o
 .debug_macro   0x00002f80       0x1f src/ASF/sam0/drivers/sercom/i2c/i2c_sam0/i2c_master.o
 .debug_macro   0x00002f9f      0x250 src/ASF/sam0/drivers/sercom/i2c/i2c_sam0/i2c_master.o
 .debug_macro   0x000031ef      0x682 src/ASF/sam0/drivers/sercom/i2c/i2c_sam0/i2c_master.o
 .debug_macro   0x00003871      0x8bf src/ASF/sam0/drivers/sercom/i2c/i2c_sam0/i2c_master.o
 .debug_macro   0x00004130      0xd6a src/ASF/sam0/drivers/sercom/i2c/i2c_sam0/i2c_master.o
 .debug_macro   0x00004e9a      0x4ce src/ASF/sam0/drivers/sercom/i2c/i2c_sam0/i2c_master.o
 .debug_macro   0x00005368      0x9f8 src/ASF/sam0/drivers/sercom/i2c/i2c_sam0/i2c_master.o
 .debug_macro   0x00005d60      0x82b src/ASF/sam0/drivers/sercom/i2c/i2c_sam0/i2c_master.o
 .debug_macro   0x0000658b      0x45f src/ASF/sam0/drivers/sercom/i2c/i2c_sam0/i2c_master.o
 .debug_macro   0x000069ea       0x5e src/ASF/sam0/drivers/sercom/i2c/i2c_sam0/i2c_master.o
 .debug_macro   0x00006a48      0x225 src/ASF/sam0/drivers/sercom/i2c/i2c_sam0/i2c_master.o
 .debug_macro   0x00006c6d      0x797 src/ASF/sam0/drivers/sercom/i2c/i2c_sam0/i2c_master.o
 .debug_macro   0x00007404       0x5e src/ASF/sam0/drivers/sercom/i2c/i2c_sam0/i2c_master.o
 .debug_macro   0x00007462      0x60a src/ASF/sam0/drivers/sercom/i2c/i2c_sam0/i2c_master.o
 .debug_macro   0x00007a6c      0x3b6 src/ASF/sam0/drivers/sercom/i2c/i2c_sam0/i2c_master.o
 .debug_macro   0x00007e22       0x94 src/ASF/sam0/drivers/sercom/i2c/i2c_sam0/i2c_master.o
 .debug_macro   0x00007eb6      0xc55 src/ASF/sam0/drivers/sercom/i2c/i2c_sam0/i2c_master.o
 .debug_macro   0x00008b0b     0x1092 src/ASF/sam0/drivers/sercom/i2c/i2c_sam0/i2c_master.o
 .debug_macro   0x00009b9d      0xc4a src/ASF/sam0/drivers/sercom/i2c/i2c_sam0/i2c_master.o
 .debug_macro   0x0000a7e7      0x6bf src/ASF/sam0/drivers/sercom/i2c/i2c_sam0/i2c_master.o
 .debug_macro   0x0000aea6     0x1b4b src/ASF/sam0/drivers/sercom/i2c/i2c_sam0/i2c_master.o
 .debug_macro   0x0000c9f1     0x144a src/ASF/sam0/drivers/sercom/i2c/i2c_sam0/i2c_master.o
 .debug_macro   0x0000de3b      0x34e src/ASF/sam0/drivers/sercom/i2c/i2c_sam0/i2c_master.o
 .debug_macro   0x0000e189       0x7c src/ASF/sam0/drivers/sercom/i2c/i2c_sam0/i2c_master.o
 .debug_macro   0x0000e205       0xa0 src/ASF/sam0/drivers/sercom/i2c/i2c_sam0/i2c_master.o
 .debug_macro   0x0000e2a5       0xca src/ASF/sam0/drivers/sercom/i2c/i2c_sam0/i2c_master.o
 .debug_macro   0x0000e36f       0x94 src/ASF/sam0/drivers/sercom/i2c/i2c_sam0/i2c_master.o
 .debug_macro   0x0000e403       0x58 src/ASF/sam0/drivers/sercom/i2c/i2c_sam0/i2c_master.o
 .debug_macro   0x0000e45b      0x364 src/ASF/sam0/drivers/sercom/i2c/i2c_sam0/i2c_master.o
 .debug_macro   0x0000e7bf       0x82 src/ASF/sam0/drivers/sercom/i2c/i2c_sam0/i2c_master.o
 .debug_macro   0x0000e841      0x197 src/ASF/sam0/drivers/sercom/i2c/i2c_sam0/i2c_master.o
 .debug_macro   0x0000e9d8       0xa0 src/ASF/sam0/drivers/sercom/i2c/i2c_sam0/i2c_master.o
 .debug_macro   0x0000ea78       0xb2 src/ASF/sam0/drivers/sercom/i2c/i2c_sam0/i2c_master.o
 .debug_macro   0x0000eb2a       0x1c src/ASF/sam0/drivers/sercom/i2c/i2c_sam0/i2c_master.o
 .debug_macro   0x0000eb46       0x1c src/ASF/sam0/drivers/sercom/i2c/i2c_sam0/i2c_master.o
 .debug_macro   0x0000eb62       0x1c src/ASF/sam0/drivers/sercom/i2c/i2c_sam0/i2c_master.o
 .debug_macro   0x0000eb7e       0x7c src/ASF/sam0/drivers/sercom/i2c/i2c_sam0/i2c_master.o
 .debug_macro   0x0000ebfa      0x1c6 src/ASF/sam0/drivers/sercom/i2c/i2c_sam0/i2c_master.o
 .debug_macro   0x0000edc0       0x16 src/ASF/sam0/drivers/sercom/i2c/i2c_sam0/i2c_master.o
 .debug_macro   0x0000edd6       0xdc src/ASF/sam0/drivers/sercom/i2c/i2c_sam0/i2c_master.o
 .debug_macro   0x0000eeb2      0x12f src/ASF/sam0/drivers/sercom/i2c/i2c_sam0/i2c_master.o
 .debug_macro   0x0000efe1      0x12f src/ASF/sam0/drivers/sercom/i2c/i2c_sam0/i2c_master.o
 .debug_macro   0x0000f110      0x12f src/ASF/sam0/drivers/sercom/i2c/i2c_sam0/i2c_master.o
 .debug_macro   0x0000f23f      0x12f src/ASF/sam0/drivers/sercom/i2c/i2c_sam0/i2c_master.o
 .debug_macro   0x0000f36e      0x12f src/ASF/sam0/drivers/sercom/i2c/i2c_sam0/i2c_master.o
 .debug_macro   0x0000f49d      0x12f src/ASF/sam0/drivers/sercom/i2c/i2c_sam0/i2c_master.o
 .debug_macro   0x0000f5cc      0x11e src/ASF/sam0/drivers/sercom/i2c/i2c_sam0/i2c_master.o
 .debug_macro   0x0000f6ea       0xe2 src/ASF/sam0/drivers/sercom/i2c/i2c_sam0/i2c_master.o
 .debug_macro   0x0000f7cc       0xe2 src/ASF/sam0/drivers/sercom/i2c/i2c_sam0/i2c_master.o
 .debug_macro   0x0000f8ae       0xe2 src/ASF/sam0/drivers/sercom/i2c/i2c_sam0/i2c_master.o
 .debug_macro   0x0000f990      0x12c src/ASF/sam0/drivers/sercom/i2c/i2c_sam0/i2c_master.o
 .debug_macro   0x0000fabc      0x100 src/ASF/sam0/drivers/sercom/i2c/i2c_sam0/i2c_master.o
 .debug_macro   0x0000fbbc       0xf4 src/ASF/sam0/drivers/sercom/i2c/i2c_sam0/i2c_master.o
 .debug_macro   0x0000fcb0      0x40f src/ASF/sam0/drivers/sercom/i2c/i2c_sam0/i2c_master.o
 .debug_macro   0x000100bf       0x40 src/ASF/sam0/drivers/sercom/i2c/i2c_sam0/i2c_master.o
 .debug_macro   0x000100ff      0x345 src/ASF/sam0/drivers/sercom/i2c/i2c_sam0/i2c_master.o
 .debug_macro   0x00010444     0x174b src/ASF/sam0/drivers/sercom/i2c/i2c_sam0/i2c_master.o
 .debug_macro   0x00011b8f       0x74 src/ASF/sam0/drivers/sercom/i2c/i2c_sam0/i2c_master.o
 .debug_macro   0x00011c03       0x52 src/ASF/sam0/drivers/sercom/i2c/i2c_sam0/i2c_master.o
 .debug_macro   0x00011c55       0x35 src/ASF/sam0/drivers/sercom/i2c/i2c_sam0/i2c_master.o
 .debug_macro   0x00011c8a       0x9c src/ASF/sam0/drivers/sercom/i2c/i2c_sam0/i2c_master.o
 .debug_macro   0x00011d26       0x16 src/ASF/sam0/drivers/sercom/i2c/i2c_sam0/i2c_master.o
 .debug_macro   0x00011d3c       0x35 src/ASF/sam0/drivers/sercom/i2c/i2c_sam0/i2c_master.o
 .debug_macro   0x00011d71      0x330 src/ASF/sam0/drivers/sercom/i2c/i2c_sam0/i2c_master.o
 .debug_macro   0x000120a1       0x10 src/ASF/sam0/drivers/sercom/i2c/i2c_sam0/i2c_master.o
 .debug_macro   0x000120b1       0x52 src/ASF/sam0/drivers/sercom/i2c/i2c_sam0/i2c_master.o
 .debug_macro   0x00012103       0x16 src/ASF/sam0/drivers/sercom/i2c/i2c_sam0/i2c_master.o
 .debug_macro   0x00012119       0x43 src/ASF/sam0/drivers/sercom/i2c/i2c_sam0/i2c_master.o
 .debug_macro   0x0001215c      0x187 src/ASF/sam0/drivers/sercom/i2c/i2c_sam0/i2c_master.o
 .debug_macro   0x000122e3       0x22 src/ASF/sam0/drivers/sercom/i2c/i2c_sam0/i2c_master.o
 .debug_macro   0x00012305       0x3a src/ASF/sam0/drivers/sercom/i2c/i2c_sam0/i2c_master.o
 .debug_macro   0x0001233f       0x10 src/ASF/sam0/drivers/sercom/i2c/i2c_sam0/i2c_master.o
 .debug_macro   0x0001234f       0x40 src/ASF/sam0/drivers/sercom/i2c/i2c_sam0/i2c_master.o
 .debug_macro   0x0001238f       0x6c src/ASF/sam0/drivers/sercom/i2c/i2c_sam0/i2c_master.o
 .debug_macro   0x000123fb       0x16 src/ASF/sam0/drivers/sercom/i2c/i2c_sam0/i2c_master.o
 .debug_macro   0x00012411      0x182 src/ASF/sam0/drivers/sercom/i2c/i2c_sam0/i2c_master.o
 .debug_macro   0x00012593       0x16 src/ASF/sam0/drivers/sercom/i2c/i2c_sam0/i2c_master.o
 .debug_macro   0x000125a9       0x16 src/ASF/sam0/drivers/sercom/i2c/i2c_sam0/i2c_master.o
 .debug_macro   0x000125bf       0x29 src/ASF/sam0/drivers/sercom/i2c/i2c_sam0/i2c_master.o
 .debug_macro   0x000125e8       0x51 src/ASF/sam0/drivers/sercom/i2c/i2c_sam0/i2c_master.o
 .debug_macro   0x00012639       0x3f src/ASF/sam0/drivers/sercom/i2c/i2c_sam0/i2c_master.o
 .debug_macro   0x00012678      0x3df src/ASF/sam0/drivers/sercom/i2c/i2c_sam0/i2c_master.o
 .debug_macro   0x00012a57       0x11 src/ASF/sam0/drivers/sercom/i2c/i2c_sam0/i2c_master.o
 .debug_macro   0x00012a68       0x11 src/ASF/sam0/drivers/sercom/i2c/i2c_sam0/i2c_master.o
 .debug_macro   0x00012a79       0x2e src/ASF/sam0/drivers/sercom/i2c/i2c_sam0/i2c_master.o
 .debug_macro   0x00012aa7       0xa0 src/ASF/sam0/drivers/sercom/i2c/i2c_sam0/i2c_master.o
 .debug_macro   0x00012b47       0x10 src/ASF/sam0/drivers/sercom/i2c/i2c_sam0/i2c_master.o
 .debug_macro   0x00012b57       0x27 src/ASF/sam0/drivers/sercom/i2c/i2c_sam0/i2c_master.o
 .debug_macro   0x00012b7e      0x56b src/ASF/sam0/drivers/sercom/i2c/i2c_sam0/i2c_master_interrupt.o
 .debug_macro   0x000130e9      0x6cd src/color_sensor.o
 .debug_macro   0x000137b6       0x3a src/color_sensor.o
 .debug_macro   0x000137f0      0x6cd src/i2_master.o
 .debug_macro   0x00013ebd       0x16 src/i2_master.o
 .debug_macro   0x00013ed3      0x50f src/ASF/sam0/drivers/events/events_hooks.o
 .debug_macro   0x000143e2      0x53d src/ASF/sam0/drivers/events/events_sam_d_r/events.o
 .debug_macro   0x0001491f      0x53f src/ASF/sam0/drivers/extint/extint_sam_d_r/extint.o
 .debug_macro   0x00014e5e       0x1f src/ASF/sam0/drivers/extint/extint_sam_d_r/extint.o
 .debug_macro   0x00014e7d       0x16 src/ASF/sam0/drivers/extint/extint_sam_d_r/extint.o
 .debug_macro   0x00014e93      0x539 src/ASF/sam0/drivers/tcc/tcc_callback.o
 .debug_macro   0x000153cc      0x548 src/ASF/sam0/drivers/tc/tc_sam_d_r/tc.o
 .debug_macro   0x00015914       0x19 src/ASF/sam0/drivers/tc/tc_sam_d_r/tc.o
 .debug_macro   0x0001592d       0x51 src/ASF/sam0/drivers/tc/tc_sam_d_r/tc.o
 .debug_macro   0x0001597e      0x4bf src/ASF/sam0/utils/stdio/read.o
 .debug_macro   0x00015e3d      0x4bf src/ASF/sam0/utils/stdio/write.o
 .debug_macro   0x000162fc      0x52d src/ASF/sam0/drivers/tc/tc_interrupt.o
 .debug_macro   0x00016829      0x55e src/ASF/sam0/drivers/sercom/usart/usart.o
 .debug_macro   0x00016d87       0x51 src/ASF/sam0/drivers/sercom/usart/usart.o
 .debug_macro   0x00016dd8      0x55e src/ASF/sam0/drivers/sercom/usart/usart_interrupt.o
 .debug_macro   0x00017336      0x4e4 src/ASF/sam0/drivers/extint/extint_callback.o
 .debug_macro   0x0001781a      0x4fa src/ASF/common2/services/delay/sam0/systick_counter.o
 .debug_macro   0x00017d14      0x54d src/ASF/sam0/drivers/sercom/sercom.o
 .debug_macro   0x00018261      0x54a src/ASF/sam0/drivers/sercom/sercom_interrupt.o
 .debug_macro   0x000187ab      0x4bf src/ASF/common/utils/interrupt/interrupt_sam_nvic.o
 .debug_macro   0x00018c6a      0x4fa src/ASF/sam0/boards/samr21_xplained_pro/board_init.o
 .debug_macro   0x00019164      0x4d9 src/ASF/sam0/drivers/port/port.o
 .debug_macro   0x0001963d      0x531 src/ASF/sam0/drivers/system/clock/clock_samd21_r21_da/clock.o
 .debug_macro   0x00019b6e      0x29d src/ASF/sam0/drivers/system/clock/clock_samd21_r21_da/clock.o
 .debug_macro   0x00019e0b      0x4f5 src/ASF/sam0/drivers/system/clock/clock_samd21_r21_da/gclk.o
 .debug_macro   0x0001a300      0x4d1 src/ASF/sam0/drivers/system/pinmux/pinmux.o
 .debug_macro   0x0001a7d1      0x503 src/ASF/sam0/drivers/system/system.o
 .debug_macro   0x0001acd4      0x2d1 src/ASF/sam0/utils/cmsis/samr21/source/gcc/startup_samr21.o
 .debug_macro   0x0001afa5       0x3a src/ASF/sam0/utils/cmsis/samr21/source/gcc/startup_samr21.o
 .debug_macro   0x0001afdf      0x19c src/ASF/sam0/utils/syscalls/gcc/syscalls.o
 .debug_macro   0x0001b17b       0x4c src/ASF/sam0/utils/syscalls/gcc/syscalls.o
 .debug_macro   0x0001b1c7       0x8d src/ASF/sam0/utils/syscalls/gcc/syscalls.o
 .debug_macro   0x0001b254       0x4a src/ASF/sam0/utils/syscalls/gcc/syscalls.o
 .debug_macro   0x0001b29e       0x97 src/ASF/sam0/utils/syscalls/gcc/syscalls.o
 .debug_macro   0x0001b335       0xf6 src/ASF/sam0/utils/syscalls/gcc/syscalls.o
 .debug_macro   0x0001b42b       0x52 src/ASF/sam0/utils/syscalls/gcc/syscalls.o
 .debug_macro   0x0001b47d       0x16 src/ASF/sam0/utils/syscalls/gcc/syscalls.o
 .debug_macro   0x0001b493       0x10 src/ASF/sam0/utils/syscalls/gcc/syscalls.o
 .debug_macro   0x0001b4a3       0x41 src/ASF/sam0/utils/syscalls/gcc/syscalls.o
 .debug_macro   0x0001b4e4      0x122 src/ASF/sam0/utils/syscalls/gcc/syscalls.o
 .debug_macro   0x0001b606      0x6cd src/infrared_sensor.o
 .debug_macro   0x0001bcd3       0x22 src/infrared_sensor.o
 .debug_macro   0x0001bcf5      0x6ec src/main.o

.debug_line     0x00000000    0x140b2
 .debug_line    0x00000000      0xdd5 src/ASF/sam0/drivers/sercom/i2c/i2c_sam0/i2c_master.o
 .debug_line    0x00000dd5      0xd4b src/ASF/sam0/drivers/sercom/i2c/i2c_sam0/i2c_master_interrupt.o
 .debug_line    0x00001b20     0x113d src/color_sensor.o
 .debug_line    0x00002c5d      0xeb4 src/i2_master.o
 .debug_line    0x00003b11      0xa09 src/ASF/sam0/drivers/events/events_hooks.o
 .debug_line    0x0000451a      0xc12 src/ASF/sam0/drivers/events/events_sam_d_r/events.o
 .debug_line    0x0000512c      0xbe8 src/ASF/sam0/drivers/extint/extint_sam_d_r/extint.o
 .debug_line    0x00005d14      0xa72 src/ASF/sam0/drivers/tcc/tcc_callback.o
 .debug_line    0x00006786      0xde7 src/ASF/sam0/drivers/tc/tc_sam_d_r/tc.o
 .debug_line    0x0000756d      0x86c src/ASF/sam0/utils/stdio/read.o
 .debug_line    0x00007dd9      0x862 src/ASF/sam0/utils/stdio/write.o
 .debug_line    0x0000863b      0xa36 src/ASF/sam0/drivers/tc/tc_interrupt.o
 .debug_line    0x00009071      0xcba src/ASF/sam0/drivers/sercom/usart/usart.o
 .debug_line    0x00009d2b      0xc4d src/ASF/sam0/drivers/sercom/usart/usart_interrupt.o
 .debug_line    0x0000a978      0x983 src/ASF/sam0/drivers/extint/extint_callback.o
 .debug_line    0x0000b2fb      0x982 src/ASF/common2/services/delay/sam0/systick_counter.o
 .debug_line    0x0000bc7d      0xb8a src/ASF/sam0/drivers/sercom/sercom.o
 .debug_line    0x0000c807      0xb2f src/ASF/sam0/drivers/sercom/sercom_interrupt.o
 .debug_line    0x0000d336      0x88e src/ASF/common/utils/interrupt/interrupt_sam_nvic.o
 .debug_line    0x0000dbc4      0x935 src/ASF/sam0/boards/samr21_xplained_pro/board_init.o
 .debug_line    0x0000e4f9      0x8ba src/ASF/sam0/drivers/port/port.o
 .debug_line    0x0000edb3      0xbfa src/ASF/sam0/drivers/system/clock/clock_samd21_r21_da/clock.o
 .debug_line    0x0000f9ad      0xc29 src/ASF/sam0/drivers/system/clock/clock_samd21_r21_da/gclk.o
 .debug_line    0x000105d6      0x8d9 src/ASF/sam0/drivers/system/pinmux/pinmux.o
 .debug_line    0x00010eaf      0x9a9 src/ASF/sam0/drivers/system/system.o
 .debug_line    0x00011858      0x63c src/ASF/sam0/utils/cmsis/samr21/source/gcc/startup_samr21.o
 .debug_line    0x00011e94      0x3d0 src/ASF/sam0/utils/syscalls/gcc/syscalls.o
 .debug_line    0x00012264      0xee8 src/infrared_sensor.o
 .debug_line    0x0001314c      0xf66 src/main.o

.debug_str      0x00000000    0x87260
 .debug_str     0x00000000    0x7abfe src/ASF/sam0/drivers/sercom/i2c/i2c_sam0/i2c_master.o
                              0x7b177 (size before relaxing)
 .debug_str     0x0007abfe      0x248 src/ASF/sam0/drivers/sercom/i2c/i2c_sam0/i2c_master_interrupt.o
                              0x7a298 (size before relaxing)
 .debug_str     0x0007ae46     0x4c18 src/color_sensor.o
                              0x7e591 (size before relaxing)
 .debug_str     0x0007fa5e      0x14d src/i2_master.o
                              0x7ea68 (size before relaxing)
 .debug_str     0x0007fbab      0x4c1 src/ASF/sam0/drivers/events/events_hooks.o
                              0x79a9a (size before relaxing)
 .debug_str     0x0008006c      0x2b0 src/ASF/sam0/drivers/events/events_sam_d_r/events.o
                              0x79dd9 (size before relaxing)
 .debug_str     0x0008031c      0x76f src/ASF/sam0/drivers/extint/extint_sam_d_r/extint.o
                              0x7a432 (size before relaxing)
 .debug_str     0x00080a8b      0x7ab src/ASF/sam0/drivers/tcc/tcc_callback.o
                              0x7a615 (size before relaxing)
 .debug_str     0x00081236      0x232 src/ASF/sam0/drivers/tc/tc_sam_d_r/tc.o
                              0x7a2d0 (size before relaxing)
 .debug_str     0x00081468       0x2a src/ASF/sam0/utils/stdio/read.o
                              0x78cd1 (size before relaxing)
 .debug_str     0x00081492       0x24 src/ASF/sam0/utils/stdio/write.o
                              0x78cd3 (size before relaxing)
 .debug_str     0x000814b6       0xc2 src/ASF/sam0/drivers/tc/tc_interrupt.o
                              0x79a57 (size before relaxing)
 .debug_str     0x00081578      0x854 src/ASF/sam0/drivers/sercom/usart/usart.o
                              0x7b046 (size before relaxing)
 .debug_str     0x00081dcc      0x17c src/ASF/sam0/drivers/sercom/usart/usart_interrupt.o
                              0x7a390 (size before relaxing)
 .debug_str     0x00081f48      0x131 src/ASF/sam0/drivers/extint/extint_callback.o
                              0x79541 (size before relaxing)
 .debug_str     0x00082079       0xa5 src/ASF/common2/services/delay/sam0/systick_counter.o
                              0x78f1d (size before relaxing)
 .debug_str     0x0008211e      0x2c6 src/ASF/sam0/drivers/sercom/sercom.o
                              0x7a36d (size before relaxing)
 .debug_str     0x000823e4      0x189 src/ASF/sam0/drivers/sercom/sercom_interrupt.o
                              0x7a1a8 (size before relaxing)
 .debug_str     0x0008256d       0x94 src/ASF/common/utils/interrupt/interrupt_sam_nvic.o
                              0x78d24 (size before relaxing)
 .debug_str     0x00082601       0x4a src/ASF/sam0/boards/samr21_xplained_pro/board_init.o
                              0x7b9f9 (size before relaxing)
 .debug_str     0x0008264b       0x53 src/ASF/sam0/drivers/port/port.o
                              0x79103 (size before relaxing)
 .debug_str     0x0008269e     0x2724 src/ASF/sam0/drivers/system/clock/clock_samd21_r21_da/clock.o
                              0x7bdb2 (size before relaxing)
 .debug_str     0x00084dc2      0x27d src/ASF/sam0/drivers/system/clock/clock_samd21_r21_da/gclk.o
                              0x7996a (size before relaxing)
 .debug_str     0x0008503f      0x130 src/ASF/sam0/drivers/system/pinmux/pinmux.o
                              0x7911b (size before relaxing)
 .debug_str     0x0008516f       0x47 src/ASF/sam0/drivers/system/system.o
                              0x78da9 (size before relaxing)
 .debug_str     0x000851b6      0xee7 src/ASF/sam0/utils/cmsis/samr21/source/gcc/startup_samr21.o
                              0x654b1 (size before relaxing)
 .debug_str     0x0008609d      0x734 src/ASF/sam0/utils/syscalls/gcc/syscalls.o
                               0x68ff (size before relaxing)
 .debug_str     0x000867d1       0xef src/infrared_sensor.o
                              0x7db3e (size before relaxing)
 .debug_str     0x000868c0      0x9a0 src/main.o
                              0x805a7 (size before relaxing)

.debug_frame    0x00000000     0x1da0
 .debug_frame   0x00000000      0x1f0 src/ASF/sam0/drivers/sercom/i2c/i2c_sam0/i2c_master.o
 .debug_frame   0x000001f0      0x170 src/ASF/sam0/drivers/sercom/i2c/i2c_sam0/i2c_master_interrupt.o
 .debug_frame   0x00000360      0x10c src/color_sensor.o
 .debug_frame   0x0000046c       0x2c src/i2_master.o
 .debug_frame   0x00000498       0xb8 src/ASF/sam0/drivers/events/events_hooks.o
 .debug_frame   0x00000550      0x120 src/ASF/sam0/drivers/events/events_sam_d_r/events.o
 .debug_frame   0x00000670       0xb8 src/ASF/sam0/drivers/extint/extint_sam_d_r/extint.o
 .debug_frame   0x00000728       0xd8 src/ASF/sam0/drivers/tcc/tcc_callback.o
 .debug_frame   0x00000800       0xd8 src/ASF/sam0/drivers/tc/tc_sam_d_r/tc.o
 .debug_frame   0x000008d8       0x34 src/ASF/sam0/utils/stdio/read.o
 .debug_frame   0x0000090c       0x34 src/ASF/sam0/utils/stdio/write.o
 .debug_frame   0x00000940       0x94 src/ASF/sam0/drivers/tc/tc_interrupt.o
 .debug_frame   0x000009d4       0xac src/ASF/sam0/drivers/sercom/usart/usart.o
 .debug_frame   0x00000a80      0x110 src/ASF/sam0/drivers/sercom/usart/usart_interrupt.o
 .debug_frame   0x00000b90       0x7c src/ASF/sam0/drivers/extint/extint_callback.o
 .debug_frame   0x00000c0c       0x64 src/ASF/common2/services/delay/sam0/systick_counter.o
 .debug_frame   0x00000c70       0x9c src/ASF/sam0/drivers/sercom/sercom.o
 .debug_frame   0x00000d0c       0xec src/ASF/sam0/drivers/sercom/sercom_interrupt.o
 .debug_frame   0x00000df8       0x30 src/ASF/common/utils/interrupt/interrupt_sam_nvic.o
 .debug_frame   0x00000e28       0x30 src/ASF/sam0/boards/samr21_xplained_pro/board_init.o
 .debug_frame   0x00000e58       0x44 src/ASF/sam0/drivers/port/port.o
 .debug_frame   0x00000e9c      0x164 src/ASF/sam0/drivers/system/clock/clock_samd21_r21_da/clock.o